Archive member included to satisfy reference by file (symbol)

c:/nxp/mcuxpressoide_11.3.0_5222/ide/plugins/com.nxp.mcuxpresso.tools.win32_11.3.0.202008311133/tools/bin/../lib/gcc/arm-none-eabi/9.3.1/../../../../arm-none-eabi/lib/thumb/v7e-m+fp/hard\libcr_nohost_nf.a(_cr__main.o)
                              ./startup/startup_mimxrt1011.o (__main)
c:/nxp/mcuxpressoide_11.3.0_5222/ide/plugins/com.nxp.mcuxpresso.tools.win32_11.3.0.202008311133/tools/bin/../lib/gcc/arm-none-eabi/9.3.1/../../../../arm-none-eabi/lib/thumb/v7e-m+fp/hard\libcr_c.a(memcpy.o)
                              ./utilities/fsl_str.o (memcpy)
c:/nxp/mcuxpressoide_11.3.0_5222/ide/plugins/com.nxp.mcuxpresso.tools.win32_11.3.0.202008311133/tools/bin/../lib/gcc/arm-none-eabi/9.3.1/../../../../arm-none-eabi/lib/thumb/v7e-m+fp/hard\libcr_c.a(memset.o)
                              ./utilities/fsl_debug_console.o (memset)
c:/nxp/mcuxpressoide_11.3.0_5222/ide/plugins/com.nxp.mcuxpresso.tools.win32_11.3.0.202008311133/tools/bin/../lib/gcc/arm-none-eabi/9.3.1/../../../../arm-none-eabi/lib/thumb/v7e-m+fp/hard\libcr_c.a(alloc.o)
                              ./drivers/fsl_common.o (malloc)
c:/nxp/mcuxpressoide_11.3.0_5222/ide/plugins/com.nxp.mcuxpresso.tools.win32_11.3.0.202008311133/tools/bin/../lib/gcc/arm-none-eabi/9.3.1/../../../../arm-none-eabi/lib/thumb/v7e-m+fp/hard\libcr_c.a(initio.o)
                              c:/nxp/mcuxpressoide_11.3.0_5222/ide/plugins/com.nxp.mcuxpresso.tools.win32_11.3.0.202008311133/tools/bin/../lib/gcc/arm-none-eabi/9.3.1/../../../../arm-none-eabi/lib/thumb/v7e-m+fp/hard\libcr_nohost_nf.a(_cr__main.o) (_initio)
c:/nxp/mcuxpressoide_11.3.0_5222/ide/plugins/com.nxp.mcuxpresso.tools.win32_11.3.0.202008311133/tools/bin/../lib/gcc/arm-none-eabi/9.3.1/../../../../arm-none-eabi/lib/thumb/v7e-m+fp/hard\libcr_c.a(scanf.o)
                              ./utilities/fsl_str.o (strtoul)
c:/nxp/mcuxpressoide_11.3.0_5222/ide/plugins/com.nxp.mcuxpresso.tools.win32_11.3.0.202008311133/tools/bin/../lib/gcc/arm-none-eabi/9.3.1/../../../../arm-none-eabi/lib/thumb/v7e-m+fp/hard\libcr_c.a(setvbuf.o)
                              c:/nxp/mcuxpressoide_11.3.0_5222/ide/plugins/com.nxp.mcuxpresso.tools.win32_11.3.0.202008311133/tools/bin/../lib/gcc/arm-none-eabi/9.3.1/../../../../arm-none-eabi/lib/thumb/v7e-m+fp/hard\libcr_c.a(initio.o) (setvbuf)
c:/nxp/mcuxpressoide_11.3.0_5222/ide/plugins/com.nxp.mcuxpresso.tools.win32_11.3.0.202008311133/tools/bin/../lib/gcc/arm-none-eabi/9.3.1/../../../../arm-none-eabi/lib/thumb/v7e-m+fp/hard\libcr_c.a(strlen.o)
                              ./utilities/fsl_str.o (strlen)
c:/nxp/mcuxpressoide_11.3.0_5222/ide/plugins/com.nxp.mcuxpresso.tools.win32_11.3.0.202008311133/tools/bin/../lib/gcc/arm-none-eabi/9.3.1/../../../../arm-none-eabi/lib/thumb/v7e-m+fp/hard\libcr_c.a(ungetc.o)
                              c:/nxp/mcuxpressoide_11.3.0_5222/ide/plugins/com.nxp.mcuxpresso.tools.win32_11.3.0.202008311133/tools/bin/../lib/gcc/arm-none-eabi/9.3.1/../../../../arm-none-eabi/lib/thumb/v7e-m+fp/hard\libcr_c.a(scanf.o) (ungetc)
c:/nxp/mcuxpressoide_11.3.0_5222/ide/plugins/com.nxp.mcuxpresso.tools.win32_11.3.0.202008311133/tools/bin/../lib/gcc/arm-none-eabi/9.3.1/../../../../arm-none-eabi/lib/thumb/v7e-m+fp/hard\libcr_c.a(__fillbuf.o)
                              c:/nxp/mcuxpressoide_11.3.0_5222/ide/plugins/com.nxp.mcuxpresso.tools.win32_11.3.0.202008311133/tools/bin/../lib/gcc/arm-none-eabi/9.3.1/../../../../arm-none-eabi/lib/thumb/v7e-m+fp/hard\libcr_c.a(scanf.o) (__filbuf)
c:/nxp/mcuxpressoide_11.3.0_5222/ide/plugins/com.nxp.mcuxpresso.tools.win32_11.3.0.202008311133/tools/bin/../lib/gcc/arm-none-eabi/9.3.1/../../../../arm-none-eabi/lib/thumb/v7e-m+fp/hard\libcr_c.a(__init_alloc.o)
                              c:/nxp/mcuxpressoide_11.3.0_5222/ide/plugins/com.nxp.mcuxpresso.tools.win32_11.3.0.202008311133/tools/bin/../lib/gcc/arm-none-eabi/9.3.1/../../../../arm-none-eabi/lib/thumb/v7e-m+fp/hard\libcr_c.a(alloc.o) (__heaps)
c:/nxp/mcuxpressoide_11.3.0_5222/ide/plugins/com.nxp.mcuxpresso.tools.win32_11.3.0.202008311133/tools/bin/../lib/gcc/arm-none-eabi/9.3.1/../../../../arm-none-eabi/lib/thumb/v7e-m+fp/hard\libcr_c.a(_cr_sbrk.o)
                              c:/nxp/mcuxpressoide_11.3.0_5222/ide/plugins/com.nxp.mcuxpresso.tools.win32_11.3.0.202008311133/tools/bin/../lib/gcc/arm-none-eabi/9.3.1/../../../../arm-none-eabi/lib/thumb/v7e-m+fp/hard\libcr_c.a(alloc.o) (_sbrk)
c:/nxp/mcuxpressoide_11.3.0_5222/ide/plugins/com.nxp.mcuxpresso.tools.win32_11.3.0.202008311133/tools/bin/../lib/gcc/arm-none-eabi/9.3.1/../../../../arm-none-eabi/lib/thumb/v7e-m+fp/hard\libcr_c.a(_deferredlazyseek.o)
                              c:/nxp/mcuxpressoide_11.3.0_5222/ide/plugins/com.nxp.mcuxpresso.tools.win32_11.3.0.202008311133/tools/bin/../lib/gcc/arm-none-eabi/9.3.1/../../../../arm-none-eabi/lib/thumb/v7e-m+fp/hard\libcr_c.a(__fillbuf.o) (_deferredlazyseek)
[...]
Memory Configuration

Name             Origin             Length             Attributes
BOARD_FLASH      0x60000000         0x01000000         xr
SRAM_DTC         0x20000000         0x00008000         xrw
SRAM_ITC         0x00000000         0x00008000         xrw
SRAM_OC          0x20200000         0x00010000         xrw
NCACHE_REGION    0x20210000         0x00000000         xrw
*default*        0x00000000         0xffffffff

Linker script and memory map

LOAD ./xip/evkmimxrt1010_flexspi_nor_config.o
LOAD ./xip/fsl_flexspi_nor_boot.o
LOAD ./utilities/fsl_assert.o
LOAD ./utilities/fsl_debug_console.o
LOAD ./utilities/fsl_str.o
LOAD ./startup/startup_mimxrt1011.o
LOAD ./source/semihost_hardfault.o
LOAD ./source/uart_robotic_arm.o
LOAD ./drivers/fsl_clock.o
LOAD ./drivers/fsl_common.o
LOAD ./drivers/fsl_gpio.o
LOAD ./drivers/fsl_lpuart.o
LOAD ./device/system_MIMXRT1011.o
LOAD ./component/uart/lpuart_adapter.o
LOAD ./component/serial_manager/serial_manager.o
LOAD ./component/serial_manager/serial_port_uart.o
LOAD ./component/lists/generic_list.o
LOAD ./board/board.o
LOAD ./board/clock_config.o
LOAD ./board/pin_mux.o
START GROUP
LOAD c:/nxp/mcuxpressoide_11.3.0_5222/ide/plugins/com.nxp.mcuxpresso.tools.win32_11.3.0.202008311133/tools/bin/../lib/gcc/arm-none-eabi/9.3.1/../../../../arm-none-eabi/lib/thumb/v7e-m+fp/hard\libcr_nohost_nf.a
LOAD c:/nxp/mcuxpressoide_11.3.0_5222/ide/plugins/com.nxp.mcuxpresso.tools.win32_11.3.0.202008311133/tools/bin/../lib/gcc/arm-none-eabi/9.3.1/../../../../arm-none-eabi/lib/thumb/v7e-m+fp/hard\libcr_c.a
LOAD c:/nxp/mcuxpressoide_11.3.0_5222/ide/plugins/com.nxp.mcuxpresso.tools.win32_11.3.0.202008311133/tools/bin/../lib/gcc/arm-none-eabi/9.3.1/thumb/v7e-m+fp/hard\libcr_eabihelpers.a
LOAD c:/nxp/mcuxpressoide_11.3.0_5222/ide/plugins/com.nxp.mcuxpresso.tools.win32_11.3.0.202008311133/tools/bin/../lib/gcc/arm-none-eabi/9.3.1/thumb/v7e-m+fp/hard\libgcc.a
END GROUP
                0x60000000                __base_BOARD_FLASH = 0x60000000
                0x60000000                __base_Flash = 0x60000000
                0x61000000                __top_BOARD_FLASH = 0x61000000
                0x61000000                __top_Flash = 0x61000000
                0x20000000                __base_SRAM_DTC = 0x20000000
                0x20000000                __base_RAM = 0x20000000
                0x20008000                __top_SRAM_DTC = 0x20008000
                0x20008000                __top_RAM = 0x20008000
                0x00000000                __base_SRAM_ITC = 0x0
                0x00000000                __base_RAM2 = 0x0
                0x00008000                __top_SRAM_ITC = 0x8000
                0x00008000                __top_RAM2 = 0x8000
                0x20200000                __base_SRAM_OC = 0x20200000
                0x20200000                __base_RAM3 = 0x20200000
                0x20210000                __top_SRAM_OC = 0x20210000
                0x20210000                __top_RAM3 = 0x20210000
                0x20210000                __base_NCACHE_REGION = 0x20210000
                0x20210000                __base_RAM4 = 0x20210000
                0x20210000                __top_NCACHE_REGION = 0x20210000
                0x20210000                __top_RAM4 = 0x20210000

.boot_hdr       0x60000000     0x2000
 FILL mask 0xff
                0x00000400                . = 0x400
 *fill*         0x60000000      0x400 ff
                0x60000400                __boot_hdr_start__ = ABSOLUTE (.)
 *(SORT_BY_ALIGNMENT(.boot_hdr.conf))
 .boot_hdr.conf
                0x60000400      0x200 ./xip/evkmimxrt1010_flexspi_nor_config.o
                0x60000400                qspiflash_config
                0x00001000                . = 0x1000
 *fill*         0x60000600      0xa00 ff
 *(SORT_BY_ALIGNMENT(.boot_hdr.ivt))
 .boot_hdr.ivt  0x60001000       0x20 ./xip/fsl_flexspi_nor_boot.o
                0x60001000                image_vector_table
                0x00001020                . = 0x1020
 *(SORT_BY_ALIGNMENT(.boot_hdr.boot_data))
 .boot_hdr.boot_data
                0x60001020       0x10 ./xip/fsl_flexspi_nor_boot.o
                0x60001020                boot_data
                0x00001030                . = 0x1030
 *(SORT_BY_ALIGNMENT(.boot_hdr.dcd_data))
                0x60001030                __boot_hdr_end__ = ABSOLUTE (.)
                0x00002000                . = 0x2000
 *fill*         0x60001030      0xfd0 ff

.text           0x60002000     0x420c
 FILL mask 0xff
                0x60002000                __vectors_start__ = ABSOLUTE (.)
 *(SORT_BY_ALIGNMENT(.isr_vector))
 .isr_vector    0x60002000      0x180 ./startup/startup_mimxrt1011.o
                0x60002000                g_pfnVectors
                0x60002000                __Vectors
                0x60002180                . = ALIGN (0x4)
                0x60002180                __section_table_start = .
                0x60002180                __data_section_table = .
                0x60002180        0x4 LONG 0x6000620c LOADADDR (.data)
                0x60002184        0x4 LONG 0x20000000 ADDR (.data)
                0x60002188        0x4 LONG 0x8 SIZEOF (.data)
                0x6000218c        0x4 LONG 0x6000620c LOADADDR (.data_RAM2)
                0x60002190        0x4 LONG 0x0 ADDR (.data_RAM2)
                0x60002194        0x4 LONG 0x0 SIZEOF (.data_RAM2)
                0x60002198        0x4 LONG 0x6000620c LOADADDR (.data_RAM3)
                0x6000219c        0x4 LONG 0x20200000 ADDR (.data_RAM3)
                0x600021a0        0x4 LONG 0x0 SIZEOF (.data_RAM3)
                0x600021a4        0x4 LONG 0x6000620c LOADADDR (.data_RAM4)
                0x600021a8        0x4 LONG 0x20210000 ADDR (.data_RAM4)
                0x600021ac        0x4 LONG 0x0 SIZEOF (.data_RAM4)
                0x600021b0                __data_section_table_end = .
                0x600021b0                __bss_section_table = .
                0x600021b0        0x4 LONG 0x20000008 ADDR (.bss)
                0x600021b4        0x4 LONG 0x7dc SIZEOF (.bss)
                0x600021b8        0x4 LONG 0x0 ADDR (.bss_RAM2)
                0x600021bc        0x4 LONG 0x0 SIZEOF (.bss_RAM2)
                0x600021c0        0x4 LONG 0x20200000 ADDR (.bss_RAM3)
                0x600021c4        0x4 LONG 0x0 SIZEOF (.bss_RAM3)
                0x600021c8        0x4 LONG 0x20210000 ADDR (.bss_RAM4)
                0x600021cc        0x4 LONG 0x0 SIZEOF (.bss_RAM4)
                0x600021d0                __bss_section_table_end = .
                0x600021d0                __section_table_end = .
 *(SORT_BY_ALIGNMENT(.after_vectors*))
 .after_vectors.reset
                0x600021d0       0x4c ./startup/startup_mimxrt1011.o
                0x600021d0                ResetISR
 .after_vectors.init_data
                0x6000221c       0x1e ./startup/startup_mimxrt1011.o
                0x6000221c                data_init
 .after_vectors.init_bss
                0x6000223a       0x12 ./startup/startup_mimxrt1011.o
                0x6000223a                bss_init
 .after_vectors
                0x6000224c       0x14 ./startup/startup_mimxrt1011.o
                0x6000224c                NMI_Handler
                0x60002250                MemManage_Handler
                0x60002252                BusFault_Handler
                0x60002254                UsageFault_Handler
                0x60002256                SVC_Handler
                0x60002258                DebugMon_Handler
                0x6000225a                PendSV_Handler
                0x6000225c                SysTick_Handler
                0x6000225e                DMA12_DriverIRQHandler
                0x6000225e                SPDIF_DriverIRQHandler
                0x6000225e                FLEXRAM_DriverIRQHandler
                0x6000225e                DMA0_DriverIRQHandler
                0x6000225e                PIT_DriverIRQHandler
                0x6000225e                ADC_ETC_IRQ3_DriverIRQHandler
                0x6000225e                USB_PHY_DriverIRQHandler
                0x6000225e                GPR_IRQ_DriverIRQHandler
                0x6000225e                DMA6_DriverIRQHandler
                0x6000225e                TRNG_DriverIRQHandler
                0x6000225e                SAI3_RX_DriverIRQHandler
                0x6000225e                IntDefaultHandler
                0x6000225e                DMA11_DriverIRQHandler
                0x6000225e                SRC_DriverIRQHandler
                0x6000225e                DMA10_DriverIRQHandler
                0x6000225e                EWM_DriverIRQHandler
                0x6000225e                DMA5_DriverIRQHandler
                0x6000225e                DMA4_DriverIRQHandler
                0x6000225e                WDOG1_DriverIRQHandler
                0x6000225e                CCM_2_DriverIRQHandler
                0x6000225e                ADC_ETC_IRQ2_DriverIRQHandler
                0x6000225e                GPIO1_Combined_16_31_DriverIRQHandler
                0x6000225e                SAI1_DriverIRQHandler
                0x6000225e                DCDC_DriverIRQHandler
                0x6000225e                ADC_ETC_ERROR_IRQ_DriverIRQHandler
                0x6000225e                GPIO5_Combined_0_15_DriverIRQHandler
                0x6000225e                DMA3_DriverIRQHandler
                0x6000225e                RTWDOG_DriverIRQHandler
                0x6000225e                FLEXSPI_DriverIRQHandler
                0x6000225e                GPT2_DriverIRQHandler
                0x6000225e                DMA8_DriverIRQHandler
                0x6000225e                DMA9_DriverIRQHandler
                0x6000225e                PWM1_1_DriverIRQHandler
                0x6000225e                Reserved71_DriverIRQHandler
                0x6000225e                ADC1_DriverIRQHandler
                0x6000225e                PWM1_0_DriverIRQHandler
                0x6000225e                DMA14_DriverIRQHandler
                0x6000225e                DCP_DriverIRQHandler
                0x6000225e                CTI0_ERROR_DriverIRQHandler
                0x6000225e                GPT1_DriverIRQHandler
                0x6000225e                CSU_DriverIRQHandler
                0x6000225e                CTI1_ERROR_DriverIRQHandler
                0x6000225e                GPIO1_Combined_0_15_DriverIRQHandler
                0x6000225e                LPSPI2_DriverIRQHandler
                0x6000225e                CORE_DriverIRQHandler
                0x6000225e                FLEXIO1_DriverIRQHandler
                0x6000225e                SNVS_HP_WRAPPER_TZ_DriverIRQHandler
                0x6000225e                PWM1_FAULT_DriverIRQHandler
                0x6000225e                DMA1_DriverIRQHandler
                0x6000225e                LPI2C1_DriverIRQHandler
                0x6000225e                SNVS_HP_WRAPPER_DriverIRQHandler
                0x6000225e                ADC_ETC_IRQ1_DriverIRQHandler
                0x6000225e                LPSPI1_DriverIRQHandler
                0x6000225e                DMA13_DriverIRQHandler
                0x6000225e                DCP_VMI_DriverIRQHandler
                0x6000225e                DMA15_DriverIRQHandler
                0x6000225e                GPC_DriverIRQHandler
                0x6000225e                GPIO2_Combined_0_15_DriverIRQHandler
                0x6000225e                PWM1_2_DriverIRQHandler
                0x6000225e                USB_OTG1_DriverIRQHandler
                0x6000225e                TEMP_LOW_HIGH_DriverIRQHandler
                0x6000225e                SAI3_TX_DriverIRQHandler
                0x6000225e                WDOG2_DriverIRQHandler
                0x6000225e                Reserved68_DriverIRQHandler
                0x6000225e                PMU_DriverIRQHandler
                0x6000225e                CCM_1_DriverIRQHandler
                0x6000225e                TEMP_PANIC_DriverIRQHandler
                0x6000225e                KPP_DriverIRQHandler
                0x6000225e                DMA2_DriverIRQHandler
                0x6000225e                PWM1_3_DriverIRQHandler
                0x6000225e                Reserved70_DriverIRQHandler
                0x6000225e                LPI2C2_DriverIRQHandler
                0x6000225e                DMA_ERROR_DriverIRQHandler
                0x6000225e                ADC_ETC_IRQ0_DriverIRQHandler
                0x6000225e                DMA7_DriverIRQHandler
                0x6000225e                XBAR1_IRQ_0_1_2_3_DriverIRQHandler
                0x6000225e                SNVS_LP_WRAPPER_DriverIRQHandler
 *(SORT_BY_ALIGNMENT(.text*))
 .text.__assertion_failed
                0x60002260       0x18 ./utilities/fsl_assert.o
                0x60002260                __assertion_failed
 .text.DbgConsole_SendDataReliable
                0x60002278       0x64 ./utilities/fsl_debug_console.o
                0x60002278                DbgConsole_SendDataReliable
 .text.DbgConsole_Printf
                0x600022dc       0x78 ./utilities/fsl_debug_console.o
                0x600022dc                DbgConsole_Printf
 .text.__NVIC_EnableIRQ
                0x60002354       0x3c ./source/uart_robotic_arm.o
 .text.LPUART1_IRQHandler
                0x60002390       0x80 ./source/uart_robotic_arm.o
                0x60002390                LPUART1_IRQHandler
 .text.initSeq_ARM
                0x60002410       0x98 ./source/uart_robotic_arm.o
                0x60002410                initSeq_ARM
 .text.mapper_for_ARM
                0x600024a8      0x368 ./source/uart_robotic_arm.o
                0x600024a8                mapper_for_ARM
 .text.convert_pos_toString
                0x60002810       0xe0 ./source/uart_robotic_arm.o
                0x60002810                convert_pos_toString
 .text.save_sequence_dataStore
                0x600028f0       0x6c ./source/uart_robotic_arm.o
                0x600028f0                save_sequence_dataStore
 .text.main     0x6000295c      0x204 ./source/uart_robotic_arm.o
                0x6000295c                main
 .text.CLOCK_GetOscFreq
                0x60002b60       0x30 ./drivers/fsl_clock.o
 .text.CLOCK_InitExternalClk
                0x60002b90       0x6c ./drivers/fsl_clock.o
                0x60002b90                CLOCK_InitExternalClk
 .text.CLOCK_SwitchOsc
                0x60002bfc       0x34 ./drivers/fsl_clock.o
                0x60002bfc                CLOCK_SwitchOsc
 .text.CLOCK_InitRcOsc24M
                0x60002c30       0x24 ./drivers/fsl_clock.o
                0x60002c30                CLOCK_InitRcOsc24M
 .text.CLOCK_InitSysPll
                0x60002c54       0x9c ./drivers/fsl_clock.o
                0x60002c54                CLOCK_InitSysPll
 .text.CLOCK_DeinitAudioPll
                0x60002cf0       0x1c ./drivers/fsl_clock.o
                0x60002cf0                CLOCK_DeinitAudioPll
 .text.CLOCK_InitEnetPll
                0x60002d0c       0x7c ./drivers/fsl_clock.o
                0x60002d0c                CLOCK_InitEnetPll
 .text.CLOCK_GetPllFreq
                0x60002d88      0x1e8 ./drivers/fsl_clock.o
                0x60002d88                CLOCK_GetPllFreq
 .text.CLOCK_InitSysPfd
                0x60002f70       0x64 ./drivers/fsl_clock.o
                0x60002f70                CLOCK_InitSysPfd
 .text.CLOCK_ControlGate
                0x60002fd4       0x64 ./drivers/fsl_lpuart.o
 .text.LPUART_GetInstance
                0x60003038       0x4c ./drivers/fsl_lpuart.o
                0x60003038                LPUART_GetInstance
 .text.LPUART_Init
                0x60003084      0x310 ./drivers/fsl_lpuart.o
                0x60003084                LPUART_Init
 .text.LPUART_GetDefaultConfig
                0x60003394       0x88 ./drivers/fsl_lpuart.o
                0x60003394                LPUART_GetDefaultConfig
 .text.LPUART_WriteBlocking
                0x6000341c       0x68 ./drivers/fsl_lpuart.o
                0x6000341c                LPUART_WriteBlocking
 .text.LPUART2_DriverIRQHandler
                0x60003484       0x28 ./drivers/fsl_lpuart.o
                0x60003484                LPUART2_DriverIRQHandler
 .text.LPUART3_DriverIRQHandler
                0x600034ac       0x28 ./drivers/fsl_lpuart.o
                0x600034ac                LPUART3_DriverIRQHandler
 .text.LPUART4_DriverIRQHandler
                0x600034d4       0x28 ./drivers/fsl_lpuart.o
                0x600034d4                LPUART4_DriverIRQHandler
 .text.SystemInit
                0x600034fc      0x1b8 ./device/system_MIMXRT1011.o
                0x600034fc                SystemInit
 .text.HAL_UartSendBlocking
                0x600036b4       0x64 ./component/uart/lpuart_adapter.o
                0x600036b4                HAL_UartSendBlocking
 .text.SerialManager_Write
                0x60003718       0x6c ./component/serial_manager/serial_manager.o
 .text.Serial_UartWrite
                0x60003784       0x58 ./component/serial_manager/serial_port_uart.o
                0x60003784                Serial_UartWrite
 .text.ARM_MPU_Enable
                0x600037dc       0x40 ./board/board.o
 .text.ARM_MPU_Disable
                0x6000381c       0x34 ./board/board.o
 .text.CLOCK_GetMux
                0x60003850       0x44 ./board/board.o
 .text.CLOCK_GetDiv
                0x60003894       0x44 ./board/board.o
 .text.CLOCK_GetOscFreq
                0x600038d8       0x30 ./board/board.o
 .text.BOARD_DebugConsoleSrcFreq
                0x60003908       0x64 ./board/board.o
                0x60003908                BOARD_DebugConsoleSrcFreq
 .text.BOARD_ConfigMPU
                0x6000396c      0x2e4 ./board/board.o
                0x6000396c                BOARD_ConfigMPU
 .text.SystemInitHook
                0x60003c50       0x20 ./board/board.o
                0x60003c50                SystemInitHook
 .text.CLOCK_SetMux
                0x60003c70       0x9c ./board/clock_config.o
 .text.CLOCK_SetDiv
                0x60003d0c       0x9c ./board/clock_config.o
 .text.CLOCK_ControlGate
                0x60003da8       0x64 ./board/clock_config.o
 .text.CLOCK_SetXtalFreq
                0x60003e0c       0x20 ./board/clock_config.o
 .text.CLOCK_SetRtcXtalFreq
                0x60003e2c       0x20 ./board/clock_config.o
 .text.IOMUXC_MQSConfig
                0x60003e4c       0x44 ./board/clock_config.o
 .text.BOARD_BootClockRUN
                0x60003e90      0x3c0 ./board/clock_config.o
                0x60003e90                BOARD_BootClockRUN
 .text.CLOCK_ControlGate
                0x60004250       0x64 ./board/pin_mux.o
 .text.BOARD_InitPins
                0x600042b4       0x80 ./board/pin_mux.o
                0x600042b4                BOARD_InitPins
 .text._initio  0x60004334       0x78 c:/nxp/mcuxpressoide_11.3.0_5222/ide/plugins/com.nxp.mcuxpresso.tools.win32_11.3.0.202008311133/tools/bin/../lib/gcc/arm-none-eabi/9.3.1/../../../../arm-none-eabi/lib/thumb/v7e-m+fp/hard\libcr_c.a(initio.o)
                0x60004334                _initio
 .text._Cwritebuf
                0x600043ac       0x6c c:/nxp/mcuxpressoide_11.3.0_5222/ide/plugins/com.nxp.mcuxpresso.tools.win32_11.3.0.202008311133/tools/bin/../lib/gcc/arm-none-eabi/9.3.1/../../../../arm-none-eabi/lib/thumb/v7e-m+fp/hard\libcr_c.a(_writebuf.o)
                0x600043ac                _Cwritebuf
 .text.fflush   0x60004418       0x44 c:/nxp/mcuxpressoide_11.3.0_5222/ide/plugins/com.nxp.mcuxpresso.tools.win32_11.3.0.202008311133/tools/bin/../lib/gcc/arm-none-eabi/9.3.1/../../../../arm-none-eabi/lib/thumb/v7e-m+fp/hard\libcr_c.a(fflush.o)
                0x60004418                fflush
 .text.fseek    0x6000445c      0x100 c:/nxp/mcuxpressoide_11.3.0_5222/ide/plugins/com.nxp.mcuxpresso.tools.win32_11.3.0.202008311133/tools/bin/../lib/gcc/arm-none-eabi/9.3.1/../../../../arm-none-eabi/lib/thumb/v7e-m+fp/hard\libcr_c.a(fseek.o)
                0x6000445c                fseek
 .text.ftell    0x6000455c       0x44 c:/nxp/mcuxpressoide_11.3.0_5222/ide/plugins/com.nxp.mcuxpresso.tools.win32_11.3.0.202008311133/tools/bin/../lib/gcc/arm-none-eabi/9.3.1/../../../../arm-none-eabi/lib/thumb/v7e-m+fp/hard\libcr_c.a(ftell.o)
                0x6000455c                ftell
 .text.DbgConsole_PrintCallback
                0x600045a0       0x66 ./utilities/fsl_debug_console.o
 .text.PrintGetWidth
                0x60004606       0x6a ./utilities/fsl_str.o
 .text.PrintGetPrecision
                0x60004670       0x8c ./utilities/fsl_str.o
 .text.PrintIsobpu
                0x600046fc       0x38 ./utilities/fsl_str.o
 .text.PrintIsdi
                0x60004734       0x2c ./utilities/fsl_str.o
 .text.PrintOutputdifFobpu
                0x60004760       0x44 ./utilities/fsl_str.o
 .text.PrintOutputxX
                0x600047a4       0x44 ./utilities/fsl_str.o
 .text.PrintIsfF
                0x600047e8       0x2c ./utilities/fsl_str.o
 .text.PrintIsxX
                0x60004814       0x2c ./utilities/fsl_str.o
 .text.PrintGetRadixFromobpu
                0x60004840       0x40 ./utilities/fsl_str.o
 .text.ConvertRadixNumToString
                0x60004880      0x118 ./utilities/fsl_str.o
 .text.StrFormatPrintf
                0x60004998      0x286 ./utilities/fsl_str.o
                0x60004998                StrFormatPrintf
 .text.DMA0_IRQHandler
                0x60004c1e        0x8 ./startup/startup_mimxrt1011.o
                0x60004c1e                DMA0_IRQHandler
 .text.DMA1_IRQHandler
                0x60004c26        0x8 ./startup/startup_mimxrt1011.o
                0x60004c26                DMA1_IRQHandler
 .text.DMA2_IRQHandler
                0x60004c2e        0x8 ./startup/startup_mimxrt1011.o
                0x60004c2e                DMA2_IRQHandler
 .text.DMA3_IRQHandler
                0x60004c36        0x8 ./startup/startup_mimxrt1011.o
                0x60004c36                DMA3_IRQHandler
 .text.DMA4_IRQHandler
                0x60004c3e        0x8 ./startup/startup_mimxrt1011.o
                0x60004c3e                DMA4_IRQHandler
 .text.DMA5_IRQHandler
                0x60004c46        0x8 ./startup/startup_mimxrt1011.o
                0x60004c46                DMA5_IRQHandler
 .text.DMA6_IRQHandler
                0x60004c4e        0x8 ./startup/startup_mimxrt1011.o
                0x60004c4e                DMA6_IRQHandler
 .text.DMA7_IRQHandler
                0x60004c56        0x8 ./startup/startup_mimxrt1011.o
                0x60004c56                DMA7_IRQHandler
 .text.DMA8_IRQHandler
                0x60004c5e        0x8 ./startup/startup_mimxrt1011.o
                0x60004c5e                DMA8_IRQHandler
 .text.DMA9_IRQHandler
                0x60004c66        0x8 ./startup/startup_mimxrt1011.o
                0x60004c66                DMA9_IRQHandler
 .text.DMA10_IRQHandler
                0x60004c6e        0x8 ./startup/startup_mimxrt1011.o
                0x60004c6e                DMA10_IRQHandler
 .text.DMA11_IRQHandler
                0x60004c76        0x8 ./startup/startup_mimxrt1011.o
                0x60004c76                DMA11_IRQHandler
 .text.DMA12_IRQHandler
                0x60004c7e        0x8 ./startup/startup_mimxrt1011.o
                0x60004c7e                DMA12_IRQHandler
 .text.DMA13_IRQHandler
                0x60004c86        0x8 ./startup/startup_mimxrt1011.o
                0x60004c86                DMA13_IRQHandler
 .text.DMA14_IRQHandler
                0x60004c8e        0x8 ./startup/startup_mimxrt1011.o
                0x60004c8e                DMA14_IRQHandler
 .text.DMA15_IRQHandler
                0x60004c96        0x8 ./startup/startup_mimxrt1011.o
                0x60004c96                DMA15_IRQHandler
 .text.DMA_ERROR_IRQHandler
                0x60004c9e        0x8 ./startup/startup_mimxrt1011.o
                0x60004c9e                DMA_ERROR_IRQHandler
 .text.CTI0_ERROR_IRQHandler
                0x60004ca6        0x8 ./startup/startup_mimxrt1011.o
                0x60004ca6                CTI0_ERROR_IRQHandler
 .text.CTI1_ERROR_IRQHandler
                0x60004cae        0x8 ./startup/startup_mimxrt1011.o
                0x60004cae                CTI1_ERROR_IRQHandler
 .text.CORE_IRQHandler
                0x60004cb6        0x8 ./startup/startup_mimxrt1011.o
                0x60004cb6                CORE_IRQHandler
 .text.LPUART2_IRQHandler
                0x60004cbe        0x8 ./startup/startup_mimxrt1011.o
                0x60004cbe                LPUART2_IRQHandler
 .text.LPUART3_IRQHandler
                0x60004cc6        0x8 ./startup/startup_mimxrt1011.o
                0x60004cc6                LPUART3_IRQHandler
 .text.LPUART4_IRQHandler
                0x60004cce        0x8 ./startup/startup_mimxrt1011.o
                0x60004cce                LPUART4_IRQHandler
 .text.PIT_IRQHandler
                0x60004cd6        0x8 ./startup/startup_mimxrt1011.o
                0x60004cd6                PIT_IRQHandler
 .text.USB_OTG1_IRQHandler
                0x60004cde        0x8 ./startup/startup_mimxrt1011.o
                0x60004cde                USB_OTG1_IRQHandler
 .text.FLEXSPI_IRQHandler
                0x60004ce6        0x8 ./startup/startup_mimxrt1011.o
                0x60004ce6                FLEXSPI_IRQHandler
 .text.FLEXRAM_IRQHandler
                0x60004cee        0x8 ./startup/startup_mimxrt1011.o
                0x60004cee                FLEXRAM_IRQHandler
 .text.LPI2C1_IRQHandler
                0x60004cf6        0x8 ./startup/startup_mimxrt1011.o
                0x60004cf6                LPI2C1_IRQHandler
 .text.LPI2C2_IRQHandler
                0x60004cfe        0x8 ./startup/startup_mimxrt1011.o
                0x60004cfe                LPI2C2_IRQHandler
 .text.GPT1_IRQHandler
                0x60004d06        0x8 ./startup/startup_mimxrt1011.o
                0x60004d06                GPT1_IRQHandler
 .text.GPT2_IRQHandler
                0x60004d0e        0x8 ./startup/startup_mimxrt1011.o
                0x60004d0e                GPT2_IRQHandler
 .text.LPSPI1_IRQHandler
                0x60004d16        0x8 ./startup/startup_mimxrt1011.o
                0x60004d16                LPSPI1_IRQHandler
 .text.LPSPI2_IRQHandler
                0x60004d1e        0x8 ./startup/startup_mimxrt1011.o
                0x60004d1e                LPSPI2_IRQHandler
 .text.PWM1_0_IRQHandler
                0x60004d26        0x8 ./startup/startup_mimxrt1011.o
                0x60004d26                PWM1_0_IRQHandler
 .text.PWM1_1_IRQHandler
                0x60004d2e        0x8 ./startup/startup_mimxrt1011.o
                0x60004d2e                PWM1_1_IRQHandler
 .text.PWM1_2_IRQHandler
                0x60004d36        0x8 ./startup/startup_mimxrt1011.o
                0x60004d36                PWM1_2_IRQHandler
 .text.PWM1_3_IRQHandler
                0x60004d3e        0x8 ./startup/startup_mimxrt1011.o
                0x60004d3e                PWM1_3_IRQHandler
 .text.PWM1_FAULT_IRQHandler
                0x60004d46        0x8 ./startup/startup_mimxrt1011.o
                0x60004d46                PWM1_FAULT_IRQHandler
 .text.KPP_IRQHandler
                0x60004d4e        0x8 ./startup/startup_mimxrt1011.o
                0x60004d4e                KPP_IRQHandler
 .text.SRC_IRQHandler
                0x60004d56        0x8 ./startup/startup_mimxrt1011.o
                0x60004d56                SRC_IRQHandler
 .text.GPR_IRQ_IRQHandler
                0x60004d5e        0x8 ./startup/startup_mimxrt1011.o
                0x60004d5e                GPR_IRQ_IRQHandler
 .text.CCM_1_IRQHandler
                0x60004d66        0x8 ./startup/startup_mimxrt1011.o
                0x60004d66                CCM_1_IRQHandler
 .text.CCM_2_IRQHandler
                0x60004d6e        0x8 ./startup/startup_mimxrt1011.o
                0x60004d6e                CCM_2_IRQHandler
 .text.EWM_IRQHandler
                0x60004d76        0x8 ./startup/startup_mimxrt1011.o
                0x60004d76                EWM_IRQHandler
 .text.WDOG2_IRQHandler
                0x60004d7e        0x8 ./startup/startup_mimxrt1011.o
                0x60004d7e                WDOG2_IRQHandler
 .text.SNVS_HP_WRAPPER_IRQHandler
                0x60004d86        0x8 ./startup/startup_mimxrt1011.o
                0x60004d86                SNVS_HP_WRAPPER_IRQHandler
 .text.SNVS_HP_WRAPPER_TZ_IRQHandler
                0x60004d8e        0x8 ./startup/startup_mimxrt1011.o
                0x60004d8e                SNVS_HP_WRAPPER_TZ_IRQHandler
 .text.SNVS_LP_WRAPPER_IRQHandler
                0x60004d96        0x8 ./startup/startup_mimxrt1011.o
                0x60004d96                SNVS_LP_WRAPPER_IRQHandler
 .text.CSU_IRQHandler
                0x60004d9e        0x8 ./startup/startup_mimxrt1011.o
                0x60004d9e                CSU_IRQHandler
 .text.DCP_IRQHandler
                0x60004da6        0x8 ./startup/startup_mimxrt1011.o
                0x60004da6                DCP_IRQHandler
 .text.DCP_VMI_IRQHandler
                0x60004dae        0x8 ./startup/startup_mimxrt1011.o
                0x60004dae                DCP_VMI_IRQHandler
 .text.Reserved68_IRQHandler
                0x60004db6        0x8 ./startup/startup_mimxrt1011.o
                0x60004db6                Reserved68_IRQHandler
 .text.TRNG_IRQHandler
                0x60004dbe        0x8 ./startup/startup_mimxrt1011.o
                0x60004dbe                TRNG_IRQHandler
 .text.Reserved70_IRQHandler
                0x60004dc6        0x8 ./startup/startup_mimxrt1011.o
                0x60004dc6                Reserved70_IRQHandler
 .text.Reserved71_IRQHandler
                0x60004dce        0x8 ./startup/startup_mimxrt1011.o
                0x60004dce                Reserved71_IRQHandler
 .text.SAI1_IRQHandler
                0x60004dd6        0x8 ./startup/startup_mimxrt1011.o
                0x60004dd6                SAI1_IRQHandler
 .text.RTWDOG_IRQHandler
                0x60004dde        0x8 ./startup/startup_mimxrt1011.o
                0x60004dde                RTWDOG_IRQHandler
 .text.SAI3_RX_IRQHandler
                0x60004de6        0x8 ./startup/startup_mimxrt1011.o
                0x60004de6                SAI3_RX_IRQHandler
 .text.SAI3_TX_IRQHandler
                0x60004dee        0x8 ./startup/startup_mimxrt1011.o
                0x60004dee                SAI3_TX_IRQHandler
 .text.SPDIF_IRQHandler
                0x60004df6        0x8 ./startup/startup_mimxrt1011.o
                0x60004df6                SPDIF_IRQHandler
 .text.PMU_IRQHandler
                0x60004dfe        0x8 ./startup/startup_mimxrt1011.o
                0x60004dfe                PMU_IRQHandler
 .text.XBAR1_IRQ_0_1_2_3_IRQHandler
                0x60004e06        0x8 ./startup/startup_mimxrt1011.o
                0x60004e06                XBAR1_IRQ_0_1_2_3_IRQHandler
 .text.TEMP_LOW_HIGH_IRQHandler
                0x60004e0e        0x8 ./startup/startup_mimxrt1011.o
                0x60004e0e                TEMP_LOW_HIGH_IRQHandler
 .text.TEMP_PANIC_IRQHandler
                0x60004e16        0x8 ./startup/startup_mimxrt1011.o
                0x60004e16                TEMP_PANIC_IRQHandler
 .text.USB_PHY_IRQHandler
                0x60004e1e        0x8 ./startup/startup_mimxrt1011.o
                0x60004e1e                USB_PHY_IRQHandler
 .text.GPC_IRQHandler
                0x60004e26        0x8 ./startup/startup_mimxrt1011.o
                0x60004e26                GPC_IRQHandler
 .text.ADC1_IRQHandler
                0x60004e2e        0x8 ./startup/startup_mimxrt1011.o
                0x60004e2e                ADC1_IRQHandler
 .text.FLEXIO1_IRQHandler
                0x60004e36        0x8 ./startup/startup_mimxrt1011.o
                0x60004e36                FLEXIO1_IRQHandler
 .text.DCDC_IRQHandler
                0x60004e3e        0x8 ./startup/startup_mimxrt1011.o
                0x60004e3e                DCDC_IRQHandler
 .text.GPIO1_Combined_0_15_IRQHandler
                0x60004e46        0x8 ./startup/startup_mimxrt1011.o
                0x60004e46                GPIO1_Combined_0_15_IRQHandler
 .text.GPIO1_Combined_16_31_IRQHandler
                0x60004e4e        0x8 ./startup/startup_mimxrt1011.o
                0x60004e4e                GPIO1_Combined_16_31_IRQHandler
 .text.GPIO2_Combined_0_15_IRQHandler
                0x60004e56        0x8 ./startup/startup_mimxrt1011.o
                0x60004e56                GPIO2_Combined_0_15_IRQHandler
 .text.GPIO5_Combined_0_15_IRQHandler
                0x60004e5e        0x8 ./startup/startup_mimxrt1011.o
                0x60004e5e                GPIO5_Combined_0_15_IRQHandler
 .text.WDOG1_IRQHandler
                0x60004e66        0x8 ./startup/startup_mimxrt1011.o
                0x60004e66                WDOG1_IRQHandler
 .text.ADC_ETC_IRQ0_IRQHandler
                0x60004e6e        0x8 ./startup/startup_mimxrt1011.o
                0x60004e6e                ADC_ETC_IRQ0_IRQHandler
 .text.ADC_ETC_IRQ1_IRQHandler
                0x60004e76        0x8 ./startup/startup_mimxrt1011.o
                0x60004e76                ADC_ETC_IRQ1_IRQHandler
 .text.ADC_ETC_IRQ2_IRQHandler
                0x60004e7e        0x8 ./startup/startup_mimxrt1011.o
                0x60004e7e                ADC_ETC_IRQ2_IRQHandler
 .text.ADC_ETC_IRQ3_IRQHandler
                0x60004e86        0x8 ./startup/startup_mimxrt1011.o
                0x60004e86                ADC_ETC_IRQ3_IRQHandler
 .text.ADC_ETC_ERROR_IRQ_IRQHandler
                0x60004e8e        0x8 ./startup/startup_mimxrt1011.o
                0x60004e8e                ADC_ETC_ERROR_IRQ_IRQHandler
 .text.HardFault_Handler
                0x60004e96       0x2c ./source/semihost_hardfault.o
                0x60004e96                HardFault_Handler
 .text.EnableIRQ
                0x60004ec2       0x2c ./source/uart_robotic_arm.o
 .text.LPUART_WriteByte
                0x60004eee       0x1e ./source/uart_robotic_arm.o
 .text.LPUART_ReadByte
                0x60004f0c       0x6e ./source/uart_robotic_arm.o
 .text.CLOCK_IsPllBypassed
                0x60004f7a       0x32 ./drivers/fsl_clock.o
 .text.CLOCK_IsPllEnabled
                0x60004fac       0x3c ./drivers/fsl_clock.o
 .text.CLOCK_GetPllBypassRefClk
                0x60004fe8       0x34 ./drivers/fsl_clock.o
 .text.CLOCK_EnableClock
                0x6000501c       0x1e ./drivers/fsl_lpuart.o
 .text.LPUART_SoftwareReset
                0x6000503a       0x2c ./drivers/fsl_lpuart.o
 .text.LPUART_EnableInterrupts
                0x60005066       0x52 ./drivers/fsl_lpuart.o
                0x60005066                LPUART_EnableInterrupts
 .text.LPUART_GetStatusFlags
                0x600050b8       0x2c ./drivers/fsl_lpuart.o
                0x600050b8                LPUART_GetStatusFlags
 .text.SerialManager_StartWriting
                0x600050e4       0x38 ./component/serial_manager/serial_manager.o
 .text.SerialManager_WriteBlocking
                0x6000511c       0x20 ./component/serial_manager/serial_manager.o
                0x6000511c                SerialManager_WriteBlocking
 .text.CLOCK_DisableClock
                0x6000513c       0x1e ./board/clock_config.o
 .text.CLOCK_SetPllBypass
                0x6000515a       0x4e ./board/clock_config.o
 .text.IOMUXC_SetSaiMClkClockSource
                0x600051a8       0x6c ./board/clock_config.o
 .text.CLOCK_EnableClock
                0x60005214       0x1e ./board/pin_mux.o
 .text.IOMUXC_SetPinMux
                0x60005232       0x3a ./board/pin_mux.o
 .text.IOMUXC_SetPinConfig
                0x6000526c       0x26 ./board/pin_mux.o
 .text.__main   0x60005292        0xe c:/nxp/mcuxpressoide_11.3.0_5222/ide/plugins/com.nxp.mcuxpresso.tools.win32_11.3.0.202008311133/tools/bin/../lib/gcc/arm-none-eabi/9.3.1/../../../../arm-none-eabi/lib/thumb/v7e-m+fp/hard\libcr_nohost_nf.a(_cr__main.o)
                0x60005292                __main
 .text.memset   0x600052a0        0x4 c:/nxp/mcuxpressoide_11.3.0_5222/ide/plugins/com.nxp.mcuxpresso.tools.win32_11.3.0.202008311133/tools/bin/../lib/gcc/arm-none-eabi/9.3.1/../../../../arm-none-eabi/lib/thumb/v7e-m+fp/hard\libcr_c.a(memset.o)
                0x600052a0                memset
 .text.free     0x600052a4       0x30 c:/nxp/mcuxpressoide_11.3.0_5222/ide/plugins/com.nxp.mcuxpresso.tools.win32_11.3.0.202008311133/tools/bin/../lib/gcc/arm-none-eabi/9.3.1/../../../../arm-none-eabi/lib/thumb/v7e-m+fp/hard\libcr_c.a(alloc.o)
                0x600052a4                free
 .text.setvbuf  0x600052d4       0x3e c:/nxp/mcuxpressoide_11.3.0_5222/ide/plugins/com.nxp.mcuxpresso.tools.win32_11.3.0.202008311133/tools/bin/../lib/gcc/arm-none-eabi/9.3.1/../../../../arm-none-eabi/lib/thumb/v7e-m+fp/hard\libcr_c.a(setvbuf.o)
                0x600052d4                setvbuf
 .text.strlen   0x60005312       0x4c c:/nxp/mcuxpressoide_11.3.0_5222/ide/plugins/com.nxp.mcuxpresso.tools.win32_11.3.0.202008311133/tools/bin/../lib/gcc/arm-none-eabi/9.3.1/../../../../arm-none-eabi/lib/thumb/v7e-m+fp/hard\libcr_c.a(strlen.o)
                0x60005312                strlen
 .text._deferredlazyseek
                0x6000535e       0x40 c:/nxp/mcuxpressoide_11.3.0_5222/ide/plugins/com.nxp.mcuxpresso.tools.win32_11.3.0.202008311133/tools/bin/../lib/gcc/arm-none-eabi/9.3.1/../../../../arm-none-eabi/lib/thumb/v7e-m+fp/hard\libcr_c.a(_deferredlazyseek.o)
                0x6000535e                _deferredlazyseek
 .text._fdopen  0x6000539e       0x68 c:/nxp/mcuxpressoide_11.3.0_5222/ide/plugins/com.nxp.mcuxpresso.tools.win32_11.3.0.202008311133/tools/bin/../lib/gcc/arm-none-eabi/9.3.1/../../../../arm-none-eabi/lib/thumb/v7e-m+fp/hard\libcr_c.a(_fdopen.o)
                0x6000539e                _fdopen
 .text._fflush  0x60005406       0x52 c:/nxp/mcuxpressoide_11.3.0_5222/ide/plugins/com.nxp.mcuxpresso.tools.win32_11.3.0.202008311133/tools/bin/../lib/gcc/arm-none-eabi/9.3.1/../../../../arm-none-eabi/lib/thumb/v7e-m+fp/hard\libcr_c.a(_fflush.o)
                0x60005406                _fflush
 .text.fclose   0x60005458       0x58 c:/nxp/mcuxpressoide_11.3.0_5222/ide/plugins/com.nxp.mcuxpresso.tools.win32_11.3.0.202008311133/tools/bin/../lib/gcc/arm-none-eabi/9.3.1/../../../../arm-none-eabi/lib/thumb/v7e-m+fp/hard\libcr_c.a(fclose.o)
                0x60005458                fclose
 .text.remove   0x600054b0       0x14 c:/nxp/mcuxpressoide_11.3.0_5222/ide/plugins/com.nxp.mcuxpresso.tools.win32_11.3.0.202008311133/tools/bin/../lib/gcc/arm-none-eabi/9.3.1/../../../../arm-none-eabi/lib/thumb/v7e-m+fp/hard\libcr_c.a(remove.o)
                0x600054b0                remove
 .text._do_fflush
                0x600054c4       0x40 c:/nxp/mcuxpressoide_11.3.0_5222/ide/plugins/com.nxp.mcuxpresso.tools.win32_11.3.0.202008311133/tools/bin/../lib/gcc/arm-none-eabi/9.3.1/../../../../arm-none-eabi/lib/thumb/v7e-m+fp/hard\libcr_c.a(_do_fflush.o)
                0x600054c4                _do_fflush
 .text.__aeabi_division_uldivmod
                0x60005504      0x174 c:/nxp/mcuxpressoide_11.3.0_5222/ide/plugins/com.nxp.mcuxpresso.tools.win32_11.3.0.202008311133/tools/bin/../lib/gcc/arm-none-eabi/9.3.1/thumb/v7e-m+fp/hard\libcr_eabihelpers.a(division_64.o)
                0x60005504                __aeabi_uldivmod
                0x60005508                __bhs_ldivmod1
 .text.__aeabi_division_idiv0
                0x60005678        0x2 c:/nxp/mcuxpressoide_11.3.0_5222/ide/plugins/com.nxp.mcuxpresso.tools.win32_11.3.0.202008311133/tools/bin/../lib/gcc/arm-none-eabi/9.3.1/thumb/v7e-m+fp/hard\libcr_eabihelpers.a(division_idiv0.o)
                0x60005678                __aeabi_idiv0
 .text.__aeabi_memset_lowlevel
                0x6000567a       0x32 c:/nxp/mcuxpressoide_11.3.0_5222/ide/plugins/com.nxp.mcuxpresso.tools.win32_11.3.0.202008311133/tools/bin/../lib/gcc/arm-none-eabi/9.3.1/thumb/v7e-m+fp/hard\libcr_eabihelpers.a(memcpy.o)
                0x6000567a                __aeabi_lowlevel_memset
 .text.__sys_close
                0x600056ac        0x6 c:/nxp/mcuxpressoide_11.3.0_5222/ide/plugins/com.nxp.mcuxpresso.tools.win32_11.3.0.202008311133/tools/bin/../lib/gcc/arm-none-eabi/9.3.1/../../../../arm-none-eabi/lib/thumb/v7e-m+fp/hard\libcr_nohost_nf.a(__sys_close.o)
                0x600056ac                __sys_close
 .text.__sys_flen
                0x600056b2        0x6 c:/nxp/mcuxpressoide_11.3.0_5222/ide/plugins/com.nxp.mcuxpresso.tools.win32_11.3.0.202008311133/tools/bin/../lib/gcc/arm-none-eabi/9.3.1/../../../../arm-none-eabi/lib/thumb/v7e-m+fp/hard\libcr_nohost_nf.a(__sys_flen.o)
                0x600056b2                __sys_flen
 .text.__sys_istty
                0x600056b8        0x6 c:/nxp/mcuxpressoide_11.3.0_5222/ide/plugins/com.nxp.mcuxpresso.tools.win32_11.3.0.202008311133/tools/bin/../lib/gcc/arm-none-eabi/9.3.1/../../../../arm-none-eabi/lib/thumb/v7e-m+fp/hard\libcr_nohost_nf.a(__sys_istty.o)
                0x600056b8                __sys_istty
 .text.__sys_remove
                0x600056be        0x6 c:/nxp/mcuxpressoide_11.3.0_5222/ide/plugins/com.nxp.mcuxpresso.tools.win32_11.3.0.202008311133/tools/bin/../lib/gcc/arm-none-eabi/9.3.1/../../../../arm-none-eabi/lib/thumb/v7e-m+fp/hard\libcr_nohost_nf.a(__sys_remove.o)
                0x600056be                __sys_remove
 .text.__sys_seek
                0x600056c4        0x6 c:/nxp/mcuxpressoide_11.3.0_5222/ide/plugins/com.nxp.mcuxpresso.tools.win32_11.3.0.202008311133/tools/bin/../lib/gcc/arm-none-eabi/9.3.1/../../../../arm-none-eabi/lib/thumb/v7e-m+fp/hard\libcr_nohost_nf.a(__sys_seek.o)
                0x600056c4                __sys_seek
 .text.__sys_tmpnam
                0x600056ca        0x6 c:/nxp/mcuxpressoide_11.3.0_5222/ide/plugins/com.nxp.mcuxpresso.tools.win32_11.3.0.202008311133/tools/bin/../lib/gcc/arm-none-eabi/9.3.1/../../../../arm-none-eabi/lib/thumb/v7e-m+fp/hard\libcr_nohost_nf.a(__sys_tmpnam.o)
                0x600056ca                __sys_tmpnam
 .text.__sys_write
                0x600056d0        0x4 c:/nxp/mcuxpressoide_11.3.0_5222/ide/plugins/com.nxp.mcuxpresso.tools.win32_11.3.0.202008311133/tools/bin/../lib/gcc/arm-none-eabi/9.3.1/../../../../arm-none-eabi/lib/thumb/v7e-m+fp/hard\libcr_nohost_nf.a(__sys_write.o)
                0x600056d0                __sys_write
 *(SORT_BY_ALIGNMENT(.rodata) SORT_BY_ALIGNMENT(.rodata.*) SORT_BY_ALIGNMENT(.constdata) SORT_BY_ALIGNMENT(.constdata.*))
 .rodata.__assertion_failed.str1.4
                0x600056d4       0x14 ./utilities/fsl_assert.o
 .rodata.DbgConsole_SendDataReliable.str1.4
                0x600056e8       0x4e ./utilities/fsl_debug_console.o
 *fill*         0x60005736        0x2 ff
 .rodata        0x60005738      0x578 ./source/uart_robotic_arm.o
 .rodata.CLOCK_InitExternalClk.str1.4
                0x60005cb0       0x22 ./drivers/fsl_clock.o
 *fill*         0x60005cd2        0x2 ff
 .rodata.CLOCK_ControlGate.str1.4
                0x60005cd4       0x20 ./drivers/fsl_lpuart.o
 .rodata.s_lpuartBases
                0x60005cf4       0x14 ./drivers/fsl_lpuart.o
 .rodata.s_lpuartClock
                0x60005d08        0xa ./drivers/fsl_lpuart.o
 *fill*         0x60005d12        0x2 ff
 .rodata.LPUART_GetInstance.str1.4
                0x60005d14       0x39 ./drivers/fsl_lpuart.o
 *fill*         0x60005d4d        0x3 ff
 .rodata.LPUART_Init.str1.4
                0x60005d50      0x10c ./drivers/fsl_lpuart.o
 .rodata.LPUART_GetDefaultConfig.str1.4
                0x60005e5c       0x23 ./drivers/fsl_lpuart.o
 *fill*         0x60005e7f        0x1 ff
 .rodata.LPUART_WriteBlocking.str1.4
                0x60005e80       0x21 ./drivers/fsl_lpuart.o
 *fill*         0x60005ea1        0x3 ff
 .rodata.s_LpuartAdapterBase
                0x60005ea4       0x14 ./component/uart/lpuart_adapter.o
 .rodata.HAL_UartSendBlocking.str1.4
                0x60005eb8       0x5f ./component/uart/lpuart_adapter.o
 *fill*         0x60005f17        0x1 ff
 .rodata.SerialManager_Write.str1.4
                0x60005f18       0x83 ./component/serial_manager/serial_manager.o
 *fill*         0x60005f9b        0x1 ff
 .rodata.Serial_UartWrite.str1.4
                0x60005f9c       0x6d ./component/serial_manager/serial_port_uart.o
 *fill*         0x60006009        0x3 ff
 .rodata.BOARD_ConfigMPU.str1.4
                0x6000600c       0x6a ./board/board.o
 *fill*         0x60006076        0x2 ff
 .rodata.CLOCK_SetMux.str1.4
                0x60006078       0x7f ./board/clock_config.o
 *fill*         0x600060f7        0x1 ff
 .rodata.CLOCK_SetDiv.str1.4
                0x600060f8       0x7f ./board/clock_config.o
 *fill*         0x60006177        0x1 ff
 .rodata.CLOCK_ControlGate.str1.4
                0x60006178       0x6e ./board/clock_config.o
 *fill*         0x600061e6        0x2 ff
 .rodata.sysPllConfig_BOARD_BootClockRUN
                0x600061e8       0x14 ./board/clock_config.o
                0x600061e8                sysPllConfig_BOARD_BootClockRUN
 .rodata.enetPllConfig_BOARD_BootClockRUN
                0x600061fc        0x5 ./board/clock_config.o
                0x600061fc                enetPllConfig_BOARD_BootClockRUN
 .rodata.CLOCK_ControlGate.str1.4
                0x60006201       0x6e ./board/pin_mux.o
 *fill*         0x60006201        0x3 ff
 .rodata.__num_Ciob_streams
                0x60006204        0x4 c:/nxp/mcuxpressoide_11.3.0_5222/ide/plugins/com.nxp.mcuxpresso.tools.win32_11.3.0.202008311133/tools/bin/../lib/gcc/arm-none-eabi/9.3.1/../../../../arm-none-eabi/lib/thumb/v7e-m+fp/hard\libcr_nohost_nf.a(__ciob.o)
                0x60006204                __num_Ciob_streams
 .rodata._initio.str1.1
                0x60006208        0x4 c:/nxp/mcuxpressoide_11.3.0_5222/ide/plugins/com.nxp.mcuxpresso.tools.win32_11.3.0.202008311133/tools/bin/../lib/gcc/arm-none-eabi/9.3.1/../../../../arm-none-eabi/lib/thumb/v7e-m+fp/hard\libcr_c.a(initio.o)
                0x6000620c                . = ALIGN (0x4)

.glue_7         0x6000620c        0x0
 .glue_7        0x6000620c        0x0 linker stubs

.glue_7t        0x6000620c        0x0
 .glue_7t       0x6000620c        0x0 linker stubs

.vfp11_veneer   0x6000620c        0x0
 .vfp11_veneer  0x6000620c        0x0 linker stubs

.v4_bx          0x6000620c        0x0
 .v4_bx         0x6000620c        0x0 linker stubs

.iplt           0x6000620c        0x0
 .iplt          0x6000620c        0x0 ./xip/evkmimxrt1010_flexspi_nor_config.o

.rel.dyn        0x6000620c        0x0
 .rel.iplt      0x6000620c        0x0 ./xip/evkmimxrt1010_flexspi_nor_config.o

.ARM.extab
 *(SORT_BY_ALIGNMENT(.ARM.extab*) SORT_BY_ALIGNMENT(.gnu.linkonce.armextab.*))

.ARM.exidx      0x6000620c        0x0
                0x6000620c                __exidx_start = .
 *(SORT_BY_ALIGNMENT(.ARM.exidx*) SORT_BY_ALIGNMENT(.gnu.linkonce.armexidx.*))
                0x6000620c                __exidx_end = .
                0x6000620c                _etext = .

.data_RAM2      0x00000000        0x0 load address 0x6000620c
 FILL mask 0xff
                [!provide]                PROVIDE (__start_data_RAM2 = .)
                [!provide]                PROVIDE (__start_data_SRAM_ITC = .)
 *(SORT_BY_ALIGNMENT(.ramfunc.$RAM2))
 *(SORT_BY_ALIGNMENT(.ramfunc.$SRAM_ITC))
 *(SORT_BY_ALIGNMENT(.data.$RAM2))
 *(SORT_BY_ALIGNMENT(.data.$SRAM_ITC))
 *(SORT_BY_ALIGNMENT(.data.$RAM2.*))
 *(SORT_BY_ALIGNMENT(.data.$SRAM_ITC.*))
                0x00000000                . = ALIGN (0x4)
                [!provide]                PROVIDE (__end_data_RAM2 = .)
                [!provide]                PROVIDE (__end_data_SRAM_ITC = .)

.data_RAM3      0x20200000        0x0 load address 0x6000620c
 FILL mask 0xff
                [!provide]                PROVIDE (__start_data_RAM3 = .)
                [!provide]                PROVIDE (__start_data_SRAM_OC = .)
 *(SORT_BY_ALIGNMENT(.ramfunc.$RAM3))
 *(SORT_BY_ALIGNMENT(.ramfunc.$SRAM_OC))
 *(SORT_BY_ALIGNMENT(.data.$RAM3))
 *(SORT_BY_ALIGNMENT(.data.$SRAM_OC))
 *(SORT_BY_ALIGNMENT(.data.$RAM3.*))
 *(SORT_BY_ALIGNMENT(.data.$SRAM_OC.*))
                0x20200000                . = ALIGN (0x4)
                [!provide]                PROVIDE (__end_data_RAM3 = .)
                [!provide]                PROVIDE (__end_data_SRAM_OC = .)

.data_RAM4      0x20210000        0x0 load address 0x6000620c
 FILL mask 0xff
                [!provide]                PROVIDE (__start_data_RAM4 = .)
                [!provide]                PROVIDE (__start_data_NCACHE_REGION = .)
 *(SORT_BY_ALIGNMENT(.ramfunc.$RAM4))
 *(SORT_BY_ALIGNMENT(.ramfunc.$NCACHE_REGION))
 *(SORT_BY_ALIGNMENT(.data.$RAM4))
 *(SORT_BY_ALIGNMENT(.data.$NCACHE_REGION))
 *(SORT_BY_ALIGNMENT(.data.$RAM4.*))
 *(SORT_BY_ALIGNMENT(.data.$NCACHE_REGION.*))
                0x20210000                . = ALIGN (0x4)
                [!provide]                PROVIDE (__end_data_RAM4 = .)
                [!provide]                PROVIDE (__end_data_NCACHE_REGION = .)

.uninit_RESERVED
                0x20000000        0x0
                0x20000000                _start_uninit_RESERVED = .
 *(SORT_BY_ALIGNMENT(.bss.$RESERVED*))
                0x20000000                . = ALIGN (0x4)
                0x20000000                _end_uninit_RESERVED = .

.data           0x20000000        0x8 load address 0x6000620c
 FILL mask 0xff
                0x20000000                _data = .
                [!provide]                PROVIDE (__start_data_RAM = .)
                [!provide]                PROVIDE (__start_data_SRAM_DTC = .)
 *(SORT_BY_ALIGNMENT(vtable))
 *(SORT_BY_ALIGNMENT(.ramfunc*))
 *(SORT_BY_ALIGNMENT(CodeQuickAccess))
 *(SORT_BY_ALIGNMENT(DataQuickAccess))
 *(SORT_BY_ALIGNMENT(RamFunction))
 *(SORT_BY_ALIGNMENT(NonCacheable.init))
 *(SORT_BY_ALIGNMENT(.data*))
 .data.SystemCoreClock
                0x20000000        0x4 ./device/system_MIMXRT1011.o
                0x20000000                SystemCoreClock
 .data.error_signal
                0x20000004        0x1 ./source/uart_robotic_arm.o
                0x20000004                error_signal
                0x20000008                . = ALIGN (0x4)
 *fill*         0x20000005        0x3 ff
                0x20000008                _edata = .
                [!provide]                PROVIDE (__end_data_RAM = .)
                [!provide]                PROVIDE (__end_data_SRAM_DTC = .)

.igot.plt       0x20000008        0x0 load address 0x60006214
 .igot.plt      0x20000008        0x0 ./xip/evkmimxrt1010_flexspi_nor_config.o

.bss_RAM2       0x00000000        0x0
                [!provide]                PROVIDE (__start_bss_RAM2 = .)
                [!provide]                PROVIDE (__start_bss_SRAM_ITC = .)
 *(SORT_BY_ALIGNMENT(.bss.$RAM2))
 *(SORT_BY_ALIGNMENT(.bss.$SRAM_ITC))
 *(SORT_BY_ALIGNMENT(.bss.$RAM2.*))
 *(SORT_BY_ALIGNMENT(.bss.$SRAM_ITC.*))
                0x00000000                . = ALIGN ((. != 0x0)?0x4:0x1)
                [!provide]                PROVIDE (__end_bss_RAM2 = .)
                [!provide]                PROVIDE (__end_bss_SRAM_ITC = .)

.bss_RAM3       0x20200000        0x0
                [!provide]                PROVIDE (__start_bss_RAM3 = .)
                [!provide]                PROVIDE (__start_bss_SRAM_OC = .)
 *(SORT_BY_ALIGNMENT(.bss.$RAM3))
 *(SORT_BY_ALIGNMENT(.bss.$SRAM_OC))
 *(SORT_BY_ALIGNMENT(.bss.$RAM3.*))
 *(SORT_BY_ALIGNMENT(.bss.$SRAM_OC.*))
                0x20200000                . = ALIGN ((. != 0x0)?0x4:0x1)
                [!provide]                PROVIDE (__end_bss_RAM3 = .)
                [!provide]                PROVIDE (__end_bss_SRAM_OC = .)

.bss_RAM4       0x20210000        0x0
                [!provide]                PROVIDE (__start_bss_RAM4 = .)
                [!provide]                PROVIDE (__start_bss_NCACHE_REGION = .)
 *(SORT_BY_ALIGNMENT(.bss.$RAM4))
 *(SORT_BY_ALIGNMENT(.bss.$NCACHE_REGION))
 *(SORT_BY_ALIGNMENT(.bss.$RAM4.*))
 *(SORT_BY_ALIGNMENT(.bss.$NCACHE_REGION.*))
                0x20210000                . = ALIGN ((. != 0x0)?0x4:0x1)
                [!provide]                PROVIDE (__end_bss_RAM4 = .)
                [!provide]                PROVIDE (__end_bss_NCACHE_REGION = .)

.bss            0x20000008      0x7dc
                0x20000008                _bss = .
                [!provide]                PROVIDE (__start_bss_RAM = .)
                [!provide]                PROVIDE (__start_bss_SRAM_DTC = .)
 *(SORT_BY_ALIGNMENT(NonCacheable))
 *(SORT_BY_ALIGNMENT(.bss*))
 .bss.s_debugConsoleState
                0x20000008       0x1c ./utilities/fsl_debug_console.o
 .bss.g_serialHandle
                0x20000024        0x4 ./utilities/fsl_debug_console.o
                0x20000024                g_serialHandle
 .bss.demoRingBuffer
                0x20000028       0x10 ./source/uart_robotic_arm.o
                0x20000028                demoRingBuffer
 .bss.sequenceBuffer
                0x20000038       0x10 ./source/uart_robotic_arm.o
                0x20000038                sequenceBuffer
 .bss.dataStore
                0x20000048      0x640 ./source/uart_robotic_arm.o
                0x20000048                dataStore
 .bss.sizeSequence
                0x20000688       0x64 ./source/uart_robotic_arm.o
                0x20000688                sizeSequence
 .bss.actual_pos
                0x200006ec        0xa ./source/uart_robotic_arm.o
                0x200006ec                actual_pos
 *fill*         0x200006f6        0x2 
 .bss.request_pos
                0x200006f8        0xa ./source/uart_robotic_arm.o
                0x200006f8                request_pos
 *fill*         0x20000702        0x2 
 .bss.g_xtalFreq
                0x20000704        0x4 ./drivers/fsl_clock.o
                0x20000704                g_xtalFreq
 .bss.g_rtcXtalFreq
                0x20000708        0x4 ./drivers/fsl_clock.o
                0x20000708                g_rtcXtalFreq
 .bss.s_lpuartHandle
                0x2000070c       0x14 ./drivers/fsl_lpuart.o
 .bss.s_lpuartIsr
                0x20000720        0x4 ./drivers/fsl_lpuart.o
 .bss.errno     0x20000724        0x4 c:/nxp/mcuxpressoide_11.3.0_5222/ide/plugins/com.nxp.mcuxpresso.tools.win32_11.3.0.202008311133/tools/bin/../lib/gcc/arm-none-eabi/9.3.1/../../../../arm-none-eabi/lib/thumb/v7e-m+fp/hard\libcr_c.a(errno.o)
                0x20000724                errno
 .bss.__Ciob    0x20000728       0xb4 c:/nxp/mcuxpressoide_11.3.0_5222/ide/plugins/com.nxp.mcuxpresso.tools.win32_11.3.0.202008311133/tools/bin/../lib/gcc/arm-none-eabi/9.3.1/../../../../arm-none-eabi/lib/thumb/v7e-m+fp/hard\libcr_nohost_nf.a(__ciob.o)
                0x20000728                __Ciob
 .bss.txIndex   0x200007dc        0x2 ./source/uart_robotic_arm.o
                0x200007dc                txIndex
 .bss.rxIndex   0x200007de        0x2 ./source/uart_robotic_arm.o
                0x200007de                rxIndex
 .bss.storeIndex
                0x200007e0        0x2 ./source/uart_robotic_arm.o
                0x200007e0                storeIndex
 *(SORT_BY_ALIGNMENT(COMMON))
                0x200007e4                . = ALIGN (0x4)
 *fill*         0x200007e2        0x2 
                0x200007e4                _ebss = .
                [!provide]                PROVIDE (__end_bss_RAM = .)
                [!provide]                PROVIDE (__end_bss_SRAM_DTC = .)
                [!provide]                PROVIDE (end = .)

.noinit_RAM2    0x00000000        0x0
                [!provide]                PROVIDE (__start_noinit_RAM2 = .)
                [!provide]                PROVIDE (__start_noinit_SRAM_ITC = .)
 *(SORT_BY_ALIGNMENT(.noinit.$RAM2))
 *(SORT_BY_ALIGNMENT(.noinit.$SRAM_ITC))
 *(SORT_BY_ALIGNMENT(.noinit.$RAM2.*))
 *(SORT_BY_ALIGNMENT(.noinit.$SRAM_ITC.*))
                0x00000000                . = ALIGN (0x4)
                [!provide]                PROVIDE (__end_noinit_RAM2 = .)
                [!provide]                PROVIDE (__end_noinit_SRAM_ITC = .)

.noinit_RAM3    0x20200000        0x0
                [!provide]                PROVIDE (__start_noinit_RAM3 = .)
                [!provide]                PROVIDE (__start_noinit_SRAM_OC = .)
 *(SORT_BY_ALIGNMENT(.noinit.$RAM3))
 *(SORT_BY_ALIGNMENT(.noinit.$SRAM_OC))
 *(SORT_BY_ALIGNMENT(.noinit.$RAM3.*))
 *(SORT_BY_ALIGNMENT(.noinit.$SRAM_OC.*))
                0x20200000                . = ALIGN (0x4)
                [!provide]                PROVIDE (__end_noinit_RAM3 = .)
                [!provide]                PROVIDE (__end_noinit_SRAM_OC = .)

.noinit_RAM4    0x20210000        0x0
                [!provide]                PROVIDE (__start_noinit_RAM4 = .)
                [!provide]                PROVIDE (__start_noinit_NCACHE_REGION = .)
 *(SORT_BY_ALIGNMENT(.noinit.$RAM4))
 *(SORT_BY_ALIGNMENT(.noinit.$NCACHE_REGION))
 *(SORT_BY_ALIGNMENT(.noinit.$RAM4.*))
 *(SORT_BY_ALIGNMENT(.noinit.$NCACHE_REGION.*))
                0x20210000                . = ALIGN (0x4)
                [!provide]                PROVIDE (__end_noinit_RAM4 = .)
                [!provide]                PROVIDE (__end_noinit_NCACHE_REGION = .)

.noinit         0x200007e4        0x0
                0x200007e4                _noinit = .
                [!provide]                PROVIDE (__start_noinit_RAM = .)
                [!provide]                PROVIDE (__start_noinit_SRAM_DTC = .)
 *(SORT_BY_ALIGNMENT(.noinit*))
                0x200007e4                . = ALIGN (0x4)
                0x200007e4                _end_noinit = .
                [!provide]                PROVIDE (__end_noinit_RAM = .)
                [!provide]                PROVIDE (__end_noinit_SRAM_DTC = .)
                0x00000800                _HeapSize = 0x800

.heap           0x200007e4      0x800
                0x200007e4                _pvHeapStart = .
                0x20000fe4                . = (. + _HeapSize)
 *fill*         0x200007e4      0x800 
                0x20000fe4                . = ALIGN (0x4)
                0x20000fe4                _pvHeapLimit = .
                0x00000800                _StackSize = 0x800

.heap2stackfill
                0x20000fe4      0x800
                0x200017e4                . = (. + _StackSize)
 *fill*         0x20000fe4      0x800 

.stack          0x20007800        0x0
                0x20007800                _vStackBase = .
                0x20007800                . = ALIGN (0x4)
                0x20008000                _vStackTop = (. + _StackSize)
                0x60002000                _image_start = LOADADDR (.text)
                0x60006214                _image_end = (LOADADDR (.data) + SIZEOF (.data))
                0x00004214                _image_size = (_image_end - _image_start)
OUTPUT(evkmimxrt1010_lpuart_interrupt.axf elf32-littlearm)
LOAD linker stubs

.debug_info     0x00000000     0xcd7f
 .debug_info    0x00000000      0x7fa ./xip/evkmimxrt1010_flexspi_nor_config.o
 .debug_info    0x000007fa      0x5e3 ./xip/fsl_flexspi_nor_boot.o
 .debug_info    0x00000ddd      0x14f ./utilities/fsl_assert.o
 .debug_info    0x00000f2c      0xaae ./utilities/fsl_debug_console.o
 .debug_info    0x000019da      0xafe ./utilities/fsl_str.o
 .debug_info    0x000024d8      0x867 ./startup/startup_mimxrt1011.o
 .debug_info    0x00002d3f       0x3c ./source/semihost_hardfault.o
 .debug_info    0x00002d7b     0x130f ./source/uart_robotic_arm.o
 .debug_info    0x0000408a     0x1aad ./drivers/fsl_clock.o
 .debug_info    0x00005b37     0x1ecd ./drivers/fsl_lpuart.o
 .debug_info    0x00007a04      0xc86 ./device/system_MIMXRT1011.o
 .debug_info    0x0000868a      0xa5c ./component/uart/lpuart_adapter.o
 .debug_info    0x000090e6      0x8d4 ./component/serial_manager/serial_manager.o
 .debug_info    0x000099ba      0x582 ./component/serial_manager/serial_port_uart.o
 .debug_info    0x00009f3c     0x12d3 ./board/board.o
 .debug_info    0x0000b20f     0x14c0 ./board/clock_config.o
 .debug_info    0x0000c6cf      0x6b0 ./board/pin_mux.o

.debug_abbrev   0x00000000     0x20d1
 .debug_abbrev  0x00000000      0x14c ./xip/evkmimxrt1010_flexspi_nor_config.o
 .debug_abbrev  0x0000014c      0x13f ./xip/fsl_flexspi_nor_boot.o
 .debug_abbrev  0x0000028b       0xbe ./utilities/fsl_assert.o
 .debug_abbrev  0x00000349      0x20b ./utilities/fsl_debug_console.o
 .debug_abbrev  0x00000554      0x24d ./utilities/fsl_str.o
 .debug_abbrev  0x000007a1      0x147 ./startup/startup_mimxrt1011.o
 .debug_abbrev  0x000008e8       0x31 ./source/semihost_hardfault.o
 .debug_abbrev  0x00000919      0x336 ./source/uart_robotic_arm.o
 .debug_abbrev  0x00000c4f      0x36f ./drivers/fsl_clock.o
 .debug_abbrev  0x00000fbe      0x354 ./drivers/fsl_lpuart.o
 .debug_abbrev  0x00001312      0x1be ./device/system_MIMXRT1011.o
 .debug_abbrev  0x000014d0      0x1e1 ./component/uart/lpuart_adapter.o
 .debug_abbrev  0x000016b1      0x237 ./component/serial_manager/serial_manager.o
 .debug_abbrev  0x000018e8      0x160 ./component/serial_manager/serial_port_uart.o
 .debug_abbrev  0x00001a48      0x2e9 ./board/board.o
 .debug_abbrev  0x00001d31      0x218 ./board/clock_config.o
 .debug_abbrev  0x00001f49      0x188 ./board/pin_mux.o

.debug_aranges  0x00000000      0x9f0
 .debug_aranges
                0x00000000       0x18 ./xip/evkmimxrt1010_flexspi_nor_config.o
 .debug_aranges
                0x00000018       0x18 ./xip/fsl_flexspi_nor_boot.o
 .debug_aranges
                0x00000030       0x20 ./utilities/fsl_assert.o
 .debug_aranges
                0x00000050       0x88 ./utilities/fsl_debug_console.o
 .debug_aranges
                0x000000d8       0xb0 ./utilities/fsl_str.o
 .debug_aranges
                0x00000188      0x300 ./startup/startup_mimxrt1011.o
 .debug_aranges
                0x00000488       0x20 ./source/semihost_hardfault.o
 .debug_aranges
                0x000004a8       0x70 ./source/uart_robotic_arm.o
 .debug_aranges
                0x00000518      0x120 ./drivers/fsl_clock.o
 .debug_aranges
                0x00000638      0x140 ./drivers/fsl_lpuart.o
 .debug_aranges
                0x00000778       0x30 ./device/system_MIMXRT1011.o
 .debug_aranges
                0x000007a8       0x50 ./component/uart/lpuart_adapter.o
 .debug_aranges
                0x000007f8       0x98 ./component/serial_manager/serial_manager.o
 .debug_aranges
                0x00000890       0x48 ./component/serial_manager/serial_port_uart.o
 .debug_aranges
                0x000008d8       0x60 ./board/board.o
 .debug_aranges
                0x00000938       0x70 ./board/clock_config.o
 .debug_aranges
                0x000009a8       0x48 ./board/pin_mux.o

.debug_macro    0x00000000    0x1e790
 .debug_macro   0x00000000      0x118 ./xip/evkmimxrt1010_flexspi_nor_config.o
 .debug_macro   0x00000118      0xae4 ./xip/evkmimxrt1010_flexspi_nor_config.o
 .debug_macro   0x00000bfc       0x10 ./xip/evkmimxrt1010_flexspi_nor_config.o
 .debug_macro   0x00000c0c      0x12e ./xip/evkmimxrt1010_flexspi_nor_config.o
 .debug_macro   0x00000d3a      0x5b3 ./xip/evkmimxrt1010_flexspi_nor_config.o
 .debug_macro   0x000012ed       0x22 ./xip/evkmimxrt1010_flexspi_nor_config.o
 .debug_macro   0x0000130f       0x16 ./xip/evkmimxrt1010_flexspi_nor_config.o
 .debug_macro   0x00001325       0x22 ./xip/evkmimxrt1010_flexspi_nor_config.o
 .debug_macro   0x00001347       0x10 ./xip/evkmimxrt1010_flexspi_nor_config.o
 .debug_macro   0x00001357       0x4d ./xip/evkmimxrt1010_flexspi_nor_config.o
 .debug_macro   0x000013a4       0x1c ./xip/evkmimxrt1010_flexspi_nor_config.o
 .debug_macro   0x000013c0       0x22 ./xip/evkmimxrt1010_flexspi_nor_config.o
 .debug_macro   0x000013e2      0x101 ./xip/evkmimxrt1010_flexspi_nor_config.o
 .debug_macro   0x000014e3     0x1305 ./xip/evkmimxrt1010_flexspi_nor_config.o
 .debug_macro   0x000027e8      0x11f ./xip/evkmimxrt1010_flexspi_nor_config.o
 .debug_macro   0x00002907       0x27 ./xip/evkmimxrt1010_flexspi_nor_config.o
 .debug_macro   0x0000292e       0x1c ./xip/evkmimxrt1010_flexspi_nor_config.o
 .debug_macro   0x0000294a    0x194f4 ./xip/evkmimxrt1010_flexspi_nor_config.o
 .debug_macro   0x0001be3e      0x594 ./xip/evkmimxrt1010_flexspi_nor_config.o
 .debug_macro   0x0001c3d2       0xde ./xip/evkmimxrt1010_flexspi_nor_config.o
 .debug_macro   0x0001c4b0      0x193 ./xip/evkmimxrt1010_flexspi_nor_config.o
 .debug_macro   0x0001c643      0x1a4 ./xip/evkmimxrt1010_flexspi_nor_config.o
 .debug_macro   0x0001c7e7      0x13f ./xip/fsl_flexspi_nor_boot.o
 .debug_macro   0x0001c926       0xca ./xip/fsl_flexspi_nor_boot.o
 .debug_macro   0x0001c9f0       0x10 ./xip/fsl_flexspi_nor_boot.o
 .debug_macro   0x0001ca00      0x136 ./xip/fsl_flexspi_nor_boot.o
 .debug_macro   0x0001cb36       0x7c ./xip/fsl_flexspi_nor_boot.o
 .debug_macro   0x0001cbb2      0x133 ./utilities/fsl_assert.o
 .debug_macro   0x0001cce5       0x1c ./utilities/fsl_assert.o
 .debug_macro   0x0001cd01       0x2e ./utilities/fsl_assert.o
 .debug_macro   0x0001cd2f       0x2e ./utilities/fsl_assert.o
 .debug_macro   0x0001cd5d       0x47 ./utilities/fsl_assert.o
 .debug_macro   0x0001cda4       0x2e ./utilities/fsl_assert.o
 .debug_macro   0x0001cdd2      0x19f ./utilities/fsl_debug_console.o
 .debug_macro   0x0001cf71       0x16 ./utilities/fsl_debug_console.o
 .debug_macro   0x0001cf87       0x10 ./utilities/fsl_debug_console.o
 .debug_macro   0x0001cf97       0x28 ./utilities/fsl_debug_console.o
 .debug_macro   0x0001cfbf       0x50 ./utilities/fsl_debug_console.o
 .debug_macro   0x0001d00f       0x34 ./utilities/fsl_debug_console.o
 .debug_macro   0x0001d043      0x128 ./utilities/fsl_str.o
 .debug_macro   0x0001d16b       0xc4 ./utilities/fsl_str.o
 .debug_macro   0x0001d22f       0x1c ./utilities/fsl_str.o
 .debug_macro   0x0001d24b       0x56 ./utilities/fsl_str.o
 .debug_macro   0x0001d2a1       0x29 ./startup/startup_mimxrt1011.o
 .debug_macro   0x0001d2ca       0x11 ./source/semihost_hardfault.o
 .debug_macro   0x0001d2db      0x1d1 ./source/uart_robotic_arm.o
 .debug_macro   0x0001d4ac       0x16 ./source/uart_robotic_arm.o
 .debug_macro   0x0001d4c2      0x103 ./drivers/fsl_clock.o
 .debug_macro   0x0001d5c5      0x112 ./drivers/fsl_lpuart.o
 .debug_macro   0x0001d6d7       0x10 ./drivers/fsl_lpuart.o
 .debug_macro   0x0001d6e7       0xa7 ./device/system_MIMXRT1011.o
 .debug_macro   0x0001d78e      0x10f ./component/uart/lpuart_adapter.o
 .debug_macro   0x0001d89d       0x2e ./component/uart/lpuart_adapter.o
 .debug_macro   0x0001d8cb      0x146 ./component/serial_manager/serial_manager.o
 .debug_macro   0x0001da11      0x12e ./component/serial_manager/serial_port_uart.o
 .debug_macro   0x0001db3f      0x15d ./board/board.o
 .debug_macro   0x0001dc9c       0xd0 ./board/board.o
 .debug_macro   0x0001dd6c      0x7ff ./board/board.o
 .debug_macro   0x0001e56b      0x115 ./board/clock_config.o
 .debug_macro   0x0001e680      0x110 ./board/pin_mux.o

.debug_line     0x00000000     0x7801
 .debug_line    0x00000000      0x387 ./xip/evkmimxrt1010_flexspi_nor_config.o
 .debug_line    0x00000387      0x3e7 ./xip/fsl_flexspi_nor_boot.o
 .debug_line    0x0000076e      0x46d ./utilities/fsl_assert.o
 .debug_line    0x00000bdb      0x807 ./utilities/fsl_debug_console.o
 .debug_line    0x000013e2      0xab0 ./utilities/fsl_str.o
 .debug_line    0x00001e92      0x881 ./startup/startup_mimxrt1011.o
 .debug_line    0x00002713       0x59 ./source/semihost_hardfault.o
 .debug_line    0x0000276c      0x917 ./source/uart_robotic_arm.o
 .debug_line    0x00003083      0xb6b ./drivers/fsl_clock.o
 .debug_line    0x00003bee     0x11b4 ./drivers/fsl_lpuart.o
 .debug_line    0x00004da2      0x4cb ./device/system_MIMXRT1011.o
 .debug_line    0x0000526d      0x4fe ./component/uart/lpuart_adapter.o
 .debug_line    0x0000576b      0x7af ./component/serial_manager/serial_manager.o
 .debug_line    0x00005f1a      0x575 ./component/serial_manager/serial_port_uart.o
 .debug_line    0x0000648f      0x8b2 ./board/board.o
 .debug_line    0x00006d41      0x66f ./board/clock_config.o
 .debug_line    0x000073b0      0x451 ./board/pin_mux.o

.debug_str      0x00000000    0xf160c
 .debug_str     0x00000000    0xe5105 ./xip/evkmimxrt1010_flexspi_nor_config.o
                              0xe519c (size before relaxing)
 .debug_str     0x000e5105     0x13c1 ./xip/fsl_flexspi_nor_boot.o
                              0xe5881 (size before relaxing)
 .debug_str     0x000e64c6      0x670 ./utilities/fsl_assert.o
                              0xe42e6 (size before relaxing)
 .debug_str     0x000e6b36      0xab1 ./utilities/fsl_debug_console.o
                              0xe560b (size before relaxing)
 .debug_str     0x000e75e7      0x831 ./utilities/fsl_str.o
                              0xe4727 (size before relaxing)
 .debug_str     0x000e7e18      0x7ea ./startup/startup_mimxrt1011.o
                               0x36fa (size before relaxing)
 .debug_str     0x000e8602       0x1f ./source/semihost_hardfault.o
                               0x2ede (size before relaxing)
 .debug_str     0x000e8621     0x1272 ./source/uart_robotic_arm.o
                              0xe68a0 (size before relaxing)
 .debug_str     0x000e9893      0xcc6 ./drivers/fsl_clock.o
                              0xe532d (size before relaxing)
 .debug_str     0x000ea559      0xc19 ./drivers/fsl_lpuart.o
                              0xe606b (size before relaxing)
 .debug_str     0x000eb172      0x1fe ./device/system_MIMXRT1011.o
                              0xe2d43 (size before relaxing)
 .debug_str     0x000eb370      0x2f9 ./component/uart/lpuart_adapter.o
                              0xe4e12 (size before relaxing)
 .debug_str     0x000eb669      0x3d6 ./component/serial_manager/serial_manager.o
                              0xe47dc (size before relaxing)
 .debug_str     0x000eba3f       0xed ./component/serial_manager/serial_port_uart.o
                              0xe47bf (size before relaxing)
 .debug_str     0x000ebb2c     0x57ad ./board/board.o
                              0xeaf07 (size before relaxing)
 .debug_str     0x000f12d9      0x284 ./board/clock_config.o
                              0xeac55 (size before relaxing)
 .debug_str     0x000f155d       0xaf ./board/pin_mux.o
                              0xe9567 (size before relaxing)

.comment        0x00000000       0x4c
 .comment       0x00000000       0x4c ./xip/evkmimxrt1010_flexspi_nor_config.o
                                 0x4d (size before relaxing)
 .comment       0x0000004c       0x4d ./xip/fsl_flexspi_nor_boot.o
 .comment       0x0000004c       0x4d ./utilities/fsl_assert.o
 .comment       0x0000004c       0x4d ./utilities/fsl_debug_console.o
 .comment       0x0000004c       0x4d ./utilities/fsl_str.o
 .comment       0x0000004c       0x4d ./startup/startup_mimxrt1011.o
 .comment       0x0000004c       0x4d ./source/semihost_hardfault.o
 .comment       0x0000004c       0x4d ./source/uart_robotic_arm.o
 .comment       0x0000004c       0x4d ./drivers/fsl_clock.o
 .comment       0x0000004c       0x4d ./drivers/fsl_lpuart.o
 .comment       0x0000004c       0x4d ./device/system_MIMXRT1011.o
 .comment       0x0000004c       0x4d ./component/uart/lpuart_adapter.o
 .comment       0x0000004c       0x4d ./component/serial_manager/serial_manager.o
 .comment       0x0000004c       0x4d ./component/serial_manager/serial_port_uart.o
 .comment       0x0000004c       0x4d ./board/board.o
 .comment       0x0000004c       0x4d ./board/clock_config.o
 .comment       0x0000004c       0x4d ./board/pin_mux.o
 .comment       0x0000004c       0x4d c:/nxp/mcuxpressoide_11.3.0_5222/ide/plugins/com.nxp.mcuxpresso.tools.win32_11.3.0.202008311133/tools/bin/../lib/gcc/arm-none-eabi/9.3.1/../../../../arm-none-eabi/lib/thumb/v7e-m+fp/hard\libcr_nohost_nf.a(_cr__main.o)
 .comment       0x0000004c       0x4d c:/nxp/mcuxpressoide_11.3.0_5222/ide/plugins/com.nxp.mcuxpresso.tools.win32_11.3.0.202008311133/tools/bin/../lib/gcc/arm-none-eabi/9.3.1/../../../../arm-none-eabi/lib/thumb/v7e-m+fp/hard\libcr_c.a(memset.o)
 .comment       0x0000004c       0x4d c:/nxp/mcuxpressoide_11.3.0_5222/ide/plugins/com.nxp.mcuxpresso.tools.win32_11.3.0.202008311133/tools/bin/../lib/gcc/arm-none-eabi/9.3.1/../../../../arm-none-eabi/lib/thumb/v7e-m+fp/hard\libcr_c.a(alloc.o)
 .comment       0x0000004c       0x4d c:/nxp/mcuxpressoide_11.3.0_5222/ide/plugins/com.nxp.mcuxpresso.tools.win32_11.3.0.202008311133/tools/bin/../lib/gcc/arm-none-eabi/9.3.1/../../../../arm-none-eabi/lib/thumb/v7e-m+fp/hard\libcr_c.a(initio.o)
 .comment       0x0000004c       0x4d c:/nxp/mcuxpressoide_11.3.0_5222/ide/plugins/com.nxp.mcuxpresso.tools.win32_11.3.0.202008311133/tools/bin/../lib/gcc/arm-none-eabi/9.3.1/../../../../arm-none-eabi/lib/thumb/v7e-m+fp/hard\libcr_c.a(setvbuf.o)
 .comment       0x0000004c       0x4d c:/nxp/mcuxpressoide_11.3.0_5222/ide/plugins/com.nxp.mcuxpresso.tools.win32_11.3.0.202008311133/tools/bin/../lib/gcc/arm-none-eabi/9.3.1/../../../../arm-none-eabi/lib/thumb/v7e-m+fp/hard\libcr_c.a(strlen.o)
 .comment       0x0000004c       0x4d c:/nxp/mcuxpressoide_11.3.0_5222/ide/plugins/com.nxp.mcuxpresso.tools.win32_11.3.0.202008311133/tools/bin/../lib/gcc/arm-none-eabi/9.3.1/../../../../arm-none-eabi/lib/thumb/v7e-m+fp/hard\libcr_c.a(_deferredlazyseek.o)
 .comment       0x0000004c       0x4d c:/nxp/mcuxpressoide_11.3.0_5222/ide/plugins/com.nxp.mcuxpresso.tools.win32_11.3.0.202008311133/tools/bin/../lib/gcc/arm-none-eabi/9.3.1/../../../../arm-none-eabi/lib/thumb/v7e-m+fp/hard\libcr_c.a(_fdopen.o)
 .comment       0x0000004c       0x4d c:/nxp/mcuxpressoide_11.3.0_5222/ide/plugins/com.nxp.mcuxpresso.tools.win32_11.3.0.202008311133/tools/bin/../lib/gcc/arm-none-eabi/9.3.1/../../../../arm-none-eabi/lib/thumb/v7e-m+fp/hard\libcr_c.a(_fflush.o)
 .comment       0x0000004c       0x4d c:/nxp/mcuxpressoide_11.3.0_5222/ide/plugins/com.nxp.mcuxpresso.tools.win32_11.3.0.202008311133/tools/bin/../lib/gcc/arm-none-eabi/9.3.1/../../../../arm-none-eabi/lib/thumb/v7e-m+fp/hard\libcr_c.a(_writebuf.o)
 .comment       0x0000004c       0x4d c:/nxp/mcuxpressoide_11.3.0_5222/ide/plugins/com.nxp.mcuxpresso.tools.win32_11.3.0.202008311133/tools/bin/../lib/gcc/arm-none-eabi/9.3.1/../../../../arm-none-eabi/lib/thumb/v7e-m+fp/hard\libcr_c.a(errno.o)
 .comment       0x0000004c       0x4d c:/nxp/mcuxpressoide_11.3.0_5222/ide/plugins/com.nxp.mcuxpresso.tools.win32_11.3.0.202008311133/tools/bin/../lib/gcc/arm-none-eabi/9.3.1/../../../../arm-none-eabi/lib/thumb/v7e-m+fp/hard\libcr_c.a(fclose.o)
 .comment       0x0000004c       0x4d c:/nxp/mcuxpressoide_11.3.0_5222/ide/plugins/com.nxp.mcuxpresso.tools.win32_11.3.0.202008311133/tools/bin/../lib/gcc/arm-none-eabi/9.3.1/../../../../arm-none-eabi/lib/thumb/v7e-m+fp/hard\libcr_c.a(fflush.o)
 .comment       0x0000004c       0x4d c:/nxp/mcuxpressoide_11.3.0_5222/ide/plugins/com.nxp.mcuxpresso.tools.win32_11.3.0.202008311133/tools/bin/../lib/gcc/arm-none-eabi/9.3.1/../../../../arm-none-eabi/lib/thumb/v7e-m+fp/hard\libcr_c.a(fseek.o)
 .comment       0x0000004c       0x4d c:/nxp/mcuxpressoide_11.3.0_5222/ide/plugins/com.nxp.mcuxpresso.tools.win32_11.3.0.202008311133/tools/bin/../lib/gcc/arm-none-eabi/9.3.1/../../../../arm-none-eabi/lib/thumb/v7e-m+fp/hard\libcr_c.a(ftell.o)
 .comment       0x0000004c       0x4d c:/nxp/mcuxpressoide_11.3.0_5222/ide/plugins/com.nxp.mcuxpresso.tools.win32_11.3.0.202008311133/tools/bin/../lib/gcc/arm-none-eabi/9.3.1/../../../../arm-none-eabi/lib/thumb/v7e-m+fp/hard\libcr_c.a(remove.o)
 .comment       0x0000004c       0x4d c:/nxp/mcuxpressoide_11.3.0_5222/ide/plugins/com.nxp.mcuxpresso.tools.win32_11.3.0.202008311133/tools/bin/../lib/gcc/arm-none-eabi/9.3.1/../../../../arm-none-eabi/lib/thumb/v7e-m+fp/hard\libcr_c.a(_do_fflush.o)
 .comment       0x0000004c       0x4d c:/nxp/mcuxpressoide_11.3.0_5222/ide/plugins/com.nxp.mcuxpresso.tools.win32_11.3.0.202008311133/tools/bin/../lib/gcc/arm-none-eabi/9.3.1/../../../../arm-none-eabi/lib/thumb/v7e-m+fp/hard\libcr_nohost_nf.a(__ciob.o)
 .comment       0x0000004c       0x4d c:/nxp/mcuxpressoide_11.3.0_5222/ide/plugins/com.nxp.mcuxpresso.tools.win32_11.3.0.202008311133/tools/bin/../lib/gcc/arm-none-eabi/9.3.1/../../../../arm-none-eabi/lib/thumb/v7e-m+fp/hard\libcr_nohost_nf.a(__sys_close.o)
 .comment       0x0000004c       0x4d c:/nxp/mcuxpressoide_11.3.0_5222/ide/plugins/com.nxp.mcuxpresso.tools.win32_11.3.0.202008311133/tools/bin/../lib/gcc/arm-none-eabi/9.3.1/../../../../arm-none-eabi/lib/thumb/v7e-m+fp/hard\libcr_nohost_nf.a(__sys_flen.o)
 .comment       0x0000004c       0x4d c:/nxp/mcuxpressoide_11.3.0_5222/ide/plugins/com.nxp.mcuxpresso.tools.win32_11.3.0.202008311133/tools/bin/../lib/gcc/arm-none-eabi/9.3.1/../../../../arm-none-eabi/lib/thumb/v7e-m+fp/hard\libcr_nohost_nf.a(__sys_istty.o)
 .comment       0x0000004c       0x4d c:/nxp/mcuxpressoide_11.3.0_5222/ide/plugins/com.nxp.mcuxpresso.tools.win32_11.3.0.202008311133/tools/bin/../lib/gcc/arm-none-eabi/9.3.1/../../../../arm-none-eabi/lib/thumb/v7e-m+fp/hard\libcr_nohost_nf.a(__sys_remove.o)
 .comment       0x0000004c       0x4d c:/nxp/mcuxpressoide_11.3.0_5222/ide/plugins/com.nxp.mcuxpresso.tools.win32_11.3.0.202008311133/tools/bin/../lib/gcc/arm-none-eabi/9.3.1/../../../../arm-none-eabi/lib/thumb/v7e-m+fp/hard\libcr_nohost_nf.a(__sys_seek.o)
 .comment       0x0000004c       0x4d c:/nxp/mcuxpressoide_11.3.0_5222/ide/plugins/com.nxp.mcuxpresso.tools.win32_11.3.0.202008311133/tools/bin/../lib/gcc/arm-none-eabi/9.3.1/../../../../arm-none-eabi/lib/thumb/v7e-m+fp/hard\libcr_nohost_nf.a(__sys_tmpnam.o)
 .comment       0x0000004c       0x4d c:/nxp/mcuxpressoide_11.3.0_5222/ide/plugins/com.nxp.mcuxpresso.tools.win32_11.3.0.202008311133/tools/bin/../lib/gcc/arm-none-eabi/9.3.1/../../../../arm-none-eabi/lib/thumb/v7e-m+fp/hard\libcr_nohost_nf.a(__sys_write.o)

.ARM.attributes
                0x00000000       0x37
 .ARM.attributes
                0x00000000       0x39 ./xip/evkmimxrt1010_flexspi_nor_config.o
 .ARM.attributes
                0x00000039       0x39 ./xip/fsl_flexspi_nor_boot.o
 .ARM.attributes
                0x00000072       0x34 ./utilities/fsl_assert.o
 .ARM.attributes
                0x000000a6       0x34 ./utilities/fsl_debug_console.o
 .ARM.attributes
                0x000000da       0x34 ./utilities/fsl_str.o
 .ARM.attributes
                0x0000010e       0x34 ./startup/startup_mimxrt1011.o
 .ARM.attributes
                0x00000142       0x34 ./source/semihost_hardfault.o
 .ARM.attributes
                0x00000176       0x34 ./source/uart_robotic_arm.o
 .ARM.attributes
                0x000001aa       0x34 ./drivers/fsl_clock.o
 .ARM.attributes
                0x000001de       0x34 ./drivers/fsl_lpuart.o
 .ARM.attributes
                0x00000212       0x34 ./device/system_MIMXRT1011.o
 .ARM.attributes
                0x00000246       0x34 ./component/uart/lpuart_adapter.o
 .ARM.attributes
                0x0000027a       0x34 ./component/serial_manager/serial_manager.o
 .ARM.attributes
                0x000002ae       0x34 ./component/serial_manager/serial_port_uart.o
 .ARM.attributes
                0x000002e2       0x34 ./board/board.o
 .ARM.attributes
                0x00000316       0x34 ./board/clock_config.o
 .ARM.attributes
                0x0000034a       0x34 ./board/pin_mux.o
 .ARM.attributes
                0x0000037e       0x34 c:/nxp/mcuxpressoide_11.3.0_5222/ide/plugins/com.nxp.mcuxpresso.tools.win32_11.3.0.202008311133/tools/bin/../lib/gcc/arm-none-eabi/9.3.1/../../../../arm-none-eabi/lib/thumb/v7e-m+fp/hard\libcr_nohost_nf.a(_cr__main.o)
 .ARM.attributes
                0x000003b2       0x34 c:/nxp/mcuxpressoide_11.3.0_5222/ide/plugins/com.nxp.mcuxpresso.tools.win32_11.3.0.202008311133/tools/bin/../lib/gcc/arm-none-eabi/9.3.1/../../../../arm-none-eabi/lib/thumb/v7e-m+fp/hard\libcr_c.a(memset.o)
 .ARM.attributes
                0x000003e6       0x34 c:/nxp/mcuxpressoide_11.3.0_5222/ide/plugins/com.nxp.mcuxpresso.tools.win32_11.3.0.202008311133/tools/bin/../lib/gcc/arm-none-eabi/9.3.1/../../../../arm-none-eabi/lib/thumb/v7e-m+fp/hard\libcr_c.a(alloc.o)
 .ARM.attributes
                0x0000041a       0x34 c:/nxp/mcuxpressoide_11.3.0_5222/ide/plugins/com.nxp.mcuxpresso.tools.win32_11.3.0.202008311133/tools/bin/../lib/gcc/arm-none-eabi/9.3.1/../../../../arm-none-eabi/lib/thumb/v7e-m+fp/hard\libcr_c.a(initio.o)
 .ARM.attributes
                0x0000044e       0x34 c:/nxp/mcuxpressoide_11.3.0_5222/ide/plugins/com.nxp.mcuxpresso.tools.win32_11.3.0.202008311133/tools/bin/../lib/gcc/arm-none-eabi/9.3.1/../../../../arm-none-eabi/lib/thumb/v7e-m+fp/hard\libcr_c.a(setvbuf.o)
 .ARM.attributes
                0x00000482       0x34 c:/nxp/mcuxpressoide_11.3.0_5222/ide/plugins/com.nxp.mcuxpresso.tools.win32_11.3.0.202008311133/tools/bin/../lib/gcc/arm-none-eabi/9.3.1/../../../../arm-none-eabi/lib/thumb/v7e-m+fp/hard\libcr_c.a(strlen.o)
 .ARM.attributes
                0x000004b6       0x34 c:/nxp/mcuxpressoide_11.3.0_5222/ide/plugins/com.nxp.mcuxpresso.tools.win32_11.3.0.202008311133/tools/bin/../lib/gcc/arm-none-eabi/9.3.1/../../../../arm-none-eabi/lib/thumb/v7e-m+fp/hard\libcr_c.a(_deferredlazyseek.o)
 .ARM.attributes
                0x000004ea       0x34 c:/nxp/mcuxpressoide_11.3.0_5222/ide/plugins/com.nxp.mcuxpresso.tools.win32_11.3.0.202008311133/tools/bin/../lib/gcc/arm-none-eabi/9.3.1/../../../../arm-none-eabi/lib/thumb/v7e-m+fp/hard\libcr_c.a(_fdopen.o)
 .ARM.attributes
                0x0000051e       0x34 c:/nxp/mcuxpressoide_11.3.0_5222/ide/plugins/com.nxp.mcuxpresso.tools.win32_11.3.0.202008311133/tools/bin/../lib/gcc/arm-none-eabi/9.3.1/../../../../arm-none-eabi/lib/thumb/v7e-m+fp/hard\libcr_c.a(_fflush.o)
 .ARM.attributes
                0x00000552       0x34 c:/nxp/mcuxpressoide_11.3.0_5222/ide/plugins/com.nxp.mcuxpresso.tools.win32_11.3.0.202008311133/tools/bin/../lib/gcc/arm-none-eabi/9.3.1/../../../../arm-none-eabi/lib/thumb/v7e-m+fp/hard\libcr_c.a(_writebuf.o)
 .ARM.attributes
                0x00000586       0x39 c:/nxp/mcuxpressoide_11.3.0_5222/ide/plugins/com.nxp.mcuxpresso.tools.win32_11.3.0.202008311133/tools/bin/../lib/gcc/arm-none-eabi/9.3.1/../../../../arm-none-eabi/lib/thumb/v7e-m+fp/hard\libcr_c.a(errno.o)
 .ARM.attributes
                0x000005bf       0x34 c:/nxp/mcuxpressoide_11.3.0_5222/ide/plugins/com.nxp.mcuxpresso.tools.win32_11.3.0.202008311133/tools/bin/../lib/gcc/arm-none-eabi/9.3.1/../../../../arm-none-eabi/lib/thumb/v7e-m+fp/hard\libcr_c.a(fclose.o)
 .ARM.attributes
                0x000005f3       0x34 c:/nxp/mcuxpressoide_11.3.0_5222/ide/plugins/com.nxp.mcuxpresso.tools.win32_11.3.0.202008311133/tools/bin/../lib/gcc/arm-none-eabi/9.3.1/../../../../arm-none-eabi/lib/thumb/v7e-m+fp/hard\libcr_c.a(fflush.o)
 .ARM.attributes
                0x00000627       0x34 c:/nxp/mcuxpressoide_11.3.0_5222/ide/plugins/com.nxp.mcuxpresso.tools.win32_11.3.0.202008311133/tools/bin/../lib/gcc/arm-none-eabi/9.3.1/../../../../arm-none-eabi/lib/thumb/v7e-m+fp/hard\libcr_c.a(fseek.o)
 .ARM.attributes
                0x0000065b       0x34 c:/nxp/mcuxpressoide_11.3.0_5222/ide/plugins/com.nxp.mcuxpresso.tools.win32_11.3.0.202008311133/tools/bin/../lib/gcc/arm-none-eabi/9.3.1/../../../../arm-none-eabi/lib/thumb/v7e-m+fp/hard\libcr_c.a(ftell.o)
 .ARM.attributes
                0x0000068f       0x34 c:/nxp/mcuxpressoide_11.3.0_5222/ide/plugins/com.nxp.mcuxpresso.tools.win32_11.3.0.202008311133/tools/bin/../lib/gcc/arm-none-eabi/9.3.1/../../../../arm-none-eabi/lib/thumb/v7e-m+fp/hard\libcr_c.a(remove.o)
 .ARM.attributes
                0x000006c3       0x34 c:/nxp/mcuxpressoide_11.3.0_5222/ide/plugins/com.nxp.mcuxpresso.tools.win32_11.3.0.202008311133/tools/bin/../lib/gcc/arm-none-eabi/9.3.1/../../../../arm-none-eabi/lib/thumb/v7e-m+fp/hard\libcr_c.a(_do_fflush.o)
 .ARM.attributes
                0x000006f7       0x20 c:/nxp/mcuxpressoide_11.3.0_5222/ide/plugins/com.nxp.mcuxpresso.tools.win32_11.3.0.202008311133/tools/bin/../lib/gcc/arm-none-eabi/9.3.1/thumb/v7e-m+fp/hard\libcr_eabihelpers.a(division_64.o)
 .ARM.attributes
                0x00000717       0x20 c:/nxp/mcuxpressoide_11.3.0_5222/ide/plugins/com.nxp.mcuxpresso.tools.win32_11.3.0.202008311133/tools/bin/../lib/gcc/arm-none-eabi/9.3.1/thumb/v7e-m+fp/hard\libcr_eabihelpers.a(division_idiv0.o)
 .ARM.attributes
                0x00000737       0x20 c:/nxp/mcuxpressoide_11.3.0_5222/ide/plugins/com.nxp.mcuxpresso.tools.win32_11.3.0.202008311133/tools/bin/../lib/gcc/arm-none-eabi/9.3.1/thumb/v7e-m+fp/hard\libcr_eabihelpers.a(memcpy.o)
 .ARM.attributes
                0x00000757       0x39 c:/nxp/mcuxpressoide_11.3.0_5222/ide/plugins/com.nxp.mcuxpresso.tools.win32_11.3.0.202008311133/tools/bin/../lib/gcc/arm-none-eabi/9.3.1/../../../../arm-none-eabi/lib/thumb/v7e-m+fp/hard\libcr_nohost_nf.a(__ciob.o)
 .ARM.attributes
                0x00000790       0x34 c:/nxp/mcuxpressoide_11.3.0_5222/ide/plugins/com.nxp.mcuxpresso.tools.win32_11.3.0.202008311133/tools/bin/../lib/gcc/arm-none-eabi/9.3.1/../../../../arm-none-eabi/lib/thumb/v7e-m+fp/hard\libcr_nohost_nf.a(__sys_close.o)
 .ARM.attributes
                0x000007c4       0x34 c:/nxp/mcuxpressoide_11.3.0_5222/ide/plugins/com.nxp.mcuxpresso.tools.win32_11.3.0.202008311133/tools/bin/../lib/gcc/arm-none-eabi/9.3.1/../../../../arm-none-eabi/lib/thumb/v7e-m+fp/hard\libcr_nohost_nf.a(__sys_flen.o)
 .ARM.attributes
                0x000007f8       0x34 c:/nxp/mcuxpressoide_11.3.0_5222/ide/plugins/com.nxp.mcuxpresso.tools.win32_11.3.0.202008311133/tools/bin/../lib/gcc/arm-none-eabi/9.3.1/../../../../arm-none-eabi/lib/thumb/v7e-m+fp/hard\libcr_nohost_nf.a(__sys_istty.o)
 .ARM.attributes
                0x0000082c       0x34 c:/nxp/mcuxpressoide_11.3.0_5222/ide/plugins/com.nxp.mcuxpresso.tools.win32_11.3.0.202008311133/tools/bin/../lib/gcc/arm-none-eabi/9.3.1/../../../../arm-none-eabi/lib/thumb/v7e-m+fp/hard\libcr_nohost_nf.a(__sys_remove.o)
 .ARM.attributes
                0x00000860       0x34 c:/nxp/mcuxpressoide_11.3.0_5222/ide/plugins/com.nxp.mcuxpresso.tools.win32_11.3.0.202008311133/tools/bin/../lib/gcc/arm-none-eabi/9.3.1/../../../../arm-none-eabi/lib/thumb/v7e-m+fp/hard\libcr_nohost_nf.a(__sys_seek.o)
 .ARM.attributes
                0x00000894       0x34 c:/nxp/mcuxpressoide_11.3.0_5222/ide/plugins/com.nxp.mcuxpresso.tools.win32_11.3.0.202008311133/tools/bin/../lib/gcc/arm-none-eabi/9.3.1/../../../../arm-none-eabi/lib/thumb/v7e-m+fp/hard\libcr_nohost_nf.a(__sys_tmpnam.o)
 .ARM.attributes
                0x000008c8       0x34 c:/nxp/mcuxpressoide_11.3.0_5222/ide/plugins/com.nxp.mcuxpresso.tools.win32_11.3.0.202008311133/tools/bin/../lib/gcc/arm-none-eabi/9.3.1/../../../../arm-none-eabi/lib/thumb/v7e-m+fp/hard\libcr_nohost_nf.a(__sys_write.o)

.debug_ranges   0x00000000      0x8d0
 .debug_ranges  0x00000000       0x10 ./utilities/fsl_assert.o
 .debug_ranges  0x00000010       0x78 ./utilities/fsl_debug_console.o
 .debug_ranges  0x00000088       0xa0 ./utilities/fsl_str.o
 .debug_ranges  0x00000128      0x2f0 ./startup/startup_mimxrt1011.o
 .debug_ranges  0x00000418       0x10 ./source/semihost_hardfault.o
 .debug_ranges  0x00000428       0x60 ./source/uart_robotic_arm.o
 .debug_ranges  0x00000488      0x110 ./drivers/fsl_clock.o
 .debug_ranges  0x00000598      0x130 ./drivers/fsl_lpuart.o
 .debug_ranges  0x000006c8       0x20 ./device/system_MIMXRT1011.o
 .debug_ranges  0x000006e8       0x40 ./component/uart/lpuart_adapter.o
 .debug_ranges  0x00000728       0x88 ./component/serial_manager/serial_manager.o
 .debug_ranges  0x000007b0       0x38 ./component/serial_manager/serial_port_uart.o
 .debug_ranges  0x000007e8       0x50 ./board/board.o
 .debug_ranges  0x00000838       0x60 ./board/clock_config.o
 .debug_ranges  0x00000898       0x38 ./board/pin_mux.o

.debug_frame    0x00000000     0x2278
 .debug_frame   0x00000000       0x30 ./utilities/fsl_assert.o
 .debug_frame   0x00000030      0x244 ./utilities/fsl_debug_console.o
 .debug_frame   0x00000274      0x304 ./utilities/fsl_str.o
 .debug_frame   0x00000578      0x874 ./startup/startup_mimxrt1011.o
 .debug_frame   0x00000dec       0x20 ./source/semihost_hardfault.o
 .debug_frame   0x00000e0c      0x1b8 ./source/uart_robotic_arm.o
 .debug_frame   0x00000fc4      0x4b0 ./drivers/fsl_clock.o
 .debug_frame   0x00001474      0x54c ./drivers/fsl_lpuart.o
 .debug_frame   0x000019c0       0x7c ./device/system_MIMXRT1011.o
 .debug_frame   0x00001a3c      0x114 ./component/uart/lpuart_adapter.o
 .debug_frame   0x00001b50      0x258 ./component/serial_manager/serial_manager.o
 .debug_frame   0x00001da8       0xe8 ./component/serial_manager/serial_port_uart.o
 .debug_frame   0x00001e90      0x160 ./board/board.o
 .debug_frame   0x00001ff0      0x1a0 ./board/clock_config.o
 .debug_frame   0x00002190       0xe8 ./board/pin_mux.o

Cross Reference Table

Symbol                                            File
ADC1_DriverIRQHandler                             ./startup/startup_mimxrt1011.o
ADC1_IRQHandler                                   ./startup/startup_mimxrt1011.o
ADC_ETC_ERROR_IRQ_DriverIRQHandler                ./startup/startup_mimxrt1011.o
ADC_ETC_ERROR_IRQ_IRQHandler                      ./startup/startup_mimxrt1011.o
ADC_ETC_IRQ0_DriverIRQHandler                     ./startup/startup_mimxrt1011.o
ADC_ETC_IRQ0_IRQHandler                           ./startup/startup_mimxrt1011.o
ADC_ETC_IRQ1_DriverIRQHandler                     ./startup/startup_mimxrt1011.o
ADC_ETC_IRQ1_IRQHandler                           ./startup/startup_mimxrt1011.o
ADC_ETC_IRQ2_DriverIRQHandler                     ./startup/startup_mimxrt1011.o
ADC_ETC_IRQ2_IRQHandler                           ./startup/startup_mimxrt1011.o
ADC_ETC_IRQ3_DriverIRQHandler                     ./startup/startup_mimxrt1011.o
ADC_ETC_IRQ3_IRQHandler                           ./startup/startup_mimxrt1011.o
BOARD_BootClockRUN                                ./board/clock_config.o
                                                  ./source/uart_robotic_arm.o
BOARD_ConfigMPU                                   ./board/board.o
                                                  ./source/uart_robotic_arm.o
BOARD_DebugConsoleSrcFreq                         ./board/board.o
                                                  ./source/uart_robotic_arm.o
BOARD_InitBootClocks                              ./board/clock_config.o
BOARD_InitBootPins                                ./board/pin_mux.o
BOARD_InitDebugConsole                            ./board/board.o
BOARD_InitPins                                    ./board/pin_mux.o
                                                  ./source/uart_robotic_arm.o
BusFault_Handler                                  ./startup/startup_mimxrt1011.o
CCM_1_DriverIRQHandler                            ./startup/startup_mimxrt1011.o
CCM_1_IRQHandler                                  ./startup/startup_mimxrt1011.o
CCM_2_DriverIRQHandler                            ./startup/startup_mimxrt1011.o
CCM_2_IRQHandler                                  ./startup/startup_mimxrt1011.o
CLOCK_DeinitAudioPll                              ./drivers/fsl_clock.o
                                                  ./board/clock_config.o
CLOCK_DeinitEnetPll                               ./drivers/fsl_clock.o
CLOCK_DeinitExternalClk                           ./drivers/fsl_clock.o
CLOCK_DeinitRcOsc24M                              ./drivers/fsl_clock.o
CLOCK_DeinitSysPfd                                ./drivers/fsl_clock.o
CLOCK_DeinitSysPll                                ./drivers/fsl_clock.o
CLOCK_DeinitUsb1Pfd                               ./drivers/fsl_clock.o
CLOCK_DeinitUsb1Pll                               ./drivers/fsl_clock.o
CLOCK_DisableUsbhs0PhyPllClock                    ./drivers/fsl_clock.o
CLOCK_EnableUsbhs0Clock                           ./drivers/fsl_clock.o
CLOCK_EnableUsbhs0PhyPllClock                     ./drivers/fsl_clock.o
CLOCK_GetCoreFreq                                 ./drivers/fsl_clock.o
CLOCK_GetFreq                                     ./drivers/fsl_clock.o
CLOCK_GetIpgFreq                                  ./drivers/fsl_clock.o
CLOCK_GetPerClkFreq                               ./drivers/fsl_clock.o
CLOCK_GetPllFreq                                  ./drivers/fsl_clock.o
                                                  ./board/board.o
CLOCK_GetSysPfdFreq                               ./drivers/fsl_clock.o
CLOCK_GetUsb1PfdFreq                              ./drivers/fsl_clock.o
CLOCK_InitAudioPll                                ./drivers/fsl_clock.o
CLOCK_InitEnetPll                                 ./drivers/fsl_clock.o
                                                  ./board/clock_config.o
CLOCK_InitExternalClk                             ./drivers/fsl_clock.o
                                                  ./board/clock_config.o
CLOCK_InitRcOsc24M                                ./drivers/fsl_clock.o
                                                  ./board/clock_config.o
CLOCK_InitSysPfd                                  ./drivers/fsl_clock.o
                                                  ./board/clock_config.o
CLOCK_InitSysPll                                  ./drivers/fsl_clock.o
                                                  ./board/clock_config.o
CLOCK_InitUsb1Pfd                                 ./drivers/fsl_clock.o