Archive member included to satisfy reference by file (symbol)

c:/nxp/mcuxpressoide_11.3.0_5222/ide/plugins/com.nxp.mcuxpresso.tools.win32_11.3.0.202008311133/tools/bin/../lib/gcc/arm-none-eabi/9.3.1/../../../../arm-none-eabi/lib/thumb/v7e-m+fp/hard\libcr_nohost_nf.a(_cr__main.o)
                              ./startup/startup_mimxrt1011.o (__main)
c:/nxp/mcuxpressoide_11.3.0_5222/ide/plugins/com.nxp.mcuxpresso.tools.win32_11.3.0.202008311133/tools/bin/../lib/gcc/arm-none-eabi/9.3.1/../../../../arm-none-eabi/lib/thumb/v7e-m+fp/hard\libcr_c.a(memcpy.o)
                              ./utilities/fsl_str.o (memcpy)
c:/nxp/mcuxpressoide_11.3.0_5222/ide/plugins/com.nxp.mcuxpresso.tools.win32_11.3.0.202008311133/tools/bin/../lib/gcc/arm-none-eabi/9.3.1/../../../../arm-none-eabi/lib/thumb/v7e-m+fp/hard\libcr_c.a(memset.o)
                              ./utilities/fsl_debug_console.o (memset)
c:/nxp/mcuxpressoide_11.3.0_5222/ide/plugins/com.nxp.mcuxpresso.tools.win32_11.3.0.202008311133/tools/bin/../lib/gcc/arm-none-eabi/9.3.1/../../../../arm-none-eabi/lib/thumb/v7e-m+fp/hard\libcr_c.a(alloc.o)
                              ./drivers/fsl_common.o (malloc)
c:/nxp/mcuxpressoide_11.3.0_5222/ide/plugins/com.nxp.mcuxpresso.tools.win32_11.3.0.202008311133/tools/bin/../lib/gcc/arm-none-eabi/9.3.1/../../../../arm-none-eabi/lib/thumb/v7e-m+fp/hard\libcr_c.a(initio.o)
                              c:/nxp/mcuxpressoide_11.3.0_5222/ide/plugins/com.nxp.mcuxpresso.tools.win32_11.3.0.202008311133/tools/bin/../lib/gcc/arm-none-eabi/9.3.1/../../../../arm-none-eabi/lib/thumb/v7e-m+fp/hard\libcr_nohost_nf.a(_cr__main.o) (_initio)
c:/nxp/mcuxpressoide_11.3.0_5222/ide/plugins/com.nxp.mcuxpresso.tools.win32_11.3.0.202008311133/tools/bin/../lib/gcc/arm-none-eabi/9.3.1/../../../../arm-none-eabi/lib/thumb/v7e-m+fp/hard\libcr_c.a(scanf.o)
                              ./utilities/fsl_str.o (strtoul)
c:/nxp/mcuxpressoide_11.3.0_5222/ide/plugins/com.nxp.mcuxpresso.tools.win32_11.3.0.202008311133/tools/bin/../lib/gcc/arm-none-eabi/9.3.1/../../../../arm-none-eabi/lib/thumb/v7e-m+fp/hard\libcr_c.a(setvbuf.o)
                              c:/nxp/mcuxpressoide_11.3.0_5222/ide/plugins/com.nxp.mcuxpresso.tools.win32_11.3.0.202008311133/tools/bin/../lib/gcc/arm-none-eabi/9.3.1/../../../../arm-none-eabi/lib/thumb/v7e-m+fp/hard\libcr_c.a(initio.o) (setvbuf)
c:/nxp/mcuxpressoide_11.3.0_5222/ide/plugins/com.nxp.mcuxpresso.tools.win32_11.3.0.202008311133/tools/bin/../lib/gcc/arm-none-eabi/9.3.1/../../../../arm-none-eabi/lib/thumb/v7e-m+fp/hard\libcr_c.a(strlen.o)
                              ./utilities/fsl_str.o (strlen)
c:/nxp/mcuxpressoide_11.3.0_5222/ide/plugins/com.nxp.mcuxpresso.tools.win32_11.3.0.202008311133/tools/bin/../lib/gcc/arm-none-eabi/9.3.1/../../../../arm-none-eabi/lib/thumb/v7e-m+fp/hard\libcr_c.a(ungetc.o)
                              c:/nxp/mcuxpressoide_11.3.0_5222/ide/plugins/com.nxp.mcuxpresso.tools.win32_11.3.0.202008311133/tools/bin/../lib/gcc/arm-none-eabi/9.3.1/../../../../arm-none-eabi/lib/thumb/v7e-m+fp/hard\libcr_c.a(scanf.o) (ungetc)
c:/nxp/mcuxpressoide_11.3.0_5222/ide/plugins/com.nxp.mcuxpresso.tools.win32_11.3.0.202008311133/tools/bin/../lib/gcc/arm-none-eabi/9.3.1/../../../../arm-none-eabi/lib/thumb/v7e-m+fp/hard\libcr_c.a(__fillbuf.o)
                              c:/nxp/mcuxpressoide_11.3.0_5222/ide/plugins/com.nxp.mcuxpresso.tools.win32_11.3.0.202008311133/tools/bin/../lib/gcc/arm-none-eabi/9.3.1/../../../../arm-none-eabi/lib/thumb/v7e-m+fp/hard\libcr_c.a(scanf.o) (__filbuf)
c:/nxp/mcuxpressoide_11.3.0_5222/ide/plugins/com.nxp.mcuxpresso.tools.win32_11.3.0.202008311133/tools/bin/../lib/gcc/arm-none-eabi/9.3.1/../../../../arm-none-eabi/lib/thumb/v7e-m+fp/hard\libcr_c.a(__init_alloc.o)
                              c:/nxp/mcuxpressoide_11.3.0_5222/ide/plugins/com.nxp.mcuxpresso.tools.win32_11.3.0.202008311133/tools/bin/../lib/gcc/arm-none-eabi/9.3.1/../../../../arm-none-eabi/lib/thumb/v7e-m+fp/hard\libcr_c.a(alloc.o) (__heaps)
c:/nxp/mcuxpressoide_11.3.0_5222/ide/plugins/com.nxp.mcuxpresso.tools.win32_11.3.0.202008311133/tools/bin/../lib/gcc/arm-none-eabi/9.3.1/../../../../arm-none-eabi/lib/thumb/v7e-m+fp/hard\libcr_c.a(_cr_sbrk.o)
                              c:/nxp/mcuxpressoide_11.3.0_5222/ide/plugins/com.nxp.mcuxpresso.tools.win32_11.3.0.202008311133/tools/bin/../lib/gcc/arm-none-eabi/9.3.1/../../../../arm-none-eabi/lib/thumb/v7e-m+fp/hard\libcr_c.a(alloc.o) (_sbrk)
c:/nxp/mcuxpressoide_11.3.0_5222/ide/plugins/com.nxp.mcuxpresso.tools.win32_11.3.0.202008311133/tools/bin/../lib/gcc/arm-none-eabi/9.3.1/../../../../arm-none-eabi/lib/thumb/v7e-m+fp/hard\libcr_c.a(_deferredlazyseek.o)
                              c:/nxp/mcuxpressoide_11.3.0_5222/ide/plugins/com.nxp.mcuxpresso.tools.win32_11.3.0.202008311133/tools/bin/../lib/gcc/arm-none-eabi/9.3.1/../../../../arm-none-eabi/lib/thumb/v7e-m+fp/hard\libcr_c.a(__fillbuf.o) (_deferredlazyseek)
[...]
Memory Configuration

Name             Origin             Length             Attributes
BOARD_FLASH      0x60000000         0x01000000         xr
SRAM_DTC         0x20000000         0x00008000         xrw
SRAM_ITC         0x00000000         0x00008000         xrw
SRAM_OC          0x20200000         0x00010000         xrw
NCACHE_REGION    0x20210000         0x00000000         xrw
*default*        0x00000000         0xffffffff

Linker script and memory map

LOAD ./xip/evkmimxrt1010_flexspi_nor_config.o
LOAD ./xip/fsl_flexspi_nor_boot.o
LOAD ./utilities/fsl_assert.o
LOAD ./utilities/fsl_debug_console.o
LOAD ./utilities/fsl_str.o
LOAD ./startup/startup_mimxrt1011.o
LOAD ./source/semihost_hardfault.o
LOAD ./source/uart_robotic_arm.o
LOAD ./drivers/fsl_clock.o
LOAD ./drivers/fsl_common.o
LOAD ./drivers/fsl_gpio.o
LOAD ./drivers/fsl_lpuart.o
LOAD ./device/system_MIMXRT1011.o
LOAD ./component/uart/lpuart_adapter.o
LOAD ./component/serial_manager/serial_manager.o
LOAD ./component/serial_manager/serial_port_uart.o
LOAD ./component/lists/generic_list.o
LOAD ./board/board.o
LOAD ./board/clock_config.o
LOAD ./board/pin_mux.o
START GROUP
LOAD c:/nxp/mcuxpressoide_11.3.0_5222/ide/plugins/com.nxp.mcuxpresso.tools.win32_11.3.0.202008311133/tools/bin/../lib/gcc/arm-none-eabi/9.3.1/../../../../arm-none-eabi/lib/thumb/v7e-m+fp/hard\libcr_nohost_nf.a
LOAD c:/nxp/mcuxpressoide_11.3.0_5222/ide/plugins/com.nxp.mcuxpresso.tools.win32_11.3.0.202008311133/tools/bin/../lib/gcc/arm-none-eabi/9.3.1/../../../../arm-none-eabi/lib/thumb/v7e-m+fp/hard\libcr_c.a
LOAD c:/nxp/mcuxpressoide_11.3.0_5222/ide/plugins/com.nxp.mcuxpresso.tools.win32_11.3.0.202008311133/tools/bin/../lib/gcc/arm-none-eabi/9.3.1/thumb/v7e-m+fp/hard\libcr_eabihelpers.a
LOAD c:/nxp/mcuxpressoide_11.3.0_5222/ide/plugins/com.nxp.mcuxpresso.tools.win32_11.3.0.202008311133/tools/bin/../lib/gcc/arm-none-eabi/9.3.1/thumb/v7e-m+fp/hard\libgcc.a
END GROUP
                0x60000000                __base_BOARD_FLASH = 0x60000000
                0x60000000                __base_Flash = 0x60000000
                0x61000000                __top_BOARD_FLASH = 0x61000000
                0x61000000                __top_Flash = 0x61000000
                0x20000000                __base_SRAM_DTC = 0x20000000
                0x20000000                __base_RAM = 0x20000000
                0x20008000                __top_SRAM_DTC = 0x20008000
                0x20008000                __top_RAM = 0x20008000
                0x00000000                __base_SRAM_ITC = 0x0
                0x00000000                __base_RAM2 = 0x0
                0x00008000                __top_SRAM_ITC = 0x8000
                0x00008000                __top_RAM2 = 0x8000
                0x20200000                __base_SRAM_OC = 0x20200000
                0x20200000                __base_RAM3 = 0x20200000
                0x20210000                __top_SRAM_OC = 0x20210000
                0x20210000                __top_RAM3 = 0x20210000
                0x20210000                __base_NCACHE_REGION = 0x20210000
                0x20210000                __base_RAM4 = 0x20210000
                0x20210000                __top_NCACHE_REGION = 0x20210000
                0x20210000                __top_RAM4 = 0x20210000

.boot_hdr       0x60000000     0x2000
 FILL mask 0xff
                0x00000400                . = 0x400
 *fill*         0x60000000      0x400 ff
                0x60000400                __boot_hdr_start__ = ABSOLUTE (.)
 *(SORT_BY_ALIGNMENT(.boot_hdr.conf))
 .boot_hdr.conf
                0x60000400      0x200 ./xip/evkmimxrt1010_flexspi_nor_config.o
                0x60000400                qspiflash_config
                0x00001000                . = 0x1000
 *fill*         0x60000600      0xa00 ff
 *(SORT_BY_ALIGNMENT(.boot_hdr.ivt))
 .boot_hdr.ivt  0x60001000       0x20 ./xip/fsl_flexspi_nor_boot.o
                0x60001000                image_vector_table
                0x00001020                . = 0x1020
 *(SORT_BY_ALIGNMENT(.boot_hdr.boot_data))
 .boot_hdr.boot_data
                0x60001020       0x10 ./xip/fsl_flexspi_nor_boot.o
                0x60001020                boot_data
                0x00001030                . = 0x1030
 *(SORT_BY_ALIGNMENT(.boot_hdr.dcd_data))
                0x60001030                __boot_hdr_end__ = ABSOLUTE (.)
                0x00002000                . = 0x2000
 *fill*         0x60001030      0xfd0 ff

.text           0x60002000     0x4390
 FILL mask 0xff
                0x60002000                __vectors_start__ = ABSOLUTE (.)
 *(SORT_BY_ALIGNMENT(.isr_vector))
 .isr_vector    0x60002000      0x180 ./startup/startup_mimxrt1011.o
                0x60002000                g_pfnVectors
                0x60002000                __Vectors
                0x60002180                . = ALIGN (0x4)
                0x60002180                __section_table_start = .
                0x60002180                __data_section_table = .
                0x60002180        0x4 LONG 0x60006390 LOADADDR (.data)
                0x60002184        0x4 LONG 0x20000000 ADDR (.data)
                0x60002188        0x4 LONG 0x8 SIZEOF (.data)
                0x6000218c        0x4 LONG 0x60006390 LOADADDR (.data_RAM2)
                0x60002190        0x4 LONG 0x0 ADDR (.data_RAM2)
                0x60002194        0x4 LONG 0x0 SIZEOF (.data_RAM2)
                0x60002198        0x4 LONG 0x60006390 LOADADDR (.data_RAM3)
                0x6000219c        0x4 LONG 0x20200000 ADDR (.data_RAM3)
                0x600021a0        0x4 LONG 0x0 SIZEOF (.data_RAM3)
                0x600021a4        0x4 LONG 0x60006390 LOADADDR (.data_RAM4)
                0x600021a8        0x4 LONG 0x20210000 ADDR (.data_RAM4)
                0x600021ac        0x4 LONG 0x0 SIZEOF (.data_RAM4)
                0x600021b0                __data_section_table_end = .
                0x600021b0                __bss_section_table = .
                0x600021b0        0x4 LONG 0x20000008 ADDR (.bss)
                0x600021b4        0x4 LONG 0x7dc SIZEOF (.bss)
                0x600021b8        0x4 LONG 0x0 ADDR (.bss_RAM2)
                0x600021bc        0x4 LONG 0x0 SIZEOF (.bss_RAM2)
                0x600021c0        0x4 LONG 0x20200000 ADDR (.bss_RAM3)
                0x600021c4        0x4 LONG 0x0 SIZEOF (.bss_RAM3)
                0x600021c8        0x4 LONG 0x20210000 ADDR (.bss_RAM4)
                0x600021cc        0x4 LONG 0x0 SIZEOF (.bss_RAM4)
                0x600021d0                __bss_section_table_end = .
                0x600021d0                __section_table_end = .
 *(SORT_BY_ALIGNMENT(.after_vectors*))
 .after_vectors.reset
                0x600021d0       0x4c ./startup/startup_mimxrt1011.o
                0x600021d0                ResetISR
 .after_vectors.init_data
                0x6000221c       0x1e ./startup/startup_mimxrt1011.o
                0x6000221c                data_init
 .after_vectors.init_bss
                0x6000223a       0x12 ./startup/startup_mimxrt1011.o
                0x6000223a                bss_init
 .after_vectors
                0x6000224c       0x14 ./startup/startup_mimxrt1011.o
                0x6000224c                NMI_Handler
                0x60002250                MemManage_Handler
                0x60002252                BusFault_Handler
                0x60002254                UsageFault_Handler
                0x60002256                SVC_Handler
                0x60002258                DebugMon_Handler
                0x6000225a                PendSV_Handler
                0x6000225c                SysTick_Handler
                0x6000225e                DMA12_DriverIRQHandler
                0x6000225e                SPDIF_DriverIRQHandler
                0x6000225e                FLEXRAM_DriverIRQHandler
                0x6000225e                DMA0_DriverIRQHandler
                0x6000225e                PIT_DriverIRQHandler
                0x6000225e                ADC_ETC_IRQ3_DriverIRQHandler
                0x6000225e                USB_PHY_DriverIRQHandler
                0x6000225e                GPR_IRQ_DriverIRQHandler
                0x6000225e                DMA6_DriverIRQHandler
                0x6000225e                TRNG_DriverIRQHandler
                0x6000225e                SAI3_RX_DriverIRQHandler
                0x6000225e                IntDefaultHandler
                0x6000225e                DMA11_DriverIRQHandler
                0x6000225e                SRC_DriverIRQHandler
                0x6000225e                DMA10_DriverIRQHandler
                0x6000225e                EWM_DriverIRQHandler
                0x6000225e                DMA5_DriverIRQHandler
                0x6000225e                DMA4_DriverIRQHandler
                0x6000225e                WDOG1_DriverIRQHandler
                0x6000225e                CCM_2_DriverIRQHandler
                0x6000225e                ADC_ETC_IRQ2_DriverIRQHandler
                0x6000225e                GPIO1_Combined_16_31_DriverIRQHandler
                0x6000225e                SAI1_DriverIRQHandler
                0x6000225e                DCDC_DriverIRQHandler
                0x6000225e                ADC_ETC_ERROR_IRQ_DriverIRQHandler
                0x6000225e                GPIO5_Combined_0_15_DriverIRQHandler
                0x6000225e                DMA3_DriverIRQHandler
                0x6000225e                RTWDOG_DriverIRQHandler
                0x6000225e                FLEXSPI_DriverIRQHandler
                0x6000225e                GPT2_DriverIRQHandler
                0x6000225e                DMA8_DriverIRQHandler
                0x6000225e                DMA9_DriverIRQHandler
                0x6000225e                PWM1_1_DriverIRQHandler
                0x6000225e                Reserved71_DriverIRQHandler
                0x6000225e                ADC1_DriverIRQHandler
                0x6000225e                PWM1_0_DriverIRQHandler
                0x6000225e                DMA14_DriverIRQHandler
                0x6000225e                DCP_DriverIRQHandler
                0x6000225e                CTI0_ERROR_DriverIRQHandler
                0x6000225e                GPT1_DriverIRQHandler
                0x6000225e                CSU_DriverIRQHandler
                0x6000225e                CTI1_ERROR_DriverIRQHandler
                0x6000225e                GPIO1_Combined_0_15_DriverIRQHandler
                0x6000225e                LPSPI2_DriverIRQHandler
                0x6000225e                CORE_DriverIRQHandler
                0x6000225e                FLEXIO1_DriverIRQHandler
                0x6000225e                SNVS_HP_WRAPPER_TZ_DriverIRQHandler
                0x6000225e                PWM1_FAULT_DriverIRQHandler
                0x6000225e                DMA1_DriverIRQHandler
                0x6000225e                LPI2C1_DriverIRQHandler
                0x6000225e                SNVS_HP_WRAPPER_DriverIRQHandler
                0x6000225e                ADC_ETC_IRQ1_DriverIRQHandler
                0x6000225e                LPSPI1_DriverIRQHandler
                0x6000225e                DMA13_DriverIRQHandler
                0x6000225e                DCP_VMI_DriverIRQHandler
                0x6000225e                DMA15_DriverIRQHandler
                0x6000225e                GPC_DriverIRQHandler
                0x6000225e                GPIO2_Combined_0_15_DriverIRQHandler
                0x6000225e                PWM1_2_DriverIRQHandler
                0x6000225e                USB_OTG1_DriverIRQHandler
                0x6000225e                TEMP_LOW_HIGH_DriverIRQHandler
                0x6000225e                SAI3_TX_DriverIRQHandler
                0x6000225e                WDOG2_DriverIRQHandler
                0x6000225e                Reserved68_DriverIRQHandler
                0x6000225e                PMU_DriverIRQHandler
                0x6000225e                CCM_1_DriverIRQHandler
                0x6000225e                TEMP_PANIC_DriverIRQHandler
                0x6000225e                KPP_DriverIRQHandler
                0x6000225e                DMA2_DriverIRQHandler
                0x6000225e                PWM1_3_DriverIRQHandler
                0x6000225e                Reserved70_DriverIRQHandler
                0x6000225e                LPI2C2_DriverIRQHandler
                0x6000225e                DMA_ERROR_DriverIRQHandler
                0x6000225e                ADC_ETC_IRQ0_DriverIRQHandler
                0x6000225e                DMA7_DriverIRQHandler
                0x6000225e                XBAR1_IRQ_0_1_2_3_DriverIRQHandler
                0x6000225e                SNVS_LP_WRAPPER_DriverIRQHandler
 *(SORT_BY_ALIGNMENT(.text*))
 .text.__assertion_failed
                0x60002260       0x18 ./utilities/fsl_assert.o
                0x60002260                __assertion_failed
 .text.DbgConsole_SendDataReliable
                0x60002278       0x64 ./utilities/fsl_debug_console.o
                0x60002278                DbgConsole_SendDataReliable
 .text.DbgConsole_Printf
                0x600022dc       0x78 ./utilities/fsl_debug_console.o
                0x600022dc                DbgConsole_Printf
 .text.__NVIC_EnableIRQ
                0x60002354       0x3c ./source/uart_robotic_arm.o
 .text.CLOCK_ControlGate
                0x60002390       0x64 ./source/uart_robotic_arm.o
 .text.LPUART1_IRQHandler
                0x600023f4       0x80 ./source/uart_robotic_arm.o
                0x600023f4                LPUART1_IRQHandler
 .text.BOARD_InitPins_UART4
                0x60002474       0x80 ./source/uart_robotic_arm.o
                0x60002474                BOARD_InitPins_UART4
 .text.initSeq_ARM
                0x600024f4       0xe0 ./source/uart_robotic_arm.o
                0x600024f4                initSeq_ARM
 .text.mapper_for_ARM
                0x600025d4      0x4d0 ./source/uart_robotic_arm.o
                0x600025d4                mapper_for_ARM
 .text.convert_pos_toString
                0x60002aa4      0x104 ./source/uart_robotic_arm.o
                0x60002aa4                convert_pos_toString
 .text.save_sequence_dataStore
                0x60002ba8       0x68 ./source/uart_robotic_arm.o
                0x60002ba8                save_sequence_dataStore
 .text.send_info_seq
                0x60002c10       0xb0 ./source/uart_robotic_arm.o
                0x60002c10                send_info_seq
 .text.error_management
                0x60002cc0       0x9c ./source/uart_robotic_arm.o
                0x60002cc0                error_management
 .text.consumer_fn
                0x60002d5c      0x130 ./source/uart_robotic_arm.o
                0x60002d5c                consumer_fn
 .text.control_arm_AL5D
                0x60002e8c       0x48 ./source/uart_robotic_arm.o
                0x60002e8c                control_arm_AL5D
 .text.main     0x60002ed4       0xa0 ./source/uart_robotic_arm.o
                0x60002ed4                main
 .text.CLOCK_GetOscFreq
                0x60002f74       0x30 ./drivers/fsl_clock.o
 .text.CLOCK_InitExternalClk
                0x60002fa4       0x6c ./drivers/fsl_clock.o
                0x60002fa4                CLOCK_InitExternalClk
 .text.CLOCK_SwitchOsc
                0x60003010       0x34 ./drivers/fsl_clock.o
                0x60003010                CLOCK_SwitchOsc
 .text.CLOCK_InitRcOsc24M
                0x60003044       0x24 ./drivers/fsl_clock.o
                0x60003044                CLOCK_InitRcOsc24M
 .text.CLOCK_InitSysPll
                0x60003068       0x9c ./drivers/fsl_clock.o
                0x60003068                CLOCK_InitSysPll
 .text.CLOCK_DeinitAudioPll
                0x60003104       0x1c ./drivers/fsl_clock.o
                0x60003104                CLOCK_DeinitAudioPll
 .text.CLOCK_InitEnetPll
                0x60003120       0x7c ./drivers/fsl_clock.o
                0x60003120                CLOCK_InitEnetPll
 .text.CLOCK_GetPllFreq
                0x6000319c      0x1e8 ./drivers/fsl_clock.o
                0x6000319c                CLOCK_GetPllFreq
 .text.CLOCK_InitSysPfd
                0x60003384       0x64 ./drivers/fsl_clock.o
                0x60003384                CLOCK_InitSysPfd
 .text.CLOCK_ControlGate
                0x600033e8       0x64 ./drivers/fsl_lpuart.o
 .text.LPUART_GetInstance
                0x6000344c       0x4c ./drivers/fsl_lpuart.o
                0x6000344c                LPUART_GetInstance
 .text.LPUART_Init
                0x60003498      0x310 ./drivers/fsl_lpuart.o
                0x60003498                LPUART_Init
 .text.LPUART_GetDefaultConfig
                0x600037a8       0x88 ./drivers/fsl_lpuart.o
                0x600037a8                LPUART_GetDefaultConfig
 .text.LPUART_WriteBlocking
                0x60003830       0x68 ./drivers/fsl_lpuart.o
                0x60003830                LPUART_WriteBlocking
 .text.LPUART2_DriverIRQHandler
                0x60003898       0x28 ./drivers/fsl_lpuart.o
                0x60003898                LPUART2_DriverIRQHandler
 .text.LPUART3_DriverIRQHandler
                0x600038c0       0x28 ./drivers/fsl_lpuart.o
                0x600038c0                LPUART3_DriverIRQHandler
 .text.LPUART4_DriverIRQHandler
                0x600038e8       0x28 ./drivers/fsl_lpuart.o
                0x600038e8                LPUART4_DriverIRQHandler
 .text.SystemInit
                0x60003910      0x1b8 ./device/system_MIMXRT1011.o
                0x60003910                SystemInit
 .text.HAL_UartSendBlocking
                0x60003ac8       0x64 ./component/uart/lpuart_adapter.o
                0x60003ac8                HAL_UartSendBlocking
 .text.SerialManager_Write
                0x60003b2c       0x6c ./component/serial_manager/serial_manager.o
 .text.Serial_UartWrite
                0x60003b98       0x58 ./component/serial_manager/serial_port_uart.o
                0x60003b98                Serial_UartWrite
 .text.ARM_MPU_Enable
                0x60003bf0       0x40 ./board/board.o
 .text.ARM_MPU_Disable
                0x60003c30       0x34 ./board/board.o
 .text.CLOCK_GetMux
                0x60003c64       0x44 ./board/board.o
 .text.CLOCK_GetDiv
                0x60003ca8       0x44 ./board/board.o
 .text.CLOCK_GetOscFreq
                0x60003cec       0x30 ./board/board.o
 .text.BOARD_DebugConsoleSrcFreq
                0x60003d1c       0x64 ./board/board.o
                0x60003d1c                BOARD_DebugConsoleSrcFreq
 .text.BOARD_ConfigMPU
                0x60003d80      0x2e4 ./board/board.o
                0x60003d80                BOARD_ConfigMPU
 .text.SystemInitHook
                0x60004064       0x20 ./board/board.o
                0x60004064                SystemInitHook
 .text.CLOCK_SetMux
                0x60004084       0x9c ./board/clock_config.o
 .text.CLOCK_SetDiv
                0x60004120       0x9c ./board/clock_config.o
 .text.CLOCK_ControlGate
                0x600041bc       0x64 ./board/clock_config.o
 .text.CLOCK_SetXtalFreq
                0x60004220       0x20 ./board/clock_config.o
 .text.CLOCK_SetRtcXtalFreq
                0x60004240       0x20 ./board/clock_config.o
 .text.IOMUXC_MQSConfig
                0x60004260       0x44 ./board/clock_config.o
 .text.BOARD_BootClockRUN
                0x600042a4      0x3c0 ./board/clock_config.o
                0x600042a4                BOARD_BootClockRUN
 .text.CLOCK_ControlGate
                0x60004664       0x64 ./board/pin_mux.o
 .text.BOARD_InitPins
                0x600046c8       0x80 ./board/pin_mux.o
                0x600046c8                BOARD_InitPins
 .text._initio  0x60004748       0x78 c:/nxp/mcuxpressoide_11.3.0_5222/ide/plugins/com.nxp.mcuxpresso.tools.win32_11.3.0.202008311133/tools/bin/../lib/gcc/arm-none-eabi/9.3.1/../../../../arm-none-eabi/lib/thumb/v7e-m+fp/hard\libcr_c.a(initio.o)
                0x60004748                _initio
 .text._Cwritebuf
                0x600047c0       0x6c c:/nxp/mcuxpressoide_11.3.0_5222/ide/plugins/com.nxp.mcuxpresso.tools.win32_11.3.0.202008311133/tools/bin/../lib/gcc/arm-none-eabi/9.3.1/../../../../arm-none-eabi/lib/thumb/v7e-m+fp/hard\libcr_c.a(_writebuf.o)
                0x600047c0                _Cwritebuf
 .text.fflush   0x6000482c       0x44 c:/nxp/mcuxpressoide_11.3.0_5222/ide/plugins/com.nxp.mcuxpresso.tools.win32_11.3.0.202008311133/tools/bin/../lib/gcc/arm-none-eabi/9.3.1/../../../../arm-none-eabi/lib/thumb/v7e-m+fp/hard\libcr_c.a(fflush.o)
                0x6000482c                fflush
 .text.fseek    0x60004870      0x100 c:/nxp/mcuxpressoide_11.3.0_5222/ide/plugins/com.nxp.mcuxpresso.tools.win32_11.3.0.202008311133/tools/bin/../lib/gcc/arm-none-eabi/9.3.1/../../../../arm-none-eabi/lib/thumb/v7e-m+fp/hard\libcr_c.a(fseek.o)
                0x60004870                fseek
 .text.ftell    0x60004970       0x44 c:/nxp/mcuxpressoide_11.3.0_5222/ide/plugins/com.nxp.mcuxpresso.tools.win32_11.3.0.202008311133/tools/bin/../lib/gcc/arm-none-eabi/9.3.1/../../../../arm-none-eabi/lib/thumb/v7e-m+fp/hard\libcr_c.a(ftell.o)
                0x60004970                ftell
 .text.DbgConsole_PrintCallback
                0x600049b4       0x66 ./utilities/fsl_debug_console.o
 .text.PrintGetWidth
                0x60004a1a       0x6a ./utilities/fsl_str.o
 .text.PrintGetPrecision
                0x60004a84       0x8c ./utilities/fsl_str.o
 .text.PrintIsobpu
                0x60004b10       0x38 ./utilities/fsl_str.o
 .text.PrintIsdi
                0x60004b48       0x2c ./utilities/fsl_str.o
 .text.PrintOutputdifFobpu
                0x60004b74       0x44 ./utilities/fsl_str.o
 .text.PrintOutputxX
                0x60004bb8       0x44 ./utilities/fsl_str.o
 .text.PrintIsfF
                0x60004bfc       0x2c ./utilities/fsl_str.o
 .text.PrintIsxX
                0x60004c28       0x2c ./utilities/fsl_str.o
 .text.PrintGetRadixFromobpu
                0x60004c54       0x40 ./utilities/fsl_str.o
 .text.ConvertRadixNumToString
                0x60004c94      0x118 ./utilities/fsl_str.o
 .text.StrFormatPrintf
                0x60004dac      0x286 ./utilities/fsl_str.o
                0x60004dac                StrFormatPrintf
 .text.DMA0_IRQHandler
                0x60005032        0x8 ./startup/startup_mimxrt1011.o
                0x60005032                DMA0_IRQHandler
 .text.DMA1_IRQHandler
                0x6000503a        0x8 ./startup/startup_mimxrt1011.o
                0x6000503a                DMA1_IRQHandler
 .text.DMA2_IRQHandler
                0x60005042        0x8 ./startup/startup_mimxrt1011.o
                0x60005042                DMA2_IRQHandler
 .text.DMA3_IRQHandler
                0x6000504a        0x8 ./startup/startup_mimxrt1011.o
                0x6000504a                DMA3_IRQHandler
 .text.DMA4_IRQHandler
                0x60005052        0x8 ./startup/startup_mimxrt1011.o
                0x60005052                DMA4_IRQHandler
 .text.DMA5_IRQHandler
                0x6000505a        0x8 ./startup/startup_mimxrt1011.o
                0x6000505a                DMA5_IRQHandler
 .text.DMA6_IRQHandler
                0x60005062        0x8 ./startup/startup_mimxrt1011.o
                0x60005062                DMA6_IRQHandler
 .text.DMA7_IRQHandler
                0x6000506a        0x8 ./startup/startup_mimxrt1011.o
                0x6000506a                DMA7_IRQHandler
 .text.DMA8_IRQHandler
                0x60005072        0x8 ./startup/startup_mimxrt1011.o
                0x60005072                DMA8_IRQHandler
 .text.DMA9_IRQHandler
                0x6000507a        0x8 ./startup/startup_mimxrt1011.o
                0x6000507a                DMA9_IRQHandler
 .text.DMA10_IRQHandler
                0x60005082        0x8 ./startup/startup_mimxrt1011.o
                0x60005082                DMA10_IRQHandler
 .text.DMA11_IRQHandler
                0x6000508a        0x8 ./startup/startup_mimxrt1011.o
                0x6000508a                DMA11_IRQHandler
 .text.DMA12_IRQHandler
                0x60005092        0x8 ./startup/startup_mimxrt1011.o
                0x60005092                DMA12_IRQHandler
 .text.DMA13_IRQHandler
                0x6000509a        0x8 ./startup/startup_mimxrt1011.o
                0x6000509a                DMA13_IRQHandler
 .text.DMA14_IRQHandler
                0x600050a2        0x8 ./startup/startup_mimxrt1011.o
                0x600050a2                DMA14_IRQHandler
 .text.DMA15_IRQHandler
                0x600050aa        0x8 ./startup/startup_mimxrt1011.o
                0x600050aa                DMA15_IRQHandler
 .text.DMA_ERROR_IRQHandler
                0x600050b2        0x8 ./startup/startup_mimxrt1011.o
                0x600050b2                DMA_ERROR_IRQHandler
 .text.CTI0_ERROR_IRQHandler
                0x600050ba        0x8 ./startup/startup_mimxrt1011.o
                0x600050ba                CTI0_ERROR_IRQHandler
 .text.CTI1_ERROR_IRQHandler
                0x600050c2        0x8 ./startup/startup_mimxrt1011.o
                0x600050c2                CTI1_ERROR_IRQHandler
 .text.CORE_IRQHandler
                0x600050ca        0x8 ./startup/startup_mimxrt1011.o
                0x600050ca                CORE_IRQHandler
 .text.LPUART2_IRQHandler
                0x600050d2        0x8 ./startup/startup_mimxrt1011.o
                0x600050d2                LPUART2_IRQHandler
 .text.LPUART3_IRQHandler
                0x600050da        0x8 ./startup/startup_mimxrt1011.o
                0x600050da                LPUART3_IRQHandler
 .text.LPUART4_IRQHandler
                0x600050e2        0x8 ./startup/startup_mimxrt1011.o
                0x600050e2                LPUART4_IRQHandler
 .text.PIT_IRQHandler
                0x600050ea        0x8 ./startup/startup_mimxrt1011.o
                0x600050ea                PIT_IRQHandler
 .text.USB_OTG1_IRQHandler
                0x600050f2        0x8 ./startup/startup_mimxrt1011.o
                0x600050f2                USB_OTG1_IRQHandler
 .text.FLEXSPI_IRQHandler
                0x600050fa        0x8 ./startup/startup_mimxrt1011.o
                0x600050fa                FLEXSPI_IRQHandler
 .text.FLEXRAM_IRQHandler
                0x60005102        0x8 ./startup/startup_mimxrt1011.o
                0x60005102                FLEXRAM_IRQHandler
 .text.LPI2C1_IRQHandler
                0x6000510a        0x8 ./startup/startup_mimxrt1011.o
                0x6000510a                LPI2C1_IRQHandler
 .text.LPI2C2_IRQHandler
                0x60005112        0x8 ./startup/startup_mimxrt1011.o
                0x60005112                LPI2C2_IRQHandler
 .text.GPT1_IRQHandler
                0x6000511a        0x8 ./startup/startup_mimxrt1011.o
                0x6000511a                GPT1_IRQHandler
 .text.GPT2_IRQHandler
                0x60005122        0x8 ./startup/startup_mimxrt1011.o
                0x60005122                GPT2_IRQHandler
 .text.LPSPI1_IRQHandler
                0x6000512a        0x8 ./startup/startup_mimxrt1011.o
                0x6000512a                LPSPI1_IRQHandler
 .text.LPSPI2_IRQHandler
                0x60005132        0x8 ./startup/startup_mimxrt1011.o
                0x60005132                LPSPI2_IRQHandler
 .text.PWM1_0_IRQHandler
                0x6000513a        0x8 ./startup/startup_mimxrt1011.o
                0x6000513a                PWM1_0_IRQHandler
 .text.PWM1_1_IRQHandler
                0x60005142        0x8 ./startup/startup_mimxrt1011.o
                0x60005142                PWM1_1_IRQHandler
 .text.PWM1_2_IRQHandler
                0x6000514a        0x8 ./startup/startup_mimxrt1011.o
                0x6000514a                PWM1_2_IRQHandler
 .text.PWM1_3_IRQHandler
                0x60005152        0x8 ./startup/startup_mimxrt1011.o
                0x60005152                PWM1_3_IRQHandler
 .text.PWM1_FAULT_IRQHandler
                0x6000515a        0x8 ./startup/startup_mimxrt1011.o
                0x6000515a                PWM1_FAULT_IRQHandler
 .text.KPP_IRQHandler
                0x60005162        0x8 ./startup/startup_mimxrt1011.o
                0x60005162                KPP_IRQHandler
 .text.SRC_IRQHandler
                0x6000516a        0x8 ./startup/startup_mimxrt1011.o
                0x6000516a                SRC_IRQHandler
 .text.GPR_IRQ_IRQHandler
                0x60005172        0x8 ./startup/startup_mimxrt1011.o
                0x60005172                GPR_IRQ_IRQHandler
 .text.CCM_1_IRQHandler
                0x6000517a        0x8 ./startup/startup_mimxrt1011.o
                0x6000517a                CCM_1_IRQHandler
 .text.CCM_2_IRQHandler
                0x60005182        0x8 ./startup/startup_mimxrt1011.o
                0x60005182                CCM_2_IRQHandler
 .text.EWM_IRQHandler
                0x6000518a        0x8 ./startup/startup_mimxrt1011.o
                0x6000518a                EWM_IRQHandler
 .text.WDOG2_IRQHandler
                0x60005192        0x8 ./startup/startup_mimxrt1011.o
                0x60005192                WDOG2_IRQHandler
 .text.SNVS_HP_WRAPPER_IRQHandler
                0x6000519a        0x8 ./startup/startup_mimxrt1011.o
                0x6000519a                SNVS_HP_WRAPPER_IRQHandler
 .text.SNVS_HP_WRAPPER_TZ_IRQHandler
                0x600051a2        0x8 ./startup/startup_mimxrt1011.o
                0x600051a2                SNVS_HP_WRAPPER_TZ_IRQHandler
 .text.SNVS_LP_WRAPPER_IRQHandler
                0x600051aa        0x8 ./startup/startup_mimxrt1011.o
                0x600051aa                SNVS_LP_WRAPPER_IRQHandler
 .text.CSU_IRQHandler
                0x600051b2        0x8 ./startup/startup_mimxrt1011.o
                0x600051b2                CSU_IRQHandler
 .text.DCP_IRQHandler
                0x600051ba        0x8 ./startup/startup_mimxrt1011.o
                0x600051ba                DCP_IRQHandler
 .text.DCP_VMI_IRQHandler
                0x600051c2        0x8 ./startup/startup_mimxrt1011.o
                0x600051c2                DCP_VMI_IRQHandler
 .text.Reserved68_IRQHandler
                0x600051ca        0x8 ./startup/startup_mimxrt1011.o
                0x600051ca                Reserved68_IRQHandler
 .text.TRNG_IRQHandler
                0x600051d2        0x8 ./startup/startup_mimxrt1011.o
                0x600051d2                TRNG_IRQHandler
 .text.Reserved70_IRQHandler
                0x600051da        0x8 ./startup/startup_mimxrt1011.o
                0x600051da                Reserved70_IRQHandler
 .text.Reserved71_IRQHandler
                0x600051e2        0x8 ./startup/startup_mimxrt1011.o
                0x600051e2                Reserved71_IRQHandler
 .text.SAI1_IRQHandler
                0x600051ea        0x8 ./startup/startup_mimxrt1011.o
                0x600051ea                SAI1_IRQHandler
 .text.RTWDOG_IRQHandler
                0x600051f2        0x8 ./startup/startup_mimxrt1011.o
                0x600051f2                RTWDOG_IRQHandler
 .text.SAI3_RX_IRQHandler
                0x600051fa        0x8 ./startup/startup_mimxrt1011.o
                0x600051fa                SAI3_RX_IRQHandler
 .text.SAI3_TX_IRQHandler
                0x60005202        0x8 ./startup/startup_mimxrt1011.o
                0x60005202                SAI3_TX_IRQHandler
 .text.SPDIF_IRQHandler
                0x6000520a        0x8 ./startup/startup_mimxrt1011.o
                0x6000520a                SPDIF_IRQHandler
 .text.PMU_IRQHandler
                0x60005212        0x8 ./startup/startup_mimxrt1011.o
                0x60005212                PMU_IRQHandler
 .text.XBAR1_IRQ_0_1_2_3_IRQHandler
                0x6000521a        0x8 ./startup/startup_mimxrt1011.o
                0x6000521a                XBAR1_IRQ_0_1_2_3_IRQHandler
 .text.TEMP_LOW_HIGH_IRQHandler
                0x60005222        0x8 ./startup/startup_mimxrt1011.o
                0x60005222                TEMP_LOW_HIGH_IRQHandler
 .text.TEMP_PANIC_IRQHandler
                0x6000522a        0x8 ./startup/startup_mimxrt1011.o
                0x6000522a                TEMP_PANIC_IRQHandler
 .text.USB_PHY_IRQHandler
                0x60005232        0x8 ./startup/startup_mimxrt1011.o
                0x60005232                USB_PHY_IRQHandler
 .text.GPC_IRQHandler
                0x6000523a        0x8 ./startup/startup_mimxrt1011.o
                0x6000523a                GPC_IRQHandler
 .text.ADC1_IRQHandler
                0x60005242        0x8 ./startup/startup_mimxrt1011.o
                0x60005242                ADC1_IRQHandler
 .text.FLEXIO1_IRQHandler
                0x6000524a        0x8 ./startup/startup_mimxrt1011.o
                0x6000524a                FLEXIO1_IRQHandler
 .text.DCDC_IRQHandler
                0x60005252        0x8 ./startup/startup_mimxrt1011.o
                0x60005252                DCDC_IRQHandler
 .text.GPIO1_Combined_0_15_IRQHandler
                0x6000525a        0x8 ./startup/startup_mimxrt1011.o
                0x6000525a                GPIO1_Combined_0_15_IRQHandler
 .text.GPIO1_Combined_16_31_IRQHandler
                0x60005262        0x8 ./startup/startup_mimxrt1011.o
                0x60005262                GPIO1_Combined_16_31_IRQHandler
 .text.GPIO2_Combined_0_15_IRQHandler
                0x6000526a        0x8 ./startup/startup_mimxrt1011.o
                0x6000526a                GPIO2_Combined_0_15_IRQHandler
 .text.GPIO5_Combined_0_15_IRQHandler
                0x60005272        0x8 ./startup/startup_mimxrt1011.o
                0x60005272                GPIO5_Combined_0_15_IRQHandler
 .text.WDOG1_IRQHandler
                0x6000527a        0x8 ./startup/startup_mimxrt1011.o
                0x6000527a                WDOG1_IRQHandler
 .text.ADC_ETC_IRQ0_IRQHandler
                0x60005282        0x8 ./startup/startup_mimxrt1011.o
                0x60005282                ADC_ETC_IRQ0_IRQHandler
 .text.ADC_ETC_IRQ1_IRQHandler
                0x6000528a        0x8 ./startup/startup_mimxrt1011.o
                0x6000528a                ADC_ETC_IRQ1_IRQHandler
 .text.ADC_ETC_IRQ2_IRQHandler
                0x60005292        0x8 ./startup/startup_mimxrt1011.o
                0x60005292                ADC_ETC_IRQ2_IRQHandler
 .text.ADC_ETC_IRQ3_IRQHandler
                0x6000529a        0x8 ./startup/startup_mimxrt1011.o
                0x6000529a                ADC_ETC_IRQ3_IRQHandler
 .text.ADC_ETC_ERROR_IRQ_IRQHandler
                0x600052a2        0x8 ./startup/startup_mimxrt1011.o
                0x600052a2                ADC_ETC_ERROR_IRQ_IRQHandler
 .text.HardFault_Handler
                0x600052aa       0x2c ./source/semihost_hardfault.o
                0x600052aa                HardFault_Handler
 .text.CLOCK_EnableClock
                0x600052d6       0x1e ./source/uart_robotic_arm.o
 .text.EnableIRQ
                0x600052f4       0x2c ./source/uart_robotic_arm.o
 .text.LPUART_WriteByte
                0x60005320       0x1e ./source/uart_robotic_arm.o
 .text.LPUART_ReadByte
                0x6000533e       0x6e ./source/uart_robotic_arm.o
 .text.IOMUXC_SetPinMux
                0x600053ac       0x3a ./source/uart_robotic_arm.o
 .text.IOMUXC_SetPinConfig
                0x600053e6       0x26 ./source/uart_robotic_arm.o
 .text.add_on_LPUART_Write_StringNonBlocking
                0x6000540c       0x44 ./source/uart_robotic_arm.o
                0x6000540c                add_on_LPUART_Write_StringNonBlocking
 .text.CLOCK_IsPllBypassed
                0x60005450       0x32 ./drivers/fsl_clock.o
 .text.CLOCK_IsPllEnabled
                0x60005482       0x3c ./drivers/fsl_clock.o
 .text.CLOCK_GetPllBypassRefClk
                0x600054be       0x34 ./drivers/fsl_clock.o
 .text.CLOCK_EnableClock
                0x600054f2       0x1e ./drivers/fsl_lpuart.o
 .text.LPUART_SoftwareReset
                0x60005510       0x2c ./drivers/fsl_lpuart.o
 .text.LPUART_EnableInterrupts
                0x6000553c       0x52 ./drivers/fsl_lpuart.o
                0x6000553c                LPUART_EnableInterrupts
 .text.LPUART_GetStatusFlags
                0x6000558e       0x2c ./drivers/fsl_lpuart.o
                0x6000558e                LPUART_GetStatusFlags
 .text.SerialManager_StartWriting
                0x600055ba       0x38 ./component/serial_manager/serial_manager.o
 .text.SerialManager_WriteBlocking
                0x600055f2       0x20 ./component/serial_manager/serial_manager.o
                0x600055f2                SerialManager_WriteBlocking
 .text.CLOCK_DisableClock
                0x60005612       0x1e ./board/clock_config.o
 .text.CLOCK_SetPllBypass
                0x60005630       0x4e ./board/clock_config.o
 .text.IOMUXC_SetSaiMClkClockSource
                0x6000567e       0x6c ./board/clock_config.o
 .text.CLOCK_EnableClock
                0x600056ea       0x1e ./board/pin_mux.o
 .text.IOMUXC_SetPinMux
                0x60005708       0x3a ./board/pin_mux.o
 .text.IOMUXC_SetPinConfig
                0x60005742       0x26 ./board/pin_mux.o
 .text.__main   0x60005768        0xe c:/nxp/mcuxpressoide_11.3.0_5222/ide/plugins/com.nxp.mcuxpresso.tools.win32_11.3.0.202008311133/tools/bin/../lib/gcc/arm-none-eabi/9.3.1/../../../../arm-none-eabi/lib/thumb/v7e-m+fp/hard\libcr_nohost_nf.a(_cr__main.o)
                0x60005768                __main
 .text.memset   0x60005776        0x4 c:/nxp/mcuxpressoide_11.3.0_5222/ide/plugins/com.nxp.mcuxpresso.tools.win32_11.3.0.202008311133/tools/bin/../lib/gcc/arm-none-eabi/9.3.1/../../../../arm-none-eabi/lib/thumb/v7e-m+fp/hard\libcr_c.a(memset.o)
                0x60005776                memset
 .text.free     0x6000577a       0x30 c:/nxp/mcuxpressoide_11.3.0_5222/ide/plugins/com.nxp.mcuxpresso.tools.win32_11.3.0.202008311133/tools/bin/../lib/gcc/arm-none-eabi/9.3.1/../../../../arm-none-eabi/lib/thumb/v7e-m+fp/hard\libcr_c.a(alloc.o)
                0x6000577a                free
 .text.setvbuf  0x600057aa       0x3e c:/nxp/mcuxpressoide_11.3.0_5222/ide/plugins/com.nxp.mcuxpresso.tools.win32_11.3.0.202008311133/tools/bin/../lib/gcc/arm-none-eabi/9.3.1/../../../../arm-none-eabi/lib/thumb/v7e-m+fp/hard\libcr_c.a(setvbuf.o)
                0x600057aa                setvbuf
 .text.strlen   0x600057e8       0x4c c:/nxp/mcuxpressoide_11.3.0_5222/ide/plugins/com.nxp.mcuxpresso.tools.win32_11.3.0.202008311133/tools/bin/../lib/gcc/arm-none-eabi/9.3.1/../../../../arm-none-eabi/lib/thumb/v7e-m+fp/hard\libcr_c.a(strlen.o)
                0x600057e8                strlen
 .text._deferredlazyseek
                0x60005834       0x40 c:/nxp/mcuxpressoide_11.3.0_5222/ide/plugins/com.nxp.mcuxpresso.tools.win32_11.3.0.202008311133/tools/bin/../lib/gcc/arm-none-eabi/9.3.1/../../../../arm-none-eabi/lib/thumb/v7e-m+fp/hard\libcr_c.a(_deferredlazyseek.o)
                0x60005834                _deferredlazyseek
 .text._fdopen  0x60005874       0x68 c:/nxp/mcuxpressoide_11.3.0_5222/ide/plugins/com.nxp.mcuxpresso.tools.win32_11.3.0.202008311133/tools/bin/../lib/gcc/arm-none-eabi/9.3.1/../../../../arm-none-eabi/lib/thumb/v7e-m+fp/hard\libcr_c.a(_fdopen.o)
                0x60005874                _fdopen
 .text._fflush  0x600058dc       0x52 c:/nxp/mcuxpressoide_11.3.0_5222/ide/plugins/com.nxp.mcuxpresso.tools.win32_11.3.0.202008311133/tools/bin/../lib/gcc/arm-none-eabi/9.3.1/../../../../arm-none-eabi/lib/thumb/v7e-m+fp/hard\libcr_c.a(_fflush.o)
                0x600058dc                _fflush
 .text.fclose   0x6000592e       0x58 c:/nxp/mcuxpressoide_11.3.0_5222/ide/plugins/com.nxp.mcuxpresso.tools.win32_11.3.0.202008311133/tools/bin/../lib/gcc/arm-none-eabi/9.3.1/../../../../arm-none-eabi/lib/thumb/v7e-m+fp/hard\libcr_c.a(fclose.o)
                0x6000592e                fclose
 .text.remove   0x60005986       0x14 c:/nxp/mcuxpressoide_11.3.0_5222/ide/plugins/com.nxp.mcuxpresso.tools.win32_11.3.0.202008311133/tools/bin/../lib/gcc/arm-none-eabi/9.3.1/../../../../arm-none-eabi/lib/thumb/v7e-m+fp/hard\libcr_c.a(remove.o)
                0x60005986                remove
 .text._do_fflush
                0x6000599a       0x40 c:/nxp/mcuxpressoide_11.3.0_5222/ide/plugins/com.nxp.mcuxpresso.tools.win32_11.3.0.202008311133/tools/bin/../lib/gcc/arm-none-eabi/9.3.1/../../../../arm-none-eabi/lib/thumb/v7e-m+fp/hard\libcr_c.a(_do_fflush.o)
                0x6000599a                _do_fflush
 .text.__aeabi_division_uldivmod
                0x600059da      0x174 c:/nxp/mcuxpressoide_11.3.0_5222/ide/plugins/com.nxp.mcuxpresso.tools.win32_11.3.0.202008311133/tools/bin/../lib/gcc/arm-none-eabi/9.3.1/thumb/v7e-m+fp/hard\libcr_eabihelpers.a(division_64.o)
                0x600059da                __aeabi_uldivmod
                0x600059de                __bhs_ldivmod1
 .text.__aeabi_division_idiv0
                0x60005b4e        0x2 c:/nxp/mcuxpressoide_11.3.0_5222/ide/plugins/com.nxp.mcuxpresso.tools.win32_11.3.0.202008311133/tools/bin/../lib/gcc/arm-none-eabi/9.3.1/thumb/v7e-m+fp/hard\libcr_eabihelpers.a(division_idiv0.o)
                0x60005b4e                __aeabi_idiv0
 .text.__aeabi_memset_lowlevel
                0x60005b50       0x32 c:/nxp/mcuxpressoide_11.3.0_5222/ide/plugins/com.nxp.mcuxpresso.tools.win32_11.3.0.202008311133/tools/bin/../lib/gcc/arm-none-eabi/9.3.1/thumb/v7e-m+fp/hard\libcr_eabihelpers.a(memcpy.o)
                0x60005b50                __aeabi_lowlevel_memset
 .text.__sys_close
                0x60005b82        0x6 c:/nxp/mcuxpressoide_11.3.0_5222/ide/plugins/com.nxp.mcuxpresso.tools.win32_11.3.0.202008311133/tools/bin/../lib/gcc/arm-none-eabi/9.3.1/../../../../arm-none-eabi/lib/thumb/v7e-m+fp/hard\libcr_nohost_nf.a(__sys_close.o)
                0x60005b82                __sys_close
 .text.__sys_flen
                0x60005b88        0x6 c:/nxp/mcuxpressoide_11.3.0_5222/ide/plugins/com.nxp.mcuxpresso.tools.win32_11.3.0.202008311133/tools/bin/../lib/gcc/arm-none-eabi/9.3.1/../../../../arm-none-eabi/lib/thumb/v7e-m+fp/hard\libcr_nohost_nf.a(__sys_flen.o)
                0x60005b88                __sys_flen
 .text.__sys_istty
                0x60005b8e        0x6 c:/nxp/mcuxpressoide_11.3.0_5222/ide/plugins/com.nxp.mcuxpresso.tools.win32_11.3.0.202008311133/tools/bin/../lib/gcc/arm-none-eabi/9.3.1/../../../../arm-none-eabi/lib/thumb/v7e-m+fp/hard\libcr_nohost_nf.a(__sys_istty.o)
                0x60005b8e                __sys_istty
 .text.__sys_remove
                0x60005b94        0x6 c:/nxp/mcuxpressoide_11.3.0_5222/ide/plugins/com.nxp.mcuxpresso.tools.win32_11.3.0.202008311133/tools/bin/../lib/gcc/arm-none-eabi/9.3.1/../../../../arm-none-eabi/lib/thumb/v7e-m+fp/hard\libcr_nohost_nf.a(__sys_remove.o)
                0x60005b94                __sys_remove
 .text.__sys_seek
                0x60005b9a        0x6 c:/nxp/mcuxpressoide_11.3.0_5222/ide/plugins/com.nxp.mcuxpresso.tools.win32_11.3.0.202008311133/tools/bin/../lib/gcc/arm-none-eabi/9.3.1/../../../../arm-none-eabi/lib/thumb/v7e-m+fp/hard\libcr_nohost_nf.a(__sys_seek.o)
                0x60005b9a                __sys_seek
 .text.__sys_tmpnam
                0x60005ba0        0x6 c:/nxp/mcuxpressoide_11.3.0_5222/ide/plugins/com.nxp.mcuxpresso.tools.win32_11.3.0.202008311133/tools/bin/../lib/gcc/arm-none-eabi/9.3.1/../../../../arm-none-eabi/lib/thumb/v7e-m+fp/hard\libcr_nohost_nf.a(__sys_tmpnam.o)
                0x60005ba0                __sys_tmpnam
 .text.__sys_write
                0x60005ba6        0x4 c:/nxp/mcuxpressoide_11.3.0_5222/ide/plugins/com.nxp.mcuxpresso.tools.win32_11.3.0.202008311133/tools/bin/../lib/gcc/arm-none-eabi/9.3.1/../../../../arm-none-eabi/lib/thumb/v7e-m+fp/hard\libcr_nohost_nf.a(__sys_write.o)
                0x60005ba6                __sys_write
 *(SORT_BY_ALIGNMENT(.rodata) SORT_BY_ALIGNMENT(.rodata.*) SORT_BY_ALIGNMENT(.constdata) SORT_BY_ALIGNMENT(.constdata.*))
 *fill*         0x60005baa        0x2 ff
 .rodata.__assertion_failed.str1.4
                0x60005bac       0x14 ./utilities/fsl_assert.o
 .rodata.DbgConsole_SendDataReliable.str1.4
                0x60005bc0       0x4e ./utilities/fsl_debug_console.o
 *fill*         0x60005c0e        0x2 ff
 .rodata.CLOCK_ControlGate.str1.4
                0x60005c10       0x6c ./source/uart_robotic_arm.o
 .rodata        0x60005c7c       0x64 ./source/uart_robotic_arm.o
 .rodata.send_info_seq.str1.4
                0x60005ce0      0x13d ./source/uart_robotic_arm.o
 *fill*         0x60005e1d        0x3 ff
 .rodata.error_management.str1.4
                0x60005e20       0x82 ./source/uart_robotic_arm.o
 *fill*         0x60005ea2        0x2 ff
 .rodata.CLOCK_InitExternalClk.str1.4
                0x60005ea4       0x22 ./drivers/fsl_clock.o
 *fill*         0x60005ec6        0x2 ff
 .rodata.CLOCK_ControlGate.str1.4
                0x60005ec8       0x20 ./drivers/fsl_lpuart.o
 .rodata.s_lpuartBases
                0x60005ee8       0x14 ./drivers/fsl_lpuart.o
 .rodata.s_lpuartClock
                0x60005efc        0xa ./drivers/fsl_lpuart.o
 *fill*         0x60005f06        0x2 ff
 .rodata.LPUART_GetInstance.str1.4
                0x60005f08       0x39 ./drivers/fsl_lpuart.o
 *fill*         0x60005f41        0x3 ff
 .rodata.LPUART_Init.str1.4
                0x60005f44      0x10c ./drivers/fsl_lpuart.o
 .rodata.LPUART_GetDefaultConfig.str1.4
                0x60006050       0x23 ./drivers/fsl_lpuart.o
 *fill*         0x60006073        0x1 ff
 .rodata.LPUART_WriteBlocking.str1.4
                0x60006074       0x21 ./drivers/fsl_lpuart.o
 *fill*         0x60006095        0x3 ff
 .rodata.s_LpuartAdapterBase
                0x60006098       0x14 ./component/uart/lpuart_adapter.o
 .rodata.HAL_UartSendBlocking.str1.4
                0x600060ac       0x5f ./component/uart/lpuart_adapter.o
 *fill*         0x6000610b        0x1 ff
 .rodata.SerialManager_Write.str1.4
                0x6000610c       0x83 ./component/serial_manager/serial_manager.o
 *fill*         0x6000618f        0x1 ff
 .rodata.Serial_UartWrite.str1.4
                0x60006190       0x6d ./component/serial_manager/serial_port_uart.o
 *fill*         0x600061fd        0x3 ff
 .rodata.BOARD_ConfigMPU.str1.4
                0x60006200       0x6a ./board/board.o
 *fill*         0x6000626a        0x2 ff
 .rodata.CLOCK_SetMux.str1.4
                0x6000626c       0x7d ./board/clock_config.o
 *fill*         0x600062e9        0x3 ff
 .rodata.CLOCK_SetDiv.str1.4
                0x600062ec       0x7d ./board/clock_config.o
 .rodata.CLOCK_ControlGate.str1.4
                0x60006369       0x6c ./board/clock_config.o
 *fill*         0x60006369        0x3 ff
 .rodata.sysPllConfig_BOARD_BootClockRUN
                0x6000636c       0x14 ./board/clock_config.o
                0x6000636c                sysPllConfig_BOARD_BootClockRUN
 .rodata.enetPllConfig_BOARD_BootClockRUN
                0x60006380        0x5 ./board/clock_config.o
                0x60006380                enetPllConfig_BOARD_BootClockRUN
 .rodata.CLOCK_ControlGate.str1.4
                0x60006385       0x6c ./board/pin_mux.o
 *fill*         0x60006385        0x3 ff
 .rodata.__num_Ciob_streams
                0x60006388        0x4 c:/nxp/mcuxpressoide_11.3.0_5222/ide/plugins/com.nxp.mcuxpresso.tools.win32_11.3.0.202008311133/tools/bin/../lib/gcc/arm-none-eabi/9.3.1/../../../../arm-none-eabi/lib/thumb/v7e-m+fp/hard\libcr_nohost_nf.a(__ciob.o)
                0x60006388                __num_Ciob_streams
 .rodata._initio.str1.1
                0x6000638c        0x4 c:/nxp/mcuxpressoide_11.3.0_5222/ide/plugins/com.nxp.mcuxpresso.tools.win32_11.3.0.202008311133/tools/bin/../lib/gcc/arm-none-eabi/9.3.1/../../../../arm-none-eabi/lib/thumb/v7e-m+fp/hard\libcr_c.a(initio.o)
                0x60006390                . = ALIGN (0x4)

.glue_7         0x60006390        0x0
 .glue_7        0x60006390        0x0 linker stubs

.glue_7t        0x60006390        0x0
 .glue_7t       0x60006390        0x0 linker stubs

.vfp11_veneer   0x60006390        0x0
 .vfp11_veneer  0x60006390        0x0 linker stubs

.v4_bx          0x60006390        0x0
 .v4_bx         0x60006390        0x0 linker stubs

.iplt           0x60006390        0x0
 .iplt          0x60006390        0x0 ./xip/evkmimxrt1010_flexspi_nor_config.o

.rel.dyn        0x60006390        0x0
 .rel.iplt      0x60006390        0x0 ./xip/evkmimxrt1010_flexspi_nor_config.o

.ARM.extab
 *(SORT_BY_ALIGNMENT(.ARM.extab*) SORT_BY_ALIGNMENT(.gnu.linkonce.armextab.*))

.ARM.exidx      0x60006390        0x0
                0x60006390                __exidx_start = .
 *(SORT_BY_ALIGNMENT(.ARM.exidx*) SORT_BY_ALIGNMENT(.gnu.linkonce.armexidx.*))
                0x60006390                __exidx_end = .
                0x60006390                _etext = .

.data_RAM2      0x00000000        0x0 load address 0x60006390
 FILL mask 0xff
                [!provide]                PROVIDE (__start_data_RAM2 = .)
                [!provide]                PROVIDE (__start_data_SRAM_ITC = .)
 *(SORT_BY_ALIGNMENT(.ramfunc.$RAM2))
 *(SORT_BY_ALIGNMENT(.ramfunc.$SRAM_ITC))
 *(SORT_BY_ALIGNMENT(.data.$RAM2))
 *(SORT_BY_ALIGNMENT(.data.$SRAM_ITC))
 *(SORT_BY_ALIGNMENT(.data.$RAM2.*))
 *(SORT_BY_ALIGNMENT(.data.$SRAM_ITC.*))
                0x00000000                . = ALIGN (0x4)
                [!provide]                PROVIDE (__end_data_RAM2 = .)
                [!provide]                PROVIDE (__end_data_SRAM_ITC = .)

.data_RAM3      0x20200000        0x0 load address 0x60006390
 FILL mask 0xff
                [!provide]                PROVIDE (__start_data_RAM3 = .)
                [!provide]                PROVIDE (__start_data_SRAM_OC = .)
 *(SORT_BY_ALIGNMENT(.ramfunc.$RAM3))
 *(SORT_BY_ALIGNMENT(.ramfunc.$SRAM_OC))
 *(SORT_BY_ALIGNMENT(.data.$RAM3))
 *(SORT_BY_ALIGNMENT(.data.$SRAM_OC))
 *(SORT_BY_ALIGNMENT(.data.$RAM3.*))
 *(SORT_BY_ALIGNMENT(.data.$SRAM_OC.*))
                0x20200000                . = ALIGN (0x4)
                [!provide]                PROVIDE (__end_data_RAM3 = .)
                [!provide]                PROVIDE (__end_data_SRAM_OC = .)

.data_RAM4      0x20210000        0x0 load address 0x60006390
 FILL mask 0xff
                [!provide]                PROVIDE (__start_data_RAM4 = .)
                [!provide]                PROVIDE (__start_data_NCACHE_REGION = .)
 *(SORT_BY_ALIGNMENT(.ramfunc.$RAM4))
 *(SORT_BY_ALIGNMENT(.ramfunc.$NCACHE_REGION))
 *(SORT_BY_ALIGNMENT(.data.$RAM4))
 *(SORT_BY_ALIGNMENT(.data.$NCACHE_REGION))
 *(SORT_BY_ALIGNMENT(.data.$RAM4.*))
 *(SORT_BY_ALIGNMENT(.data.$NCACHE_REGION.*))
                0x20210000                . = ALIGN (0x4)
                [!provide]                PROVIDE (__end_data_RAM4 = .)
                [!provide]                PROVIDE (__end_data_NCACHE_REGION = .)

.uninit_RESERVED
                0x20000000        0x0
                0x20000000                _start_uninit_RESERVED = .
 *(SORT_BY_ALIGNMENT(.bss.$RESERVED*))
                0x20000000                . = ALIGN (0x4)
                0x20000000                _end_uninit_RESERVED = .

.data           0x20000000        0x8 load address 0x60006390
 FILL mask 0xff
                0x20000000                _data = .
                [!provide]                PROVIDE (__start_data_RAM = .)
                [!provide]                PROVIDE (__start_data_SRAM_DTC = .)
 *(SORT_BY_ALIGNMENT(vtable))
 *(SORT_BY_ALIGNMENT(.ramfunc*))
 *(SORT_BY_ALIGNMENT(CodeQuickAccess))
 *(SORT_BY_ALIGNMENT(DataQuickAccess))
 *(SORT_BY_ALIGNMENT(RamFunction))
 *(SORT_BY_ALIGNMENT(NonCacheable.init))
 *(SORT_BY_ALIGNMENT(.data*))
 .data.SystemCoreClock
                0x20000000        0x4 ./device/system_MIMXRT1011.o
                0x20000000                SystemCoreClock
 .data.error_signal
                0x20000004        0x1 ./source/uart_robotic_arm.o
                0x20000004                error_signal
                0x20000008                . = ALIGN (0x4)
 *fill*         0x20000005        0x3 ff
                0x20000008                _edata = .
                [!provide]                PROVIDE (__end_data_RAM = .)
                [!provide]                PROVIDE (__end_data_SRAM_DTC = .)

.igot.plt       0x20000008        0x0 load address 0x60006398
 .igot.plt      0x20000008        0x0 ./xip/evkmimxrt1010_flexspi_nor_config.o

.bss_RAM2       0x00000000        0x0
                [!provide]                PROVIDE (__start_bss_RAM2 = .)
                [!provide]                PROVIDE (__start_bss_SRAM_ITC = .)
 *(SORT_BY_ALIGNMENT(.bss.$RAM2))
 *(SORT_BY_ALIGNMENT(.bss.$SRAM_ITC))
 *(SORT_BY_ALIGNMENT(.bss.$RAM2.*))
 *(SORT_BY_ALIGNMENT(.bss.$SRAM_ITC.*))
                0x00000000                . = ALIGN ((. != 0x0)?0x4:0x1)
                [!provide]                PROVIDE (__end_bss_RAM2 = .)
                [!provide]                PROVIDE (__end_bss_SRAM_ITC = .)

.bss_RAM3       0x20200000        0x0
                [!provide]                PROVIDE (__start_bss_RAM3 = .)
                [!provide]                PROVIDE (__start_bss_SRAM_OC = .)
 *(SORT_BY_ALIGNMENT(.bss.$RAM3))
 *(SORT_BY_ALIGNMENT(.bss.$SRAM_OC))
 *(SORT_BY_ALIGNMENT(.bss.$RAM3.*))
 *(SORT_BY_ALIGNMENT(.bss.$SRAM_OC.*))
                0x20200000                . = ALIGN ((. != 0x0)?0x4:0x1)
                [!provide]                PROVIDE (__end_bss_RAM3 = .)
                [!provide]                PROVIDE (__end_bss_SRAM_OC = .)

.bss_RAM4       0x20210000        0x0
                [!provide]                PROVIDE (__start_bss_RAM4 = .)
                [!provide]                PROVIDE (__start_bss_NCACHE_REGION = .)
 *(SORT_BY_ALIGNMENT(.bss.$RAM4))
 *(SORT_BY_ALIGNMENT(.bss.$NCACHE_REGION))
 *(SORT_BY_ALIGNMENT(.bss.$RAM4.*))
 *(SORT_BY_ALIGNMENT(.bss.$NCACHE_REGION.*))
                0x20210000                . = ALIGN ((. != 0x0)?0x4:0x1)
                [!provide]                PROVIDE (__end_bss_RAM4 = .)
                [!provide]                PROVIDE (__end_bss_NCACHE_REGION = .)

.bss            0x20000008      0x7dc
                0x20000008                _bss = .
                [!provide]                PROVIDE (__start_bss_RAM = .)
                [!provide]                PROVIDE (__start_bss_SRAM_DTC = .)
 *(SORT_BY_ALIGNMENT(NonCacheable))
 *(SORT_BY_ALIGNMENT(.bss*))
 .bss.s_debugConsoleState
                0x20000008       0x1c ./utilities/fsl_debug_console.o
 .bss.g_serialHandle
                0x20000024        0x4 ./utilities/fsl_debug_console.o
                0x20000024                g_serialHandle
 .bss.demoRingBuffer
                0x20000028       0x10 ./source/uart_robotic_arm.o
                0x20000028                demoRingBuffer
 .bss.sequenceBuffer
                0x20000038       0x10 ./source/uart_robotic_arm.o
                0x20000038                sequenceBuffer
 .bss.dataStore
                0x20000048      0x640 ./source/uart_robotic_arm.o
                0x20000048                dataStore
 .bss.sizeSequence
                0x20000688       0x64 ./source/uart_robotic_arm.o
                0x20000688                sizeSequence
 .bss.actual_pos
                0x200006ec        0xc ./source/uart_robotic_arm.o
                0x200006ec                actual_pos
 .bss.request_pos
                0x200006f8        0xc ./source/uart_robotic_arm.o
                0x200006f8                request_pos
 .bss.g_xtalFreq
                0x20000704        0x4 ./drivers/fsl_clock.o
                0x20000704                g_xtalFreq
 .bss.g_rtcXtalFreq
                0x20000708        0x4 ./drivers/fsl_clock.o
                0x20000708                g_rtcXtalFreq
 .bss.s_lpuartHandle
                0x2000070c       0x14 ./drivers/fsl_lpuart.o
 .bss.s_lpuartIsr
                0x20000720        0x4 ./drivers/fsl_lpuart.o
 .bss.errno     0x20000724        0x4 c:/nxp/mcuxpressoide_11.3.0_5222/ide/plugins/com.nxp.mcuxpresso.tools.win32_11.3.0.202008311133/tools/bin/../lib/gcc/arm-none-eabi/9.3.1/../../../../arm-none-eabi/lib/thumb/v7e-m+fp/hard\libcr_c.a(errno.o)
                0x20000724                errno
 .bss.__Ciob    0x20000728       0xb4 c:/nxp/mcuxpressoide_11.3.0_5222/ide/plugins/com.nxp.mcuxpresso.tools.win32_11.3.0.202008311133/tools/bin/../lib/gcc/arm-none-eabi/9.3.1/../../../../arm-none-eabi/lib/thumb/v7e-m+fp/hard\libcr_nohost_nf.a(__ciob.o)
                0x20000728                __Ciob
 .bss.txIndex   0x200007dc        0x2 ./source/uart_robotic_arm.o
                0x200007dc                txIndex
 .bss.rxIndex   0x200007de        0x2 ./source/uart_robotic_arm.o
                0x200007de                rxIndex
 .bss.storeIndex
                0x200007e0        0x2 ./source/uart_robotic_arm.o
                0x200007e0                storeIndex
 *(SORT_BY_ALIGNMENT(COMMON))
                0x200007e4                . = ALIGN (0x4)
 *fill*         0x200007e2        0x2 
                0x200007e4                _ebss = .
                [!provide]                PROVIDE (__end_bss_RAM = .)
                [!provide]                PROVIDE (__end_bss_SRAM_DTC = .)
                [!provide]                PROVIDE (end = .)

.noinit_RAM2    0x00000000        0x0
                [!provide]                PROVIDE (__start_noinit_RAM2 = .)
                [!provide]                PROVIDE (__start_noinit_SRAM_ITC = .)
 *(SORT_BY_ALIGNMENT(.noinit.$RAM2))
 *(SORT_BY_ALIGNMENT(.noinit.$SRAM_ITC))
 *(SORT_BY_ALIGNMENT(.noinit.$RAM2.*))
 *(SORT_BY_ALIGNMENT(.noinit.$SRAM_ITC.*))
                0x00000000                . = ALIGN (0x4)
                [!provide]                PROVIDE (__end_noinit_RAM2 = .)
                [!provide]                PROVIDE (__end_noinit_SRAM_ITC = .)

.noinit_RAM3    0x20200000        0x0
                [!provide]                PROVIDE (__start_noinit_RAM3 = .)
                [!provide]                PROVIDE (__start_noinit_SRAM_OC = .)
 *(SORT_BY_ALIGNMENT(.noinit.$RAM3))
 *(SORT_BY_ALIGNMENT(.noinit.$SRAM_OC))
 *(SORT_BY_ALIGNMENT(.noinit.$RAM3.*))
 *(SORT_BY_ALIGNMENT(.noinit.$SRAM_OC.*))
                0x20200000                . = ALIGN (0x4)
                [!provide]                PROVIDE (__end_noinit_RAM3 = .)
                [!provide]                PROVIDE (__end_noinit_SRAM_OC = .)

.noinit_RAM4    0x20210000        0x0
                [!provide]                PROVIDE (__start_noinit_RAM4 = .)
                [!provide]                PROVIDE (__start_noinit_NCACHE_REGION = .)
 *(SORT_BY_ALIGNMENT(.noinit.$RAM4))
 *(SORT_BY_ALIGNMENT(.noinit.$NCACHE_REGION))
 *(SORT_BY_ALIGNMENT(.noinit.$RAM4.*))
 *(SORT_BY_ALIGNMENT(.noinit.$NCACHE_REGION.*))
                0x20210000                . = ALIGN (0x4)
                [!provide]                PROVIDE (__end_noinit_RAM4 = .)
                [!provide]                PROVIDE (__end_noinit_NCACHE_REGION = .)

.noinit         0x200007e4        0x0
                0x200007e4                _noinit = .
                [!provide]                PROVIDE (__start_noinit_RAM = .)
                [!provide]                PROVIDE (__start_noinit_SRAM_DTC = .)
 *(SORT_BY_ALIGNMENT(.noinit*))
                0x200007e4                . = ALIGN (0x4)
                0x200007e4                _end_noinit = .
                [!provide]                PROVIDE (__end_noinit_RAM = .)
                [!provide]                PROVIDE (__end_noinit_SRAM_DTC = .)
                0x00000800                _HeapSize = 0x800

.heap           0x200007e4      0x800
                0x200007e4                _pvHeapStart = .
                0x20000fe4                . = (. + _HeapSize)
 *fill*         0x200007e4      0x800 
                0x20000fe4                . = ALIGN (0x4)
                0x20000fe4                _pvHeapLimit = .
                0x00000800                _StackSize = 0x800

.heap2stackfill
                0x20000fe4      0x800
                0x200017e4                . = (. + _StackSize)
 *fill*         0x20000fe4      0x800 

.stack          0x20007800        0x0
                0x20007800                _vStackBase = .
                0x20007800                . = ALIGN (0x4)
                0x20008000                _vStackTop = (. + _StackSize)
                0x60002000                _image_start = LOADADDR (.text)
                0x60006398                _image_end = (LOADADDR (.data) + SIZEOF (.data))
                0x00004398                _image_size = (_image_end - _image_start)
OUTPUT(imxrt1010_uart_robotic_arm.axf elf32-littlearm)
LOAD linker stubs

.debug_info     0x00000000     0xd432
 .debug_info    0x00000000      0x7fa ./xip/evkmimxrt1010_flexspi_nor_config.o
 .debug_info    0x000007fa      0x5e3 ./xip/fsl_flexspi_nor_boot.o
 .debug_info    0x00000ddd      0x14f ./utilities/fsl_assert.o
 .debug_info    0x00000f2c      0xaae ./utilities/fsl_debug_console.o
 .debug_info    0x000019da      0xafe ./utilities/fsl_str.o
 .debug_info    0x000024d8      0x867 ./startup/startup_mimxrt1011.o
 .debug_info    0x00002d3f       0x3c ./source/semihost_hardfault.o
 .debug_info    0x00002d7b     0x19c2 ./source/uart_robotic_arm.o
 .debug_info    0x0000473d     0x1aad ./drivers/fsl_clock.o
 .debug_info    0x000061ea     0x1ecd ./drivers/fsl_lpuart.o
 .debug_info    0x000080b7      0xc86 ./device/system_MIMXRT1011.o
 .debug_info    0x00008d3d      0xa5c ./component/uart/lpuart_adapter.o
 .debug_info    0x00009799      0x8d4 ./component/serial_manager/serial_manager.o
 .debug_info    0x0000a06d      0x582 ./component/serial_manager/serial_port_uart.o
 .debug_info    0x0000a5ef     0x12d3 ./board/board.o
 .debug_info    0x0000b8c2     0x14c0 ./board/clock_config.o
 .debug_info    0x0000cd82      0x6b0 ./board/pin_mux.o

.debug_abbrev   0x00000000     0x2136
 .debug_abbrev  0x00000000      0x14c ./xip/evkmimxrt1010_flexspi_nor_config.o
 .debug_abbrev  0x0000014c      0x13f ./xip/fsl_flexspi_nor_boot.o
 .debug_abbrev  0x0000028b       0xbe ./utilities/fsl_assert.o
 .debug_abbrev  0x00000349      0x20b ./utilities/fsl_debug_console.o
 .debug_abbrev  0x00000554      0x24d ./utilities/fsl_str.o
 .debug_abbrev  0x000007a1      0x147 ./startup/startup_mimxrt1011.o
 .debug_abbrev  0x000008e8       0x31 ./source/semihost_hardfault.o
 .debug_abbrev  0x00000919      0x39b ./source/uart_robotic_arm.o
 .debug_abbrev  0x00000cb4      0x36f ./drivers/fsl_clock.o
 .debug_abbrev  0x00001023      0x354 ./drivers/fsl_lpuart.o
 .debug_abbrev  0x00001377      0x1be ./device/system_MIMXRT1011.o
 .debug_abbrev  0x00001535      0x1e1 ./component/uart/lpuart_adapter.o
 .debug_abbrev  0x00001716      0x237 ./component/serial_manager/serial_manager.o
 .debug_abbrev  0x0000194d      0x160 ./component/serial_manager/serial_port_uart.o
 .debug_abbrev  0x00001aad      0x2e9 ./board/board.o
 .debug_abbrev  0x00001d96      0x218 ./board/clock_config.o
 .debug_abbrev  0x00001fae      0x188 ./board/pin_mux.o

.debug_aranges  0x00000000      0xa38
 .debug_aranges
                0x00000000       0x18 ./xip/evkmimxrt1010_flexspi_nor_config.o
 .debug_aranges
                0x00000018       0x18 ./xip/fsl_flexspi_nor_boot.o
 .debug_aranges
                0x00000030       0x20 ./utilities/fsl_assert.o
 .debug_aranges
                0x00000050       0x88 ./utilities/fsl_debug_console.o
 .debug_aranges
                0x000000d8       0xb0 ./utilities/fsl_str.o
 .debug_aranges
                0x00000188      0x300 ./startup/startup_mimxrt1011.o
 .debug_aranges
                0x00000488       0x20 ./source/semihost_hardfault.o
 .debug_aranges
                0x000004a8       0xb8 ./source/uart_robotic_arm.o
 .debug_aranges
                0x00000560      0x120 ./drivers/fsl_clock.o
 .debug_aranges
                0x00000680      0x140 ./drivers/fsl_lpuart.o
 .debug_aranges
                0x000007c0       0x30 ./device/system_MIMXRT1011.o
 .debug_aranges
                0x000007f0       0x50 ./component/uart/lpuart_adapter.o
 .debug_aranges
                0x00000840       0x98 ./component/serial_manager/serial_manager.o
 .debug_aranges
                0x000008d8       0x48 ./component/serial_manager/serial_port_uart.o
 .debug_aranges
                0x00000920       0x60 ./board/board.o
 .debug_aranges
                0x00000980       0x70 ./board/clock_config.o
 .debug_aranges
                0x000009f0       0x48 ./board/pin_mux.o

.debug_macro    0x00000000    0x1e7bd
 .debug_macro   0x00000000      0x118 ./xip/evkmimxrt1010_flexspi_nor_config.o
 .debug_macro   0x00000118      0xae4 ./xip/evkmimxrt1010_flexspi_nor_config.o
 .debug_macro   0x00000bfc       0x10 ./xip/evkmimxrt1010_flexspi_nor_config.o
 .debug_macro   0x00000c0c      0x12e ./xip/evkmimxrt1010_flexspi_nor_config.o
 .debug_macro   0x00000d3a      0x5b3 ./xip/evkmimxrt1010_flexspi_nor_config.o
 .debug_macro   0x000012ed       0x22 ./xip/evkmimxrt1010_flexspi_nor_config.o
 .debug_macro   0x0000130f       0x16 ./xip/evkmimxrt1010_flexspi_nor_config.o
 .debug_macro   0x00001325       0x22 ./xip/evkmimxrt1010_flexspi_nor_config.o
 .debug_macro   0x00001347       0x10 ./xip/evkmimxrt1010_flexspi_nor_config.o
 .debug_macro   0x00001357       0x4d ./xip/evkmimxrt1010_flexspi_nor_config.o
 .debug_macro   0x000013a4       0x1c ./xip/evkmimxrt1010_flexspi_nor_config.o
 .debug_macro   0x000013c0       0x22 ./xip/evkmimxrt1010_flexspi_nor_config.o
 .debug_macro   0x000013e2      0x101 ./xip/evkmimxrt1010_flexspi_nor_config.o
 .debug_macro   0x000014e3     0x1305 ./xip/evkmimxrt1010_flexspi_nor_config.o
 .debug_macro   0x000027e8      0x11f ./xip/evkmimxrt1010_flexspi_nor_config.o
 .debug_macro   0x00002907       0x27 ./xip/evkmimxrt1010_flexspi_nor_config.o
 .debug_macro   0x0000292e       0x1c ./xip/evkmimxrt1010_flexspi_nor_config.o
 .debug_macro   0x0000294a    0x194f4 ./xip/evkmimxrt1010_flexspi_nor_config.o
 .debug_macro   0x0001be3e      0x594 ./xip/evkmimxrt1010_flexspi_nor_config.o
 .debug_macro   0x0001c3d2       0xde ./xip/evkmimxrt1010_flexspi_nor_config.o
 .debug_macro   0x0001c4b0      0x193 ./xip/evkmimxrt1010_flexspi_nor_config.o
 .debug_macro   0x0001c643      0x1a4 ./xip/evkmimxrt1010_flexspi_nor_config.o
 .debug_macro   0x0001c7e7      0x13f ./xip/fsl_flexspi_nor_boot.o
 .debug_macro   0x0001c926       0xca ./xip/fsl_flexspi_nor_boot.o
 .debug_macro   0x0001c9f0       0x10 ./xip/fsl_flexspi_nor_boot.o
 .debug_macro   0x0001ca00      0x136 ./xip/fsl_flexspi_nor_boot.o
 .debug_macro   0x0001cb36       0x7c ./xip/fsl_flexspi_nor_boot.o
 .debug_macro   0x0001cbb2      0x133 ./utilities/fsl_assert.o
 .debug_macro   0x0001cce5       0x1c ./utilities/fsl_assert.o
 .debug_macro   0x0001cd01       0x2e ./utilities/fsl_assert.o
 .debug_macro   0x0001cd2f       0x2e ./utilities/fsl_assert.o
 .debug_macro   0x0001cd5d       0x47 ./utilities/fsl_assert.o
 .debug_macro   0x0001cda4       0x2e ./utilities/fsl_assert.o
 .debug_macro   0x0001cdd2      0x19f ./utilities/fsl_debug_console.o
 .debug_macro   0x0001cf71       0x16 ./utilities/fsl_debug_console.o
 .debug_macro   0x0001cf87       0x10 ./utilities/fsl_debug_console.o
 .debug_macro   0x0001cf97       0x28 ./utilities/fsl_debug_console.o
 .debug_macro   0x0001cfbf       0x50 ./utilities/fsl_debug_console.o
 .debug_macro   0x0001d00f       0x34 ./utilities/fsl_debug_console.o
 .debug_macro   0x0001d043      0x128 ./utilities/fsl_str.o
 .debug_macro   0x0001d16b       0xc4 ./utilities/fsl_str.o
 .debug_macro   0x0001d22f       0x1c ./utilities/fsl_str.o
 .debug_macro   0x0001d24b       0x56 ./utilities/fsl_str.o
 .debug_macro   0x0001d2a1       0x29 ./startup/startup_mimxrt1011.o
 .debug_macro   0x0001d2ca       0x11 ./source/semihost_hardfault.o
 .debug_macro   0x0001d2db      0x1fe ./source/uart_robotic_arm.o
 .debug_macro   0x0001d4d9       0x16 ./source/uart_robotic_arm.o
 .debug_macro   0x0001d4ef      0x7ff ./source/uart_robotic_arm.o
 .debug_macro   0x0001dcee      0x103 ./drivers/fsl_clock.o
 .debug_macro   0x0001ddf1      0x112 ./drivers/fsl_lpuart.o
 .debug_macro   0x0001df03       0x10 ./drivers/fsl_lpuart.o
 .debug_macro   0x0001df13       0xa7 ./device/system_MIMXRT1011.o
 .debug_macro   0x0001dfba      0x10f ./component/uart/lpuart_adapter.o
 .debug_macro   0x0001e0c9       0x2e ./component/uart/lpuart_adapter.o
 .debug_macro   0x0001e0f7      0x146 ./component/serial_manager/serial_manager.o
 .debug_macro   0x0001e23d      0x12e ./component/serial_manager/serial_port_uart.o
 .debug_macro   0x0001e36b      0x15d ./board/board.o
 .debug_macro   0x0001e4c8       0xd0 ./board/board.o
 .debug_macro   0x0001e598      0x115 ./board/clock_config.o
 .debug_macro   0x0001e6ad      0x110 ./board/pin_mux.o

.debug_line     0x00000000     0x7a55
 .debug_line    0x00000000      0x381 ./xip/evkmimxrt1010_flexspi_nor_config.o
 .debug_line    0x00000381      0x3df ./xip/fsl_flexspi_nor_boot.o
 .debug_line    0x00000760      0x463 ./utilities/fsl_assert.o
 .debug_line    0x00000bc3      0x7fd ./utilities/fsl_debug_console.o
 .debug_line    0x000013c0      0xaaa ./utilities/fsl_str.o
 .debug_line    0x00001e6a      0x881 ./startup/startup_mimxrt1011.o
 .debug_line    0x000026eb       0x59 ./source/semihost_hardfault.o
 .debug_line    0x00002744      0xbcb ./source/uart_robotic_arm.o
 .debug_line    0x0000330f      0xb67 ./drivers/fsl_clock.o
 .debug_line    0x00003e76     0x11b0 ./drivers/fsl_lpuart.o
 .debug_line    0x00005026      0x4c9 ./device/system_MIMXRT1011.o
 .debug_line    0x000054ef      0x4f8 ./component/uart/lpuart_adapter.o
 .debug_line    0x000059e7      0x7a7 ./component/serial_manager/serial_manager.o
 .debug_line    0x0000618e      0x56d ./component/serial_manager/serial_port_uart.o
 .debug_line    0x000066fb      0x8a6 ./board/board.o
 .debug_line    0x00006fa1      0x669 ./board/clock_config.o
 .debug_line    0x0000760a      0x44b ./board/pin_mux.o

.debug_str      0x00000000    0xf1760
 .debug_str     0x00000000    0xe5103 ./xip/evkmimxrt1010_flexspi_nor_config.o
                              0xe519a (size before relaxing)
 .debug_str     0x000e5103     0x13c1 ./xip/fsl_flexspi_nor_boot.o
                              0xe587f (size before relaxing)
 .debug_str     0x000e64c4      0x670 ./utilities/fsl_assert.o
                              0xe42e4 (size before relaxing)
 .debug_str     0x000e6b34      0xab1 ./utilities/fsl_debug_console.o
                              0xe5609 (size before relaxing)
 .debug_str     0x000e75e5      0x831 ./utilities/fsl_str.o
                              0xe4725 (size before relaxing)
 .debug_str     0x000e7e16      0x7ea ./startup/startup_mimxrt1011.o
                               0x36f8 (size before relaxing)
 .debug_str     0x000e8600       0x1f ./source/semihost_hardfault.o
                               0x2edc (size before relaxing)
 .debug_str     0x000e861f     0x6c69 ./source/uart_robotic_arm.o
                              0xec2a0 (size before relaxing)
 .debug_str     0x000ef288      0xbe4 ./drivers/fsl_clock.o
                              0xe532b (size before relaxing)
 .debug_str     0x000efe6c      0x821 ./drivers/fsl_lpuart.o
                              0xe6069 (size before relaxing)
 .debug_str     0x000f068d      0x1fe ./device/system_MIMXRT1011.o
                              0xe2d41 (size before relaxing)
 .debug_str     0x000f088b      0x2f9 ./component/uart/lpuart_adapter.o
                              0xe4e10 (size before relaxing)
 .debug_str     0x000f0b84      0x3d6 ./component/serial_manager/serial_manager.o
                              0xe47da (size before relaxing)
 .debug_str     0x000f0f5a       0xed ./component/serial_manager/serial_port_uart.o
                              0xe47bd (size before relaxing)
 .debug_str     0x000f1047      0x460 ./board/board.o
                              0xeaf05 (size before relaxing)
 .debug_str     0x000f14a7      0x284 ./board/clock_config.o
                              0xeac53 (size before relaxing)
 .debug_str     0x000f172b       0x35 ./board/pin_mux.o
                              0xe9565 (size before relaxing)

.comment        0x00000000       0x4c
 .comment       0x00000000       0x4c ./xip/evkmimxrt1010_flexspi_nor_config.o
                                 0x4d (size before relaxing)
 .comment       0x0000004c       0x4d ./xip/fsl_flexspi_nor_boot.o
 .comment       0x0000004c       0x4d ./utilities/fsl_assert.o
 .comment       0x0000004c       0x4d ./utilities/fsl_debug_console.o
 .comment       0x0000004c       0x4d ./utilities/fsl_str.o
 .comment       0x0000004c       0x4d ./startup/startup_mimxrt1011.o
 .comment       0x0000004c       0x4d ./source/semihost_hardfault.o
 .comment       0x0000004c       0x4d ./source/uart_robotic_arm.o
 .comment       0x0000004c       0x4d ./drivers/fsl_clock.o
 .comment       0x0000004c       0x4d ./drivers/fsl_lpuart.o
 .comment       0x0000004c       0x4d ./device/system_MIMXRT1011.o
 .comment       0x0000004c       0x4d ./component/uart/lpuart_adapter.o
 .comment       0x0000004c       0x4d ./component/serial_manager/serial_manager.o
 .comment       0x0000004c       0x4d ./component/serial_manager/serial_port_uart.o
 .comment       0x0000004c       0x4d ./board/board.o
 .comment       0x0000004c       0x4d ./board/clock_config.o
 .comment       0x0000004c       0x4d ./board/pin_mux.o
 .comment       0x0000004c       0x4d c:/nxp/mcuxpressoide_11.3.0_5222/ide/plugins/com.nxp.mcuxpresso.tools.win32_11.3.0.202008311133/tools/bin/../lib/gcc/arm-none-eabi/9.3.1/../../../../arm-none-eabi/lib/thumb/v7e-m+fp/hard\libcr_nohost_nf.a(_cr__main.o)
 .comment       0x0000004c       0x4d c:/nxp/mcuxpressoide_11.3.0_5222/ide/plugins/com.nxp.mcuxpresso.tools.win32_11.3.0.202008311133/tools/bin/../lib/gcc/arm-none-eabi/9.3.1/../../../../arm-none-eabi/lib/thumb/v7e-m+fp/hard\libcr_c.a(memset.o)
 .comment       0x0000004c       0x4d c:/nxp/mcuxpressoide_11.3.0_5222/ide/plugins/com.nxp.mcuxpresso.tools.win32_11.3.0.202008311133/tools/bin/../lib/gcc/arm-none-eabi/9.3.1/../../../../arm-none-eabi/lib/thumb/v7e-m+fp/hard\libcr_c.a(alloc.o)
 .comment       0x0000004c       0x4d c:/nxp/mcuxpressoide_11.3.0_5222/ide/plugins/com.nxp.mcuxpresso.tools.win32_11.3.0.202008311133/tools/bin/../lib/gcc/arm-none-eabi/9.3.1/../../../../arm-none-eabi/lib/thumb/v7e-m+fp/hard\libcr_c.a(initio.o)
 .comment       0x0000004c       0x4d c:/nxp/mcuxpressoide_11.3.0_5222/ide/plugins/com.nxp.mcuxpresso.tools.win32_11.3.0.202008311133/tools/bin/../lib/gcc/arm-none-eabi/9.3.1/../../../../arm-none-eabi/lib/thumb/v7e-m+fp/hard\libcr_c.a(setvbuf.o)
 .comment       0x0000004c       0x4d c:/nxp/mcuxpressoide_11.3.0_5222/ide/plugins/com.nxp.mcuxpresso.tools.win32_11.3.0.202008311133/tools/bin/../lib/gcc/arm-none-eabi/9.3.1/../../../../arm-none-eabi/lib/thumb/v7e-m+fp/hard\libcr_c.a(strlen.o)
 .comment       0x0000004c       0x4d c:/nxp/mcuxpressoide_11.3.0_5222/ide/plugins/com.nxp.mcuxpresso.tools.win32_11.3.0.202008311133/tools/bin/../lib/gcc/arm-none-eabi/9.3.1/../../../../arm-none-eabi/lib/thumb/v7e-m+fp/hard\libcr_c.a(_deferredlazyseek.o)
 .comment       0x0000004c       0x4d c:/nxp/mcuxpressoide_11.3.0_5222/ide/plugins/com.nxp.mcuxpresso.tools.win32_11.3.0.202008311133/tools/bin/../lib/gcc/arm-none-eabi/9.3.1/../../../../arm-none-eabi/lib/thumb/v7e-m+fp/hard\libcr_c.a(_fdopen.o)
 .comment       0x0000004c       0x4d c:/nxp/mcuxpressoide_11.3.0_5222/ide/plugins/com.nxp.mcuxpresso.tools.win32_11.3.0.202008311133/tools/bin/../lib/gcc/arm-none-eabi/9.3.1/../../../../arm-none-eabi/lib/thumb/v7e-m+fp/hard\libcr_c.a(_fflush.o)
 .comment       0x0000004c       0x4d c:/nxp/mcuxpressoide_11.3.0_5222/ide/plugins/com.nxp.mcuxpresso.tools.win32_11.3.0.202008311133/tools/bin/../lib/gcc/arm-none-eabi/9.3.1/../../../../arm-none-eabi/lib/thumb/v7e-m+fp/hard\libcr_c.a(_writebuf.o)
 .comment       0x0000004c       0x4d c:/nxp/mcuxpressoide_11.3.0_5222/ide/plugins/com.nxp.mcuxpresso.tools.win32_11.3.0.202008311133/tools/bin/../lib/gcc/arm-none-eabi/9.3.1/../../../../arm-none-eabi/lib/thumb/v7e-m+fp/hard\libcr_c.a(errno.o)
 .comment       0x0000004c       0x4d c:/nxp/mcuxpressoide_11.3.0_5222/ide/plugins/com.nxp.mcuxpresso.tools.win32_11.3.0.202008311133/tools/bin/../lib/gcc/arm-none-eabi/9.3.1/../../../../arm-none-eabi/lib/thumb/v7e-m+fp/hard\libcr_c.a(fclose.o)
 .comment       0x0000004c       0x4d c:/nxp/mcuxpressoide_11.3.0_5222/ide/plugins/com.nxp.mcuxpresso.tools.win32_11.3.0.202008311133/tools/bin/../lib/gcc/arm-none-eabi/9.3.1/../../../../arm-none-eabi/lib/thumb/v7e-m+fp/hard\libcr_c.a(fflush.o)
 .comment       0x0000004c       0x4d c:/nxp/mcuxpressoide_11.3.0_5222/ide/plugins/com.nxp.mcuxpresso.tools.win32_11.3.0.202008311133/tools/bin/../lib/gcc/arm-none-eabi/9.3.1/../../../../arm-none-eabi/lib/thumb/v7e-m+fp/hard\libcr_c.a(fseek.o)
 .comment       0x0000004c       0x4d c:/nxp/mcuxpressoide_11.3.0_5222/ide/plugins/com.nxp.mcuxpresso.tools.win32_11.3.0.202008311133/tools/bin/../lib/gcc/arm-none-eabi/9.3.1/../../../../arm-none-eabi/lib/thumb/v7e-m+fp/hard\libcr_c.a(ftell.o)
 .comment       0x0000004c       0x4d c:/nxp/mcuxpressoide_11.3.0_5222/ide/plugins/com.nxp.mcuxpresso.tools.win32_11.3.0.202008311133/tools/bin/../lib/gcc/arm-none-eabi/9.3.1/../../../../arm-none-eabi/lib/thumb/v7e-m+fp/hard\libcr_c.a(remove.o)
 .comment       0x0000004c       0x4d c:/nxp/mcuxpressoide_11.3.0_5222/ide/plugins/com.nxp.mcuxpresso.tools.win32_11.3.0.202008311133/tools/bin/../lib/gcc/arm-none-eabi/9.3.1/../../../../arm-none-eabi/lib/thumb/v7e-m+fp/hard\libcr_c.a(_do_fflush.o)
 .comment       0x0000004c       0x4d c:/nxp/mcuxpressoide_11.3.0_5222/ide/plugins/com.nxp.mcuxpresso.tools.win32_11.3.0.202008311133/tools/bin/../lib/gcc/arm-none-eabi/9.3.1/../../../../arm-none-eabi/lib/thumb/v7e-m+fp/hard\libcr_nohost_nf.a(__ciob.o)
 .comment       0x0000004c       0x4d c:/nxp/mcuxpressoide_11.3.0_5222/ide/plugins/com.nxp.mcuxpresso.tools.win32_11.3.0.202008311133/tools/bin/../lib/gcc/arm-none-eabi/9.3.1/../../../../arm-none-eabi/lib/thumb/v7e-m+fp/hard\libcr_nohost_nf.a(__sys_close.o)
 .comment       0x0000004c       0x4d c:/nxp/mcuxpressoide_11.3.0_5222/ide/plugins/com.nxp.mcuxpresso.tools.win32_11.3.0.202008311133/tools/bin/../lib/gcc/arm-none-eabi/9.3.1/../../../../arm-none-eabi/lib/thumb/v7e-m+fp/hard\libcr_nohost_nf.a(__sys_flen.o)
 .comment       0x0000004c       0x4d c:/nxp/mcuxpressoide_11.3.0_5222/ide/plugins/com.nxp.mcuxpresso.tools.win32_11.3.0.202008311133/tools/bin/../lib/gcc/arm-none-eabi/9.3.1/../../../../arm-none-eabi/lib/thumb/v7e-m+fp/hard\libcr_nohost_nf.a(__sys_istty.o)
 .comment       0x0000004c       0x4d c:/nxp/mcuxpressoide_11.3.0_5222/ide/plugins/com.nxp.mcuxpresso.tools.win32_11.3.0.202008311133/tools/bin/../lib/gcc/arm-none-eabi/9.3.1/../../../../arm-none-eabi/lib/thumb/v7e-m+fp/hard\libcr_nohost_nf.a(__sys_remove.o)
 .comment       0x0000004c       0x4d c:/nxp/mcuxpressoide_11.3.0_5222/ide/plugins/com.nxp.mcuxpresso.tools.win32_11.3.0.202008311133/tools/bin/../lib/gcc/arm-none-eabi/9.3.1/../../../../arm-none-eabi/lib/thumb/v7e-m+fp/hard\libcr_nohost_nf.a(__sys_seek.o)
 .comment       0x0000004c       0x4d c:/nxp/mcuxpressoide_11.3.0_5222/ide/plugins/com.nxp.mcuxpresso.tools.win32_11.3.0.202008311133/tools/bin/../lib/gcc/arm-none-eabi/9.3.1/../../../../arm-none-eabi/lib/thumb/v7e-m+fp/hard\libcr_nohost_nf.a(__sys_tmpnam.o)
 .comment       0x0000004c       0x4d c:/nxp/mcuxpressoide_11.3.0_5222/ide/plugins/com.nxp.mcuxpresso.tools.win32_11.3.0.202008311133/tools/bin/../lib/gcc/arm-none-eabi/9.3.1/../../../../arm-none-eabi/lib/thumb/v7e-m+fp/hard\libcr_nohost_nf.a(__sys_write.o)

.ARM.attributes
                0x00000000       0x37
 .ARM.attributes
                0x00000000       0x39 ./xip/evkmimxrt1010_flexspi_nor_config.o
 .ARM.attributes
                0x00000039       0x39 ./xip/fsl_flexspi_nor_boot.o
 .ARM.attributes
                0x00000072       0x34 ./utilities/fsl_assert.o
 .ARM.attributes
                0x000000a6       0x34 ./utilities/fsl_debug_console.o
 .ARM.attributes
                0x000000da       0x34 ./utilities/fsl_str.o
 .ARM.attributes
                0x0000010e       0x34 ./startup/startup_mimxrt1011.o
 .ARM.attributes
                0x00000142       0x34 ./source/semihost_hardfault.o
 .ARM.attributes
                0x00000176       0x34 ./source/uart_robotic_arm.o
 .ARM.attributes
                0x000001aa       0x34 ./drivers/fsl_clock.o
 .ARM.attributes
                0x000001de       0x34 ./drivers/fsl_lpuart.o
 .ARM.attributes
                0x00000212       0x34 ./device/system_MIMXRT1011.o
 .ARM.attributes
                0x00000246       0x34 ./component/uart/lpuart_adapter.o
 .ARM.attributes
                0x0000027a       0x34 ./component/serial_manager/serial_manager.o
 .ARM.attributes
                0x000002ae       0x34 ./component/serial_manager/serial_port_uart.o
 .ARM.attributes
                0x000002e2       0x34 ./board/board.o
 .ARM.attributes
                0x00000316       0x34 ./board/clock_config.o
 .ARM.attributes
                0x0000034a       0x34 ./board/pin_mux.o
 .ARM.attributes
                0x0000037e       0x34 c:/nxp/mcuxpressoide_11.3.0_5222/ide/plugins/com.nxp.mcuxpresso.tools.win32_11.3.0.202008311133/tools/bin/../lib/gcc/arm-none-eabi/9.3.1/../../../../arm-none-eabi/lib/thumb/v7e-m+fp/hard\libcr_nohost_nf.a(_cr__main.o)
 .ARM.attributes
                0x000003b2       0x34 c:/nxp/mcuxpressoide_11.3.0_5222/ide/plugins/com.nxp.mcuxpresso.tools.win32_11.3.0.202008311133/tools/bin/../lib/gcc/arm-none-eabi/9.3.1/../../../../arm-none-eabi/lib/thumb/v7e-m+fp/hard\libcr_c.a(memset.o)
 .ARM.attributes
                0x000003e6       0x34 c:/nxp/mcuxpressoide_11.3.0_5222/ide/plugins/com.nxp.mcuxpresso.tools.win32_11.3.0.202008311133/tools/bin/../lib/gcc/arm-none-eabi/9.3.1/../../../../arm-none-eabi/lib/thumb/v7e-m+fp/hard\libcr_c.a(alloc.o)
 .ARM.attributes
                0x0000041a       0x34 c:/nxp/mcuxpressoide_11.3.0_5222/ide/plugins/com.nxp.mcuxpresso.tools.win32_11.3.0.202008311133/tools/bin/../lib/gcc/arm-none-eabi/9.3.1/../../../../arm-none-eabi/lib/thumb/v7e-m+fp/hard\libcr_c.a(initio.o)
 .ARM.attributes
                0x0000044e       0x34 c:/nxp/mcuxpressoide_11.3.0_5222/ide/plugins/com.nxp.mcuxpresso.tools.win32_11.3.0.202008311133/tools/bin/../lib/gcc/arm-none-eabi/9.3.1/../../../../arm-none-eabi/lib/thumb/v7e-m+fp/hard\libcr_c.a(setvbuf.o)
 .ARM.attributes
                0x00000482       0x34 c:/nxp/mcuxpressoide_11.3.0_5222/ide/plugins/com.nxp.mcuxpresso.tools.win32_11.3.0.202008311133/tools/bin/../lib/gcc/arm-none-eabi/9.3.1/../../../../arm-none-eabi/lib/thumb/v7e-m+fp/hard\libcr_c.a(strlen.o)
 .ARM.attributes
                0x000004b6       0x34 c:/nxp/mcuxpressoide_11.3.0_5222/ide/plugins/com.nxp.mcuxpresso.tools.win32_11.3.0.202008311133/tools/bin/../lib/gcc/arm-none-eabi/9.3.1/../../../../arm-none-eabi/lib/thumb/v7e-m+fp/hard\libcr_c.a(_deferredlazyseek.o)
 .ARM.attributes
                0x000004ea       0x34 c:/nxp/mcuxpressoide_11.3.0_5222/ide/plugins/com.nxp.mcuxpresso.tools.win32_11.3.0.202008311133/tools/bin/../lib/gcc/arm-none-eabi/9.3.1/../../../../arm-none-eabi/lib/thumb/v7e-m+fp/hard\libcr_c.a(_fdopen.o)
 .ARM.attributes
                0x0000051e       0x34 c:/nxp/mcuxpressoide_11.3.0_5222/ide/plugins/com.nxp.mcuxpresso.tools.win32_11.3.0.202008311133/tools/bin/../lib/gcc/arm-none-eabi/9.3.1/../../../../arm-none-eabi/lib/thumb/v7e-m+fp/hard\libcr_c.a(_fflush.o)
 .ARM.attributes
                0x00000552       0x34 c:/nxp/mcuxpressoide_11.3.0_5222/ide/plugins/com.nxp.mcuxpresso.tools.win32_11.3.0.202008311133/tools/bin/../lib/gcc/arm-none-eabi/9.3.1/../../../../arm-none-eabi/lib/thumb/v7e-m+fp/hard\libcr_c.a(_writebuf.o)
 .ARM.attributes
                0x00000586       0x39 c:/nxp/mcuxpressoide_11.3.0_5222/ide/plugins/com.nxp.mcuxpresso.tools.win32_11.3.0.202008311133/tools/bin/../lib/gcc/arm-none-eabi/9.3.1/../../../../arm-none-eabi/lib/thumb/v7e-m+fp/hard\libcr_c.a(errno.o)
 .ARM.attributes
                0x000005bf       0x34 c:/nxp/mcuxpressoide_11.3.0_5222/ide/plugins/com.nxp.mcuxpresso.tools.win32_11.3.0.202008311133/tools/bin/../lib/gcc/arm-none-eabi/9.3.1/../../../../arm-none-eabi/lib/thumb/v7e-m+fp/hard\libcr_c.a(fclose.o)
 .ARM.attributes
                0x000005f3       0x34 c:/nxp/mcuxpressoide_11.3.0_5222/ide/plugins/com.nxp.mcuxpresso.tools.win32_11.3.0.202008311133/tools/bin/../lib/gcc/arm-none-eabi/9.3.1/../../../../arm-none-eabi/lib/thumb/v7e-m+fp/hard\libcr_c.a(fflush.o)
 .ARM.attributes
                0x00000627       0x34 c:/nxp/mcuxpressoide_11.3.0_5222/ide/plugins/com.nxp.mcuxpresso.tools.win32_11.3.0.202008311133/tools/bin/../lib/gcc/arm-none-eabi/9.3.1/../../../../arm-none-eabi/lib/thumb/v7e-m+fp/hard\libcr_c.a(fseek.o)
 .ARM.attributes
                0x0000065b       0x34 c:/nxp/mcuxpressoide_11.3.0_5222/ide/plugins/com.nxp.mcuxpresso.tools.win32_11.3.0.202008311133/tools/bin/../lib/gcc/arm-none-eabi/9.3.1/../../../../arm-none-eabi/lib/thumb/v7e-m+fp/hard\libcr_c.a(ftell.o)
 .ARM.attributes
                0x0000068f       0x34 c:/nxp/mcuxpressoide_11.3.0_5222/ide/plugins/com.nxp.mcuxpresso.tools.win32_11.3.0.202008311133/tools/bin/../lib/gcc/arm-none-eabi/9.3.1/../../../../arm-none-eabi/lib/thumb/v7e-m+fp/hard\libcr_c.a(remove.o)
 .ARM.attributes
                0x000006c3       0x34 c:/nxp/mcuxpressoide_11.3.0_5222/ide/plugins/com.nxp.mcuxpresso.tools.win32_11.3.0.202008311133/tools/bin/../lib/gcc/arm-none-eabi/9.3.1/../../../../arm-none-eabi/lib/thumb/v7e-m+fp/hard\libcr_c.a(_do_fflush.o)
 .ARM.attributes
                0x000006f7       0x20 c:/nxp/mcuxpressoide_11.3.0_5222/ide/plugins/com.nxp.mcuxpresso.tools.win32_11.3.0.202008311133/tools/bin/../lib/gcc/arm-none-eabi/9.3.1/thumb/v7e-m+fp/hard\libcr_eabihelpers.a(division_64.o)
 .ARM.attributes
                0x00000717       0x20 c:/nxp/mcuxpressoide_11.3.0_5222/ide/plugins/com.nxp.mcuxpresso.tools.win32_11.3.0.202008311133/tools/bin/../lib/gcc/arm-none-eabi/9.3.1/thumb/v7e-m+fp/hard\libcr_eabihelpers.a(division_idiv0.o)
 .ARM.attributes
                0x00000737       0x20 c:/nxp/mcuxpressoide_11.3.0_5222/ide/plugins/com.nxp.mcuxpresso.tools.win32_11.3.0.202008311133/tools/bin/../lib/gcc/arm-none-eabi/9.3.1/thumb/v7e-m+fp/hard\libcr_eabihelpers.a(memcpy.o)
 .ARM.attributes
                0x00000757       0x39 c:/nxp/mcuxpressoide_11.3.0_5222/ide/plugins/com.nxp.mcuxpresso.tools.win32_11.3.0.202008311133/tools/bin/../lib/gcc/arm-none-eabi/9.3.1/../../../../arm-none-eabi/lib/thumb/v7e-m+fp/hard\libcr_nohost_nf.a(__ciob.o)
 .ARM.attributes
                0x00000790       0x34 c:/nxp/mcuxpressoide_11.3.0_5222/ide/plugins/com.nxp.mcuxpresso.tools.win32_11.3.0.202008311133/tools/bin/../lib/gcc/arm-none-eabi/9.3.1/../../../../arm-none-eabi/lib/thumb/v7e-m+fp/hard\libcr_nohost_nf.a(__sys_close.o)
 .ARM.attributes
                0x000007c4       0x34 c:/nxp/mcuxpressoide_11.3.0_5222/ide/plugins/com.nxp.mcuxpresso.tools.win32_11.3.0.202008311133/tools/bin/../lib/gcc/arm-none-eabi/9.3.1/../../../../arm-none-eabi/lib/thumb/v7e-m+fp/hard\libcr_nohost_nf.a(__sys_flen.o)
 .ARM.attributes
                0x000007f8       0x34 c:/nxp/mcuxpressoide_11.3.0_5222/ide/plugins/com.nxp.mcuxpresso.tools.win32_11.3.0.202008311133/tools/bin/../lib/gcc/arm-none-eabi/9.3.1/../../../../arm-none-eabi/lib/thumb/v7e-m+fp/hard\libcr_nohost_nf.a(__sys_istty.o)
 .ARM.attributes
                0x0000082c       0x34 c:/nxp/mcuxpressoide_11.3.0_5222/ide/plugins/com.nxp.mcuxpresso.tools.win32_11.3.0.202008311133/tools/bin/../lib/gcc/arm-none-eabi/9.3.1/../../../../arm-none-eabi/lib/thumb/v7e-m+fp/hard\libcr_nohost_nf.a(__sys_remove.o)
 .ARM.attributes
                0x00000860       0x34 c:/nxp/mcuxpressoide_11.3.0_5222/ide/plugins/com.nxp.mcuxpresso.tools.win32_11.3.0.202008311133/tools/bin/../lib/gcc/arm-none-eabi/9.3.1/../../../../arm-none-eabi/lib/thumb/v7e-m+fp/hard\libcr_nohost_nf.a(__sys_seek.o)
 .ARM.attributes
                0x00000894       0x34 c:/nxp/mcuxpressoide_11.3.0_5222/ide/plugins/com.nxp.mcuxpresso.tools.win32_11.3.0.202008311133/tools/bin/../lib/gcc/arm-none-eabi/9.3.1/../../../../arm-none-eabi/lib/thumb/v7e-m+fp/hard\libcr_nohost_nf.a(__sys_tmpnam.o)
 .ARM.attributes
                0x000008c8       0x34 c:/nxp/mcuxpressoide_11.3.0_5222/ide/plugins/com.nxp.mcuxpresso.tools.win32_11.3.0.202008311133/tools/bin/../lib/gcc/arm-none-eabi/9.3.1/../../../../arm-none-eabi/lib/thumb/v7e-m+fp/hard\libcr_nohost_nf.a(__sys_write.o)

.debug_ranges   0x00000000      0x918
 .debug_ranges  0x00000000       0x10 ./utilities/fsl_assert.o
 .debug_ranges  0x00000010       0x78 ./utilities/fsl_debug_console.o
 .debug_ranges  0x00000088       0xa0 ./utilities/fsl_str.o
 .debug_ranges  0x00000128      0x2f0 ./startup/startup_mimxrt1011.o
 .debug_ranges  0x00000418       0x10 ./source/semihost_hardfault.o
 .debug_ranges  0x00000428       0xa8 ./source/uart_robotic_arm.o
 .debug_ranges  0x000004d0      0x110 ./drivers/fsl_clock.o
 .debug_ranges  0x000005e0      0x130 ./drivers/fsl_lpuart.o
 .debug_ranges  0x00000710       0x20 ./device/system_MIMXRT1011.o
 .debug_ranges  0x00000730       0x40 ./component/uart/lpuart_adapter.o
 .debug_ranges  0x00000770       0x88 ./component/serial_manager/serial_manager.o
 .debug_ranges  0x000007f8       0x38 ./component/serial_manager/serial_port_uart.o
 .debug_ranges  0x00000830       0x50 ./board/board.o
 .debug_ranges  0x00000880       0x60 ./board/clock_config.o
 .debug_ranges  0x000008e0       0x38 ./board/pin_mux.o

.debug_frame    0x00000000     0x23bc
 .debug_frame   0x00000000       0x30 ./utilities/fsl_assert.o
 .debug_frame   0x00000030      0x244 ./utilities/fsl_debug_console.o
 .debug_frame   0x00000274      0x304 ./utilities/fsl_str.o
 .debug_frame   0x00000578      0x874 ./startup/startup_mimxrt1011.o
 .debug_frame   0x00000dec       0x20 ./source/semihost_hardfault.o
 .debug_frame   0x00000e0c      0x2fc ./source/uart_robotic_arm.o
 .debug_frame   0x00001108      0x4b0 ./drivers/fsl_clock.o
 .debug_frame   0x000015b8      0x54c ./drivers/fsl_lpuart.o
 .debug_frame   0x00001b04       0x7c ./device/system_MIMXRT1011.o
 .debug_frame   0x00001b80      0x114 ./component/uart/lpuart_adapter.o
 .debug_frame   0x00001c94      0x258 ./component/serial_manager/serial_manager.o
 .debug_frame   0x00001eec       0xe8 ./component/serial_manager/serial_port_uart.o
 .debug_frame   0x00001fd4      0x160 ./board/board.o
 .debug_frame   0x00002134      0x1a0 ./board/clock_config.o
 .debug_frame   0x000022d4       0xe8 ./board/pin_mux.o

Cross Reference Table

Symbol                                            File
ADC1_DriverIRQHandler                             ./startup/startup_mimxrt1011.o
ADC1_IRQHandler                                   ./startup/startup_mimxrt1011.o
ADC_ETC_ERROR_IRQ_DriverIRQHandler                ./startup/startup_mimxrt1011.o
ADC_ETC_ERROR_IRQ_IRQHandler                      ./startup/startup_mimxrt1011.o
ADC_ETC_IRQ0_DriverIRQHandler                     ./startup/startup_mimxrt1011.o
ADC_ETC_IRQ0_IRQHandler                           ./startup/startup_mimxrt1011.o
ADC_ETC_IRQ1_DriverIRQHandler                     ./startup/startup_mimxrt1011.o
ADC_ETC_IRQ1_IRQHandler                           ./startup/startup_mimxrt1011.o
ADC_ETC_IRQ2_DriverIRQHandler                     ./startup/startup_mimxrt1011.o
ADC_ETC_IRQ2_IRQHandler                           ./startup/startup_mimxrt1011.o
ADC_ETC_IRQ3_DriverIRQHandler                     ./startup/startup_mimxrt1011.o
ADC_ETC_IRQ3_IRQHandler                           ./startup/startup_mimxrt1011.o
BOARD_BootClockRUN                                ./board/clock_config.o
                                                  ./source/uart_robotic_arm.o
BOARD_ConfigMPU                                   ./board/board.o
                                                  ./source/uart_robotic_arm.o
BOARD_DebugConsoleSrcFreq                         ./board/board.o
                                                  ./source/uart_robotic_arm.o
BOARD_InitBootClocks                              ./board/clock_config.o
BOARD_InitBootPins                                ./board/pin_mux.o
BOARD_InitDebugConsole                            ./board/board.o
BOARD_InitPins                                    ./board/pin_mux.o
                                                  ./source/uart_robotic_arm.o
BOARD_InitPins_UART4                              ./source/uart_robotic_arm.o
BusFault_Handler                                  ./startup/startup_mimxrt1011.o
CCM_1_DriverIRQHandler                            ./startup/startup_mimxrt1011.o
CCM_1_IRQHandler                                  ./startup/startup_mimxrt1011.o
CCM_2_DriverIRQHandler                            ./startup/startup_mimxrt1011.o
CCM_2_IRQHandler                                  ./startup/startup_mimxrt1011.o
CLOCK_DeinitAudioPll                              ./drivers/fsl_clock.o
                                                  ./board/clock_config.o
CLOCK_DeinitEnetPll                               ./drivers/fsl_clock.o
CLOCK_DeinitExternalClk                           ./drivers/fsl_clock.o
CLOCK_DeinitRcOsc24M                              ./drivers/fsl_clock.o
CLOCK_DeinitSysPfd                                ./drivers/fsl_clock.o
CLOCK_DeinitSysPll                                ./drivers/fsl_clock.o
CLOCK_DeinitUsb1Pfd                               ./drivers/fsl_clock.o