core_cm7.h:1902:22:__NVIC_EnableIRQ	16	static
fsl_clock.h:782:20:CLOCK_ControlGate	32	static
fsl_clock.h:799:20:CLOCK_EnableClock	16	static
fsl_common.h:484:28:EnableIRQ	16	static
fsl_lpuart.h:592:20:LPUART_WriteByte	16	static
fsl_lpuart.h:606:23:LPUART_ReadByte	32	static
fsl_iomuxc.h:443:20:IOMUXC_SetPinMux	24	static
fsl_iomuxc.h:475:20:IOMUXC_SetPinConfig	24	static
uart_robotic_arm.c:97:6:add_on_LPUART_Write_StringNonBlocking	24	static
uart_robotic_arm.c:104:6:LPUART1_IRQHandler	16	static
uart_robotic_arm.c:129:6:BOARD_InitPins_UART4	16	static
uart_robotic_arm.c:149:6:initSeq_ARM	32	static
uart_robotic_arm.c:179:22:mapper_for_ARM	152	static
uart_robotic_arm.c:371:6:convert_pos_toString	40	static
uart_robotic_arm.c:403:6:save_sequence_dataStore	32	static
uart_robotic_arm.c:412:6:send_info_seq	48	static
uart_robotic_arm.c:441:6:error_management	24	static
uart_robotic_arm.c:472:9:consumer_fn	32	static
uart_robotic_arm.c:511:9:control_arm_AL5D	16	static
uart_robotic_arm.c:524:5:main	32	static
